Component: ARM Compiler 5.06 update 6 (build 750) Tool: armlink [4d35ed]

==============================================================================

Section Cross References

    main.o(i.main) refers to led.o(i.LED_Init) for LED_Init
    main.o(i.main) refers to delay.o(i.Delay_Init) for Delay_Init
    main.o(i.main) refers to usart.o(i.Usart_Config) for Usart_Config
    main.o(i.main) refers to key.o(i.KEY_Init) for KEY_Init
    main.o(i.main) refers to motordrive.o(i.GPIO_Configuration) for GPIO_Configuration
    main.o(i.main) refers to motordrive.o(i.TIM8_PWM_Init) for TIM8_PWM_Init
    main.o(i.main) refers to encoder.o(i.Encoder_Init_TIM2) for Encoder_Init_TIM2
    main.o(i.main) refers to encoder.o(i.Encoder_Init_TIM3) for Encoder_Init_TIM3
    main.o(i.main) refers to encoder.o(i.Encoder_Init_TIM4) for Encoder_Init_TIM4
    main.o(i.main) refers to encoder.o(i.Encoder_Init_TIM5) for Encoder_Init_TIM5
    main.o(i.main) refers to rece.o(i.RC_Init) for RC_Init
    main.o(i.main) refers to imu.o(i.IMU_Init) for IMU_Init
    main.o(i.main) refers to laser.o(i.uart4_init) for uart4_init
    main.o(i.main) refers to rece.o(i.NVIC_Configuration) for NVIC_Configuration
    main.o(i.main) refers to delay.o(i.Delay_ms) for Delay_ms
    main.o(i.main) refers to timer.o(i.TIM6_Int_Init) for TIM6_Int_Init
    main.o(i.main) refers to fadd.o(.text) for __aeabi_fadd
    main.o(i.main) refers to ffixi.o(.text) for __aeabi_f2iz
    main.o(i.main) refers to printf1.o(i.__0printf$1) for __2printf
    main.o(i.main) refers to pid_cal_tim6.o(.data) for angle_rate
    main.o(i.main) refers to imu.o(.data) for angle_z
    main.o(i.main) refers to laser.o(.data) for dis_4
    stm32f10x_it.o(i.SysTick_Handler) refers to delay.o(i.TimingDelay_Decrement) for TimingDelay_Decrement
    delay.o(i.Delay_Init) refers to system_stm32f10x.o(.data) for SystemCoreClock
    delay.o(i.Delay_ms) refers to delay.o(.data) for TimingDelay
    delay.o(i.TimingDelay_Decrement) refers to delay.o(.data) for TimingDelay
    key.o(i.KEY_Init) refers to stm32f10x_rcc.o(i.RCC_APB2PeriphClockCmd) for RCC_APB2PeriphClockCmd
    key.o(i.KEY_Init) refers to stm32f10x_gpio.o(i.GPIO_Init) for GPIO_Init
    key.o(i.KEY_Scan) refers to stm32f10x_gpio.o(i.GPIO_ReadInputDataBit) for GPIO_ReadInputDataBit
    key.o(i.KEY_Scan) refers to delay.o(i.Delay_ms) for Delay_ms
    led.o(i.LED_Init) refers to stm32f10x_rcc.o(i.RCC_APB2PeriphClockCmd) for RCC_APB2PeriphClockCmd
    led.o(i.LED_Init) refers to stm32f10x_gpio.o(i.GPIO_Init) for GPIO_Init
    led.o(i.LED_Init) refers to stm32f10x_gpio.o(i.GPIO_ResetBits) for GPIO_ResetBits
    usart.o(i.USART_GPIO_Config) refers to stm32f10x_rcc.o(i.RCC_APB2PeriphClockCmd) for RCC_APB2PeriphClockCmd
    usart.o(i.USART_GPIO_Config) refers to stm32f10x_gpio.o(i.GPIO_Init) for GPIO_Init
    usart.o(i.Usart_Config) refers to stm32f10x_rcc.o(i.RCC_APB2PeriphClockCmd) for RCC_APB2PeriphClockCmd
    usart.o(i.Usart_Config) refers to usart.o(i.USART_GPIO_Config) for USART_GPIO_Config
    usart.o(i.Usart_Config) refers to stm32f10x_usart.o(i.USART_Init) for USART_Init
    usart.o(i.Usart_Config) refers to stm32f10x_usart.o(i.USART_Cmd) for USART_Cmd
    usart.o(i.fputc) refers to stm32f10x_usart.o(i.USART_SendData) for USART_SendData
    usart.o(i.fputc) refers to stm32f10x_usart.o(i.USART_GetFlagStatus) for USART_GetFlagStatus
    encoder.o(i.Encoder_Init_TIM2) refers to stm32f10x_rcc.o(i.RCC_APB1PeriphClockCmd) for RCC_APB1PeriphClockCmd
    encoder.o(i.Encoder_Init_TIM2) refers to stm32f10x_rcc.o(i.RCC_APB2PeriphClockCmd) for RCC_APB2PeriphClockCmd
    encoder.o(i.Encoder_Init_TIM2) refers to stm32f10x_gpio.o(i.GPIO_PinRemapConfig) for GPIO_PinRemapConfig
    encoder.o(i.Encoder_Init_TIM2) refers to stm32f10x_gpio.o(i.GPIO_Init) for GPIO_Init
    encoder.o(i.Encoder_Init_TIM2) refers to stm32f10x_tim.o(i.TIM_TimeBaseStructInit) for TIM_TimeBaseStructInit
    encoder.o(i.Encoder_Init_TIM2) refers to stm32f10x_tim.o(i.TIM_TimeBaseInit) for TIM_TimeBaseInit
    encoder.o(i.Encoder_Init_TIM2) refers to stm32f10x_tim.o(i.TIM_EncoderInterfaceConfig) for TIM_EncoderInterfaceConfig
    encoder.o(i.Encoder_Init_TIM2) refers to stm32f10x_tim.o(i.TIM_ICStructInit) for TIM_ICStructInit
    encoder.o(i.Encoder_Init_TIM2) refers to stm32f10x_tim.o(i.TIM_ICInit) for TIM_ICInit
    encoder.o(i.Encoder_Init_TIM2) refers to stm32f10x_tim.o(i.TIM_ClearFlag) for TIM_ClearFlag
    encoder.o(i.Encoder_Init_TIM2) refers to stm32f10x_tim.o(i.TIM_ITConfig) for TIM_ITConfig
    encoder.o(i.Encoder_Init_TIM2) refers to stm32f10x_tim.o(i.TIM_SetCounter) for TIM_SetCounter
    encoder.o(i.Encoder_Init_TIM2) refers to stm32f10x_tim.o(i.TIM_Cmd) for TIM_Cmd
    encoder.o(i.Encoder_Init_TIM3) refers to stm32f10x_rcc.o(i.RCC_APB1PeriphClockCmd) for RCC_APB1PeriphClockCmd
    encoder.o(i.Encoder_Init_TIM3) refers to stm32f10x_rcc.o(i.RCC_APB2PeriphClockCmd) for RCC_APB2PeriphClockCmd
[...]
    ../fplib/microlib/fpscalb.c              0x00000000   Number         0  dscalb.o ABSOLUTE
    ../mathlib/cos.c                         0x00000000   Number         0  cos_x.o ABSOLUTE
    ../mathlib/cos.c                         0x00000000   Number         0  cos.o ABSOLUTE
    ../mathlib/cos_i.c                       0x00000000   Number         0  cos_i.o ABSOLUTE
    ../mathlib/dunder.c                      0x00000000   Number         0  dunder.o ABSOLUTE
    ../mathlib/fpclassify.c                  0x00000000   Number         0  fpclassify.o ABSOLUTE
    ../mathlib/poly.c                        0x00000000   Number         0  poly.o ABSOLUTE
    ../mathlib/rred.c                        0x00000000   Number         0  rred.o ABSOLUTE
    ../mathlib/sin.c                         0x00000000   Number         0  sin_x.o ABSOLUTE
    ../mathlib/sin.c                         0x00000000   Number         0  sin.o ABSOLUTE
    ../mathlib/sin_i.c                       0x00000000   Number         0  sin_i_x.o ABSOLUTE
    ../mathlib/sin_i.c                       0x00000000   Number         0  sin_i.o ABSOLUTE
    ..\Drive\Source\FuzzyPID.c               0x00000000   Number         0  fuzzypid.o ABSOLUTE
    ..\Drive\Source\IMU.c                    0x00000000   Number         0  imu.o ABSOLUTE
    ..\Drive\Source\Laser.c                  0x00000000   Number         0  laser.o ABSOLUTE
    ..\Drive\Source\MotorDrive.c             0x00000000   Number         0  motordrive.o ABSOLUTE
    ..\Drive\Source\Movement.c               0x00000000   Number         0  movement.o ABSOLUTE
    ..\Drive\Source\PID_cal_tim6.c           0x00000000   Number         0  pid_cal_tim6.o ABSOLUTE
    ..\Drive\Source\Rece.c                   0x00000000   Number         0  rece.o ABSOLUTE
    ..\Drive\Source\Timer.c                  0x00000000   Number         0  timer.o ABSOLUTE
    ..\Drive\Source\delay.c                  0x00000000   Number         0  delay.o ABSOLUTE
    ..\Drive\Source\encoder.c                0x00000000   Number         0  encoder.o ABSOLUTE
    ..\Drive\Source\key.c                    0x00000000   Number         0  key.o ABSOLUTE
    ..\Drive\Source\led.c                    0x00000000   Number         0  led.o ABSOLUTE
    ..\Drive\Source\usart.c                  0x00000000   Number         0  usart.o ABSOLUTE
    ..\MY\main.c                             0x00000000   Number         0  main.o ABSOLUTE
    ..\MY\stm32f10x_it.c                     0x00000000   Number         0  stm32f10x_it.o ABSOLUTE
    ..\STM32\CMSIS\CM3\DeviceSupport\ST\STM32F10x\startup\arm\startup_stm32f10x_hd.s 0x00000000   Number         0  startup_stm32f10x_hd.o ABSOLUTE
    ..\STM32\CMSIS\CM3\DeviceSupport\ST\STM32F10x\system_stm32f10x.c 0x00000000   Number         0  system_stm32f10x.o ABSOLUTE
    ..\STM32\STM32F10x_StdPeriph_Driver\src\misc.c 0x00000000   Number         0  misc.o ABSOLUTE
    ..\STM32\STM32F10x_StdPeriph_Driver\src\stm32f10x_adc.c 0x00000000   Number         0  stm32f10x_adc.o ABSOLUTE
    ..\STM32\STM32F10x_StdPeriph_Driver\src\stm32f10x_bkp.c 0x00000000   Number         0  stm32f10x_bkp.o ABSOLUTE
    ..\STM32\STM32F10x_StdPeriph_Driver\src\stm32f10x_can.c 0x00000000   Number         0  stm32f10x_can.o ABSOLUTE
    ..\STM32\STM32F10x_StdPeriph_Driver\src\stm32f10x_cec.c 0x00000000   Number         0  stm32f10x_cec.o ABSOLUTE
    ..\STM32\STM32F10x_StdPeriph_Driver\src\stm32f10x_crc.c 0x00000000   Number         0  stm32f10x_crc.o ABSOLUTE
    ..\STM32\STM32F10x_StdPeriph_Driver\src\stm32f10x_dac.c 0x00000000   Number         0  stm32f10x_dac.o ABSOLUTE
    ..\STM32\STM32F10x_StdPeriph_Driver\src\stm32f10x_dbgmcu.c 0x00000000   Number         0  stm32f10x_dbgmcu.o ABSOLUTE
    ..\STM32\STM32F10x_StdPeriph_Driver\src\stm32f10x_dma.c 0x00000000   Number         0  stm32f10x_dma.o ABSOLUTE
    ..\STM32\STM32F10x_StdPeriph_Driver\src\stm32f10x_exti.c 0x00000000   Number         0  stm32f10x_exti.o ABSOLUTE
    ..\STM32\STM32F10x_StdPeriph_Driver\src\stm32f10x_flash.c 0x00000000   Number         0  stm32f10x_flash.o ABSOLUTE
    ..\STM32\STM32F10x_StdPeriph_Driver\src\stm32f10x_fsmc.c 0x00000000   Number         0  stm32f10x_fsmc.o ABSOLUTE
    ..\STM32\STM32F10x_StdPeriph_Driver\src\stm32f10x_gpio.c 0x00000000   Number         0  stm32f10x_gpio.o ABSOLUTE
    ..\STM32\STM32F10x_StdPeriph_Driver\src\stm32f10x_i2c.c 0x00000000   Number         0  stm32f10x_i2c.o ABSOLUTE
    ..\STM32\STM32F10x_StdPeriph_Driver\src\stm32f10x_iwdg.c 0x00000000   Number         0  stm32f10x_iwdg.o ABSOLUTE
    ..\STM32\STM32F10x_StdPeriph_Driver\src\stm32f10x_pwr.c 0x00000000   Number         0  stm32f10x_pwr.o ABSOLUTE
    ..\STM32\STM32F10x_StdPeriph_Driver\src\stm32f10x_rcc.c 0x00000000   Number         0  stm32f10x_rcc.o ABSOLUTE
    ..\STM32\STM32F10x_StdPeriph_Driver\src\stm32f10x_rtc.c 0x00000000   Number         0  stm32f10x_rtc.o ABSOLUTE
    ..\STM32\STM32F10x_StdPeriph_Driver\src\stm32f10x_sdio.c 0x00000000   Number         0  stm32f10x_sdio.o ABSOLUTE
    ..\STM32\STM32F10x_StdPeriph_Driver\src\stm32f10x_spi.c 0x00000000   Number         0  stm32f10x_spi.o ABSOLUTE
    ..\STM32\STM32F10x_StdPeriph_Driver\src\stm32f10x_tim.c 0x00000000   Number         0  stm32f10x_tim.o ABSOLUTE
    ..\STM32\STM32F10x_StdPeriph_Driver\src\stm32f10x_usart.c 0x00000000   Number         0  stm32f10x_usart.o ABSOLUTE
    ..\STM32\STM32F10x_StdPeriph_Driver\src\stm32f10x_wwdg.c 0x00000000   Number         0  stm32f10x_wwdg.o ABSOLUTE
    cdcmple.s                                0x00000000   Number         0  cdcmple.o ABSOLUTE
    cdrcmple.s                               0x00000000   Number         0  cdrcmple.o ABSOLUTE
    cfcmple.s                                0x00000000   Number         0  cfcmple.o ABSOLUTE
    cfrcmple.s                               0x00000000   Number         0  cfrcmple.o ABSOLUTE
    dc.s                                     0x00000000   Number         0  dc.o ABSOLUTE
    handlers.s                               0x00000000   Number         0  handlers.o ABSOLUTE
    init.s                                   0x00000000   Number         0  init.o ABSOLUTE
    RESET                                    0x08000000   Section      304  startup_stm32f10x_hd.o(RESET)
    .ARM.Collect$$$$00000000                 0x08000130   Section        0  entry.o(.ARM.Collect$$$$00000000)
    .ARM.Collect$$$$00000001                 0x08000130   Section        4  entry2.o(.ARM.Collect$$$$00000001)
    .ARM.Collect$$$$00000004                 0x08000134   Section        4  entry5.o(.ARM.Collect$$$$00000004)
    .ARM.Collect$$$$00000008                 0x08000138   Section        0  entry7b.o(.ARM.Collect$$$$00000008)
    .ARM.Collect$$$$0000000A                 0x08000138   Section        0  entry8b.o(.ARM.Collect$$$$0000000A)
    .ARM.Collect$$$$0000000B                 0x08000138   Section        8  entry9a.o(.ARM.Collect$$$$0000000B)
    .ARM.Collect$$$$0000000D                 0x08000140   Section        0  entry10a.o(.ARM.Collect$$$$0000000D)
    .ARM.Collect$$$$0000000F                 0x08000140   Section        0  entry11a.o(.ARM.Collect$$$$0000000F)
    .ARM.Collect$$$$00002712                 0x08000140   Section        4  entry2.o(.ARM.Collect$$$$00002712)
    __lit__00000000                          0x08000140   Data           4  entry2.o(.ARM.Collect$$$$00002712)
    .text                                    0x08000144   Section       36  startup_stm32f10x_hd.o(.text)
    .text                                    0x08000168   Section        0  memcpya.o(.text)
    .text                                    0x0800018c   Section        0  memseta.o(.text)
    .text                                    0x080001b0   Section        0  atoi.o(.text)
    .text                                    0x080001ca   Section        0  fadd.o(.text)
    .text                                    0x0800027a   Section        0  fmul.o(.text)
    .text                                    0x080002de   Section        0  fdiv.o(.text)
    .text                                    0x0800035a   Section        0  dadd.o(.text)
    .text                                    0x080004a8   Section        0  dmul.o(.text)
    .text                                    0x0800058c   Section        0  ddiv.o(.text)
    .text                                    0x0800066a   Section        0  fflti.o(.text)
    .text                                    0x0800067c   Section        0  dflti.o(.text)
    .text                                    0x0800069e   Section        0  ffixi.o(.text)
    .text                                    0x080006d0   Section        0  dfixi.o(.text)
    .text                                    0x0800070e   Section        0  f2d.o(.text)
    .text                                    0x08000734   Section       48  cdcmple.o(.text)
    .text                                    0x08000764   Section       48  cdrcmple.o(.text)
    .text                                    0x08000794   Section        0  d2f.o(.text)
    .text                                    0x080007cc   Section       20  cfcmple.o(.text)
    .text                                    0x080007e0   Section       20  cfrcmple.o(.text)
    .text                                    0x080007f4   Section        0  uidiv.o(.text)
    .text                                    0x08000820   Section        0  llshl.o(.text)
    .text                                    0x0800083e   Section        0  llushr.o(.text)
    .text                                    0x0800085e   Section        0  llsshr.o(.text)
    .text                                    0x08000882   Section        0  strtol.o(.text)
    .text                                    0x080008f2   Section        0  fepilogue.o(.text)
    .text                                    0x080008f2   Section        0  iusefp.o(.text)
    .text                                    0x08000960   Section        0  depilogue.o(.text)
    .text                                    0x08000a1c   Section       36  init.o(.text)
    .text                                    0x08000a40   Section        0  ctype_o.o(.text)
    .text                                    0x08000a48   Section        0  _strtoul.o(.text)
    .text                                    0x08000ae6   Section        0  dscalb.o(.text)
    .text                                    0x08000b14   Section        0  dfltui.o(.text)
    .text                                    0x08000b2e   Section        0  _chval.o(.text)
    .text                                    0x08000b4a   Section        0  __dczerorl2.o(.text)
    i.BusFault_Handler                       0x08000ba0   Section        0  stm32f10x_it.o(i.BusFault_Handler)
    i.DMA1_Channel6_IRQHandler               0x08000ba4   Section        0  rece.o(i.DMA1_Channel6_IRQHandler)
    i.DMA_ClearFlag                          0x08000cc4   Section        0  stm32f10x_dma.o(i.DMA_ClearFlag)
    i.DMA_Cmd                                0x08000ce0   Section        0  stm32f10x_dma.o(i.DMA_Cmd)
    i.DMA_DeInit                             0x08000cf8   Section        0  stm32f10x_dma.o(i.DMA_DeInit)
    i.DMA_GetFlagStatus                      0x08000e44   Section        0  stm32f10x_dma.o(i.DMA_GetFlagStatus)
    i.DMA_ITConfig                           0x08000e70   Section        0  stm32f10x_dma.o(i.DMA_ITConfig)
    i.DMA_Init                               0x08000e82   Section        0  stm32f10x_dma.o(i.DMA_Init)
    i.DebugMon_Handler                       0x08000ebe   Section        0  stm32f10x_it.o(i.DebugMon_Handler)
    i.Delay_Init                             0x08000ec0   Section        0  delay.o(i.Delay_Init)
    i.Delay_ms                               0x08000f20   Section        0  delay.o(i.Delay_ms)
    i.Encoder_Init_TIM2                      0x08000f34   Section        0  encoder.o(i.Encoder_Init_TIM2)
    i.Encoder_Init_TIM3                      0x08001000   Section        0  encoder.o(i.Encoder_Init_TIM3)
    i.Encoder_Init_TIM4                      0x0800109c   Section        0  encoder.o(i.Encoder_Init_TIM4)
    i.Encoder_Init_TIM5                      0x08001138   Section        0  encoder.o(i.Encoder_Init_TIM5)
    i.FindPosi                               0x080011d4   Section        0  laser.o(i.FindPosi)
    i.GPIO_Configuration                     0x08001244   Section        0  motordrive.o(i.GPIO_Configuration)
    i.GPIO_Init                              0x08001290   Section        0  stm32f10x_gpio.o(i.GPIO_Init)
    i.GPIO_PinRemapConfig                    0x080013a8   Section        0  stm32f10x_gpio.o(i.GPIO_PinRemapConfig)
    i.GPIO_ResetBits                         0x08001438   Section        0  stm32f10x_gpio.o(i.GPIO_ResetBits)
    i.GPIO_SetBits                           0x0800143c   Section        0  stm32f10x_gpio.o(i.GPIO_SetBits)
    i.HardFault_Handler                      0x08001440   Section        0  stm32f10x_it.o(i.HardFault_Handler)
    i.IMU_Init                               0x08001444   Section        0  imu.o(i.IMU_Init)
    i.KEY_Init                               0x080014d0   Section        0  key.o(i.KEY_Init)
    i.LED_Init                               0x080014fc   Section        0  led.o(i.LED_Init)
    i.Max_one                                0x08001544   Section        0  movement.o(i.Max_one)
    i.MemManage_Handler                      0x0800156c   Section        0  stm32f10x_it.o(i.MemManage_Handler)
    i.Motor_go                               0x08001570   Section        0  motordrive.o(i.Motor_go)
    i.MovingSpeed                            0x080016d0   Section        0  movement.o(i.MovingSpeed)
    i.MyAbs                                  0x080019fc   Section        0  fuzzypid.o(i.MyAbs)
    i.NMI_Handler                            0x08001a14   Section        0  stm32f10x_it.o(i.NMI_Handler)
    i.NVIC_Configuration                     0x08001a18   Section        0  rece.o(i.NVIC_Configuration)
    i.NVIC_Init                              0x08001ac4   Section        0  misc.o(i.NVIC_Init)
    i.NVIC_PriorityGroupConfig               0x08001b34   Section        0  misc.o(i.NVIC_PriorityGroupConfig)
    i.PendSV_Handler                         0x08001b48   Section        0  stm32f10x_it.o(i.PendSV_Handler)
    i.RCC_AHBPeriphClockCmd                  0x08001b4c   Section        0  stm32f10x_rcc.o(i.RCC_AHBPeriphClockCmd)
    i.RCC_APB1PeriphClockCmd                 0x08001b6c   Section        0  stm32f10x_rcc.o(i.RCC_APB1PeriphClockCmd)
    i.RCC_APB2PeriphClockCmd                 0x08001b8c   Section        0  stm32f10x_rcc.o(i.RCC_APB2PeriphClockCmd)
    i.RCC_GetClocksFreq                      0x08001bac   Section        0  stm32f10x_rcc.o(i.RCC_GetClocksFreq)
    i.RC_Init                                0x08001c80   Section        0  rece.o(i.RC_Init)
    i.ResetArray                             0x08001d78   Section        0  laser.o(i.ResetArray)
    i.SVC_Handler                            0x08001d7e   Section        0  stm32f10x_it.o(i.SVC_Handler)
    i.SetSysClock                            0x08001d80   Section        0  system_stm32f10x.o(i.SetSysClock)
    SetSysClock                              0x08001d81   Thumb Code     8  system_stm32f10x.o(i.SetSysClock)
    i.SetSysClockTo72                        0x08001d88   Section        0  system_stm32f10x.o(i.SetSysClockTo72)
    SetSysClockTo72                          0x08001d89   Thumb Code   214  system_stm32f10x.o(i.SetSysClockTo72)
    i.SysTick_Handler                        0x08001e68   Section        0  stm32f10x_it.o(i.SysTick_Handler)
    i.SystemInit                             0x08001e70   Section        0  system_stm32f10x.o(i.SystemInit)
    i.TI1_Config                             0x08001ed0   Section        0  stm32f10x_tim.o(i.TI1_Config)
    TI1_Config                               0x08001ed1   Thumb Code   108  stm32f10x_tim.o(i.TI1_Config)
    i.TI2_Config                             0x08001f50   Section        0  stm32f10x_tim.o(i.TI2_Config)
    TI2_Config                               0x08001f51   Thumb Code   130  stm32f10x_tim.o(i.TI2_Config)
    i.TI3_Config                             0x08001fe8   Section        0  stm32f10x_tim.o(i.TI3_Config)
    TI3_Config                               0x08001fe9   Thumb Code   122  stm32f10x_tim.o(i.TI3_Config)
    i.TI4_Config                             0x08002078   Section        0  stm32f10x_tim.o(i.TI4_Config)
    TI4_Config                               0x08002079   Thumb Code   130  stm32f10x_tim.o(i.TI4_Config)
    i.TIM2_IRQHandler                        0x08002110   Section        0  encoder.o(i.TIM2_IRQHandler)
    i.TIM4_IRQHandler                        0x08002128   Section        0  encoder.o(i.TIM4_IRQHandler)
    i.TIM6_IRQHandler                        0x08002140   Section        0  pid_cal_tim6.o(i.TIM6_IRQHandler)
    i.TIM6_Int_Init                          0x080023ac   Section        0  timer.o(i.TIM6_Int_Init)
    i.TIM8_PWM_Init                          0x0800240c   Section        0  motordrive.o(i.TIM8_PWM_Init)
    i.TIM_ClearFlag                          0x08002518   Section        0  stm32f10x_tim.o(i.TIM_ClearFlag)
    i.TIM_ClearITPendingBit                  0x0800251e   Section        0  stm32f10x_tim.o(i.TIM_ClearITPendingBit)
    i.TIM_Cmd                                0x08002524   Section        0  stm32f10x_tim.o(i.TIM_Cmd)
    i.TIM_CtrlPWMOutputs                     0x0800253c   Section        0  stm32f10x_tim.o(i.TIM_CtrlPWMOutputs)
    i.TIM_EncoderInterfaceConfig             0x0800255a   Section        0  stm32f10x_tim.o(i.TIM_EncoderInterfaceConfig)
    i.TIM_GetITStatus                        0x0800259c   Section        0  stm32f10x_tim.o(i.TIM_GetITStatus)
    i.TIM_ICInit                             0x080025c0   Section        0  stm32f10x_tim.o(i.TIM_ICInit)
    i.TIM_ICStructInit                       0x0800266c   Section        0  stm32f10x_tim.o(i.TIM_ICStructInit)
    i.TIM_ITConfig                           0x0800267e   Section        0  stm32f10x_tim.o(i.TIM_ITConfig)
    i.TIM_OC1Init                            0x08002690   Section        0  stm32f10x_tim.o(i.TIM_OC1Init)
    i.TIM_OC1PreloadConfig                   0x08002728   Section        0  stm32f10x_tim.o(i.TIM_OC1PreloadConfig)
    i.TIM_OC2Init                            0x0800273c   Section        0  stm32f10x_tim.o(i.TIM_OC2Init)
    i.TIM_OC2PreloadConfig                   0x080027e0   Section        0  stm32f10x_tim.o(i.TIM_OC2PreloadConfig)
    i.TIM_OC3Init                            0x080027fc   Section        0  stm32f10x_tim.o(i.TIM_OC3Init)
    i.TIM_OC3PreloadConfig                   0x0800289c   Section        0  stm32f10x_tim.o(i.TIM_OC3PreloadConfig)
    i.TIM_OC4Init                            0x080028b0   Section        0  stm32f10x_tim.o(i.TIM_OC4Init)
    i.TIM_OC4PreloadConfig                   0x0800292c   Section        0  stm32f10x_tim.o(i.TIM_OC4PreloadConfig)
    i.TIM_SetCompare2                        0x08002946   Section        0  stm32f10x_tim.o(i.TIM_SetCompare2)
    i.TIM_SetCompare3                        0x0800294a   Section        0  stm32f10x_tim.o(i.TIM_SetCompare3)
    i.TIM_SetCompare4                        0x0800294e   Section        0  stm32f10x_tim.o(i.TIM_SetCompare4)
    i.TIM_SetCounter                         0x08002954   Section        0  stm32f10x_tim.o(i.TIM_SetCounter)
    i.TIM_SetIC1Prescaler                    0x08002958   Section        0  stm32f10x_tim.o(i.TIM_SetIC1Prescaler)
    i.TIM_SetIC2Prescaler                    0x0800296a   Section        0  stm32f10x_tim.o(i.TIM_SetIC2Prescaler)
    i.TIM_SetIC3Prescaler                    0x08002984   Section        0  stm32f10x_tim.o(i.TIM_SetIC3Prescaler)
    i.TIM_SetIC4Prescaler                    0x08002996   Section        0  stm32f10x_tim.o(i.TIM_SetIC4Prescaler)
    i.TIM_TimeBaseInit                       0x080029b0   Section        0  stm32f10x_tim.o(i.TIM_TimeBaseInit)
    i.TIM_TimeBaseStructInit                 0x08002a54   Section        0  stm32f10x_tim.o(i.TIM_TimeBaseStructInit)
    i.TimingDelay_Decrement                  0x08002a68   Section        0  delay.o(i.TimingDelay_Decrement)
    i.UART4_IRQHandler                       0x08002a80   Section        0  laser.o(i.UART4_IRQHandler)
    i.USART3_IRQHandler                      0x08002c0c   Section        0  imu.o(i.USART3_IRQHandler)
    i.USART_ClearFlag                        0x08002ea8   Section        0  stm32f10x_usart.o(i.USART_ClearFlag)
    i.USART_ClearITPendingBit                0x08002eba   Section        0  stm32f10x_usart.o(i.USART_ClearITPendingBit)
    i.USART_Cmd                              0x08002ed8   Section        0  stm32f10x_usart.o(i.USART_Cmd)
    i.USART_DMACmd                           0x08002ef0   Section        0  stm32f10x_usart.o(i.USART_DMACmd)
    i.USART_GPIO_Config                      0x08002f04   Section        0  usart.o(i.USART_GPIO_Config)
    i.USART_GetFlagStatus                    0x08002f48   Section        0  stm32f10x_usart.o(i.USART_GetFlagStatus)
    i.USART_GetITStatus                      0x08002f62   Section        0  stm32f10x_usart.o(i.USART_GetITStatus)
    i.USART_ITConfig                         0x08002fb6   Section        0  stm32f10x_usart.o(i.USART_ITConfig)
    i.USART_Init                             0x08003000   Section        0  stm32f10x_usart.o(i.USART_Init)
    i.USART_ReceiveData                      0x080030d8   Section        0  stm32f10x_usart.o(i.USART_ReceiveData)
    i.USART_SendData                         0x080030e2   Section        0  stm32f10x_usart.o(i.USART_SendData)
    i.UsageFault_Handler                     0x080030ea   Section        0  stm32f10x_it.o(i.UsageFault_Handler)
    i.Usart_Config                           0x080030f0   Section        0  usart.o(i.Usart_Config)
    i.V1_pid_init                            0x08003134   Section        0  pid_cal_tim6.o(i.V1_pid_init)
    i.V2_pid_init                            0x08003154   Section        0  pid_cal_tim6.o(i.V2_pid_init)
    i.V3_pid_init                            0x08003174   Section        0  pid_cal_tim6.o(i.V3_pid_init)
    i.__0printf$1                            0x08003194   Section        0  printf1.o(i.__0printf$1)
    i.__ARM_fpclassify                       0x080031b4   Section        0  fpclassify.o(i.__ARM_fpclassify)
    i.__aeabi_errno_addr                     0x080031dc   Section        0  errno.o(i.__aeabi_errno_addr)
    i.__ieee754_rem_pio2                     0x080031e4   Section        0  rred.o(i.__ieee754_rem_pio2)
    i.__kernel_cos                           0x0800356c   Section        0  cos_i.o(i.__kernel_cos)
    i.__kernel_poly                          0x08003668   Section        0  poly.o(i.__kernel_poly)
    i.__kernel_sin                           0x08003714   Section        0  sin_i.o(i.__kernel_sin)
    i.__mathlib_dbl_infnan                   0x08003800   Section        0  dunder.o(i.__mathlib_dbl_infnan)
    i.__mathlib_dbl_invalid                  0x08003806   Section        0  dunder.o(i.__mathlib_dbl_invalid)
    i.__mathlib_dbl_underflow                0x08003814   Section        0  dunder.o(i.__mathlib_dbl_underflow)
    i.__scatterload_copy                     0x08003824   Section       14  handlers.o(i.__scatterload_copy)
    i.__scatterload_null                     0x08003832   Section        2  handlers.o(i.__scatterload_null)
    i.__scatterload_zeroinit                 0x08003834   Section       14  handlers.o(i.__scatterload_zeroinit)
    i.__set_errno                            0x08003844   Section        0  errno.o(i.__set_errno)
    i._printf_core                           0x08003850   Section        0  printf1.o(i._printf_core)
    _printf_core                             0x08003851   Thumb Code   336  printf1.o(i._printf_core)
    i.cos                                    0x080039a4   Section        0  cos.o(i.cos)
    i.fputc                                  0x08003a40   Section        0  usart.o(i.fputc)
    i.fuzzy                                  0x08003a64   Section        0  fuzzypid.o(i.fuzzy)
    i.main                                   0x08004078   Section        0  main.o(i.main)
    i.myabs                                  0x08004134   Section        0  movement.o(i.myabs)
    i.sin                                    0x08004144   Section        0  sin.o(i.sin)
    i.speed_limit                            0x080041e4   Section        0  motordrive.o(i.speed_limit)
    i.speed_pid                              0x08004214   Section        0  fuzzypid.o(i.speed_pid)
    i.uart4_init                             0x080043f0   Section        0  laser.o(i.uart4_init)
    .constdata                               0x0800447c   Section      588  fuzzypid.o(.constdata)
    fuzzyRuleKp                              0x0800447c   Data         196  fuzzypid.o(.constdata)
    fuzzyRuleKi                              0x08004540   Data         196  fuzzypid.o(.constdata)
    fuzzyRuleKd                              0x08004604   Data         196  fuzzypid.o(.constdata)
    .constdata                               0x080046c8   Section       48  cos_i.o(.constdata)
    C                                        0x080046c8   Data          48  cos_i.o(.constdata)
    .constdata                               0x080046f8   Section      200  rred.o(.constdata)
    pio2s                                    0x080046f8   Data          48  rred.o(.constdata)
    twooverpi                                0x08004728   Data         152  rred.o(.constdata)
    .constdata                               0x080047c0   Section       40  sin_i.o(.constdata)
    S                                        0x080047c0   Data          40  sin_i.o(.constdata)
    .constdata                               0x080047e8   Section      129  ctype_o.o(.constdata)
    .constdata                               0x0800486c   Section        4  ctype_o.o(.constdata)
    table                                    0x0800486c   Data           4  ctype_o.o(.constdata)
    .data                                    0x20000000   Section       16  main.o(.data)
    .data                                    0x20000010   Section        4  delay.o(.data)
    TimingDelay                              0x20000010   Data           4  delay.o(.data)
    .data                                    0x20000014   Section      272  pid_cal_tim6.o(.data)
    increase_angle                           0x20000114   Data           4  pid_cal_tim6.o(.data)
    angle_sum                                0x20000118   Data           4  pid_cal_tim6.o(.data)
    angle_last                               0x2000011c   Data           4  pid_cal_tim6.o(.data)
    sum_init                                 0x20000120   Data           4  pid_cal_tim6.o(.data)
    .data                                    0x20000124   Section       20  movement.o(.data)
    Max_speed                                0x20000130   Data           4  movement.o(.data)
    Con_Speed_rate                           0x20000134   Data           4  movement.o(.data)
    .data                                    0x20000138   Section       20  imu.o(.data)
    .data                                    0x2000014c   Section      152  laser.o(.data)
    .data                                    0x200001e4   Section       20  system_stm32f10x.o(.data)
    .data                                    0x200001f8   Section       20  stm32f10x_rcc.o(.data)
    APBAHBPrescTable                         0x200001f8   Data          16  stm32f10x_rcc.o(.data)
    ADCPrescTable                            0x20000208   Data           4  stm32f10x_rcc.o(.data)
    .data                                    0x2000020c   Section        4  stdout.o(.data)
    .data                                    0x20000210   Section        4  errno.o(.data)
    _errno                                   0x20000210   Data           4  errno.o(.data)
    .bss                                     0x20000214   Section       92  rece.o(.bss)
    .bss                                     0x20000270   Section      248  imu.o(.bss)
    .bss                                     0x20000368   Section      154  laser.o(.bss)
    STACK                                    0x20000408   Section     1024  startup_stm32f10x_hd.o(STACK)

    Global Symbols

    Symbol Name                              Value     Ov Type        Size  Object(Section)

    BuildAttributes$$THM_ISAv4$P$D$K$B$S$PE$A:L22UL41UL21$X:L11$S22US41US21$IEEE1$IW$USESV6$~STKCKD$USESV7$~SHL$OTIME$ROPI$IEEEX$EBA8$MICROLIB$REQ8$PRES8$EABIv2 0x00000000   Number         0  anon$$obj.o ABSOLUTE
    __ARM_use_no_argv                        0x00000000   Number         0  main.o ABSOLUTE
    _printf_a                                0x00000000   Number         0  stubs.o ABSOLUTE
    _printf_c                                0x00000000   Number         0  stubs.o ABSOLUTE
    _printf_charcount                        0x00000000   Number         0  stubs.o ABSOLUTE
    _printf_d                                0x00000000   Number         0  stubs.o ABSOLUTE
    _printf_e                                0x00000000   Number         0  stubs.o ABSOLUTE
    _printf_f                                0x00000000   Number         0  stubs.o ABSOLUTE
    _printf_flags                            0x00000000   Number         0  stubs.o ABSOLUTE
    _printf_fp_dec                           0x00000000   Number         0  stubs.o ABSOLUTE
    _printf_fp_hex                           0x00000000   Number         0  stubs.o ABSOLUTE
    _printf_g                                0x00000000   Number         0  stubs.o ABSOLUTE
    _printf_i                                0x00000000   Number         0  stubs.o ABSOLUTE
    _printf_int_dec                          0x00000000   Number         0  stubs.o ABSOLUTE
    _printf_l                                0x00000000   Number         0  stubs.o ABSOLUTE
    _printf_lc                               0x00000000   Number         0  stubs.o ABSOLUTE
    _printf_ll                               0x00000000   Number         0  stubs.o ABSOLUTE
    _printf_lld                              0x00000000   Number         0  stubs.o ABSOLUTE
    _printf_lli                              0x00000000   Number         0  stubs.o ABSOLUTE
    _printf_llo                              0x00000000   Number         0  stubs.o ABSOLUTE
    _printf_llu                              0x00000000   Number         0  stubs.o ABSOLUTE
    _printf_llx                              0x00000000   Number         0  stubs.o ABSOLUTE
    _printf_longlong_dec                     0x00000000   Number         0  stubs.o ABSOLUTE
    _printf_longlong_hex                     0x00000000   Number         0  stubs.o ABSOLUTE
    _printf_longlong_oct                     0x00000000   Number         0  stubs.o ABSOLUTE
    _printf_ls                               0x00000000   Number         0  stubs.o ABSOLUTE
    _printf_mbtowc                           0x00000000   Number         0  stubs.o ABSOLUTE
    _printf_n                                0x00000000   Number         0  stubs.o ABSOLUTE
    _printf_o                                0x00000000   Number         0  stubs.o ABSOLUTE
    _printf_p                                0x00000000   Number         0  stubs.o ABSOLUTE
    _printf_percent                          0x00000000   Number         0  stubs.o ABSOLUTE
    _printf_pre_padding                      0x00000000   Number         0  stubs.o ABSOLUTE
    _printf_return_value                     0x00000000   Number         0  stubs.o ABSOLUTE
    _printf_s                                0x00000000   Number         0  stubs.o ABSOLUTE
    _printf_sizespec                         0x00000000   Number         0  stubs.o ABSOLUTE
    _printf_str                              0x00000000   Number         0  stubs.o ABSOLUTE
    _printf_truncate_signed                  0x00000000   Number         0  stubs.o ABSOLUTE
    _printf_truncate_unsigned                0x00000000   Number         0  stubs.o ABSOLUTE
    _printf_u                                0x00000000   Number         0  stubs.o ABSOLUTE
    _printf_wc                               0x00000000   Number         0  stubs.o ABSOLUTE
    _printf_wctomb                           0x00000000   Number         0  stubs.o ABSOLUTE
    _printf_widthprec                        0x00000000   Number         0  stubs.o ABSOLUTE
    _printf_x                                0x00000000   Number         0  stubs.o ABSOLUTE
    __cpp_initialize__aeabi_                  - Undefined Weak Reference
    __cxa_finalize                            - Undefined Weak Reference
    _clock_init                               - Undefined Weak Reference
    _microlib_exit                            - Undefined Weak Reference
    __Vectors_Size                           0x00000130   Number         0  startup_stm32f10x_hd.o ABSOLUTE
    __Vectors                                0x08000000   Data           4  startup_stm32f10x_hd.o(RESET)
    __Vectors_End                            0x08000130   Data           0  startup_stm32f10x_hd.o(RESET)
    __main                                   0x08000131   Thumb Code     0  entry.o(.ARM.Collect$$$$00000000)
    _main_stk                                0x08000131   Thumb Code     0  entry2.o(.ARM.Collect$$$$00000001)
    _main_scatterload                        0x08000135   Thumb Code     0  entry5.o(.ARM.Collect$$$$00000004)
    __main_after_scatterload                 0x08000139   Thumb Code     0  entry5.o(.ARM.Collect$$$$00000004)
    _main_clock                              0x08000139   Thumb Code     0  entry7b.o(.ARM.Collect$$$$00000008)
    _main_cpp_init                           0x08000139   Thumb Code     0  entry8b.o(.ARM.Collect$$$$0000000A)
    _main_init                               0x08000139   Thumb Code     0  entry9a.o(.ARM.Collect$$$$0000000B)
    __rt_final_cpp                           0x08000141   Thumb Code     0  entry10a.o(.ARM.Collect$$$$0000000D)
    __rt_final_exit                          0x08000141   Thumb Code     0  entry11a.o(.ARM.Collect$$$$0000000F)
    Reset_Handler                            0x08000145   Thumb Code     8  startup_stm32f10x_hd.o(.text)
    ADC1_2_IRQHandler                        0x0800015f   Thumb Code     0  startup_stm32f10x_hd.o(.text)
    ADC3_IRQHandler                          0x0800015f   Thumb Code     0  startup_stm32f10x_hd.o(.text)
    CAN1_RX1_IRQHandler                      0x0800015f   Thumb Code     0  startup_stm32f10x_hd.o(.text)
    CAN1_SCE_IRQHandler                      0x0800015f   Thumb Code     0  startup_stm32f10x_hd.o(.text)
    DMA1_Channel1_IRQHandler                 0x0800015f   Thumb Code     0  startup_stm32f10x_hd.o(.text)
    DMA1_Channel2_IRQHandler                 0x0800015f   Thumb Code     0  startup_stm32f10x_hd.o(.text)
    DMA1_Channel3_IRQHandler                 0x0800015f   Thumb Code     0  startup_stm32f10x_hd.o(.text)
    DMA1_Channel4_IRQHandler                 0x0800015f   Thumb Code     0  startup_stm32f10x_hd.o(.text)
    DMA1_Channel5_IRQHandler                 0x0800015f   Thumb Code     0  startup_stm32f10x_hd.o(.text)
    DMA1_Channel7_IRQHandler                 0x0800015f   Thumb Code     0  startup_stm32f10x_hd.o(.text)
    DMA2_Channel1_IRQHandler                 0x0800015f   Thumb Code     0  startup_stm32f10x_hd.o(.text)
    DMA2_Channel2_IRQHandler                 0x0800015f   Thumb Code     0  startup_stm32f10x_hd.o(.text)
    DMA2_Channel3_IRQHandler                 0x0800015f   Thumb Code     0  startup_stm32f10x_hd.o(.text)
    DMA2_Channel4_5_IRQHandler               0x0800015f   Thumb Code     0  startup_stm32f10x_hd.o(.text)
    EXTI0_IRQHandler                         0x0800015f   Thumb Code     0  startup_stm32f10x_hd.o(.text)
    EXTI15_10_IRQHandler                     0x0800015f   Thumb Code     0  startup_stm32f10x_hd.o(.text)
    EXTI1_IRQHandler                         0x0800015f   Thumb Code     0  startup_stm32f10x_hd.o(.text)
    EXTI2_IRQHandler                         0x0800015f   Thumb Code     0  startup_stm32f10x_hd.o(.text)
    EXTI3_IRQHandler                         0x0800015f   Thumb Code     0  startup_stm32f10x_hd.o(.text)
    EXTI4_IRQHandler                         0x0800015f   Thumb Code     0  startup_stm32f10x_hd.o(.text)
    EXTI9_5_IRQHandler                       0x0800015f   Thumb Code     0  startup_stm32f10x_hd.o(.text)
    FLASH_IRQHandler                         0x0800015f   Thumb Code     0  startup_stm32f10x_hd.o(.text)
    FSMC_IRQHandler                          0x0800015f   Thumb Code     0  startup_stm32f10x_hd.o(.text)
    I2C1_ER_IRQHandler                       0x0800015f   Thumb Code     0  startup_stm32f10x_hd.o(.text)
    I2C1_EV_IRQHandler                       0x0800015f   Thumb Code     0  startup_stm32f10x_hd.o(.text)
    I2C2_ER_IRQHandler                       0x0800015f   Thumb Code     0  startup_stm32f10x_hd.o(.text)
    I2C2_EV_IRQHandler                       0x0800015f   Thumb Code     0  startup_stm32f10x_hd.o(.text)
    PVD_IRQHandler                           0x0800015f   Thumb Code     0  startup_stm32f10x_hd.o(.text)
    RCC_IRQHandler                           0x0800015f   Thumb Code     0  startup_stm32f10x_hd.o(.text)
    RTCAlarm_IRQHandler                      0x0800015f   Thumb Code     0  startup_stm32f10x_hd.o(.text)
    RTC_IRQHandler                           0x0800015f   Thumb Code     0  startup_stm32f10x_hd.o(.text)
    SDIO_IRQHandler                          0x0800015f   Thumb Code     0  startup_stm32f10x_hd.o(.text)
    SPI1_IRQHandler                          0x0800015f   Thumb Code     0  startup_stm32f10x_hd.o(.text)
    SPI2_IRQHandler                          0x0800015f   Thumb Code     0  startup_stm32f10x_hd.o(.text)
    SPI3_IRQHandler                          0x0800015f   Thumb Code     0  startup_stm32f10x_hd.o(.text)
    TAMPER_IRQHandler                        0x0800015f   Thumb Code     0  startup_stm32f10x_hd.o(.text)
    TIM1_BRK_IRQHandler                      0x0800015f   Thumb Code     0  startup_stm32f10x_hd.o(.text)
    TIM1_CC_IRQHandler                       0x0800015f   Thumb Code     0  startup_stm32f10x_hd.o(.text)
    TIM1_TRG_COM_IRQHandler                  0x0800015f   Thumb Code     0  startup_stm32f10x_hd.o(.text)
    TIM1_UP_IRQHandler                       0x0800015f   Thumb Code     0  startup_stm32f10x_hd.o(.text)
    TIM3_IRQHandler                          0x0800015f   Thumb Code     0  startup_stm32f10x_hd.o(.text)
    TIM5_IRQHandler                          0x0800015f   Thumb Code     0  startup_stm32f10x_hd.o(.text)
    TIM7_IRQHandler                          0x0800015f   Thumb Code     0  startup_stm32f10x_hd.o(.text)
    TIM8_BRK_IRQHandler                      0x0800015f   Thumb Code     0  startup_stm32f10x_hd.o(.text)
    TIM8_CC_IRQHandler                       0x0800015f   Thumb Code     0  startup_stm32f10x_hd.o(.text)
    TIM8_TRG_COM_IRQHandler                  0x0800015f   Thumb Code     0  startup_stm32f10x_hd.o(.text)
    TIM8_UP_IRQHandler                       0x0800015f   Thumb Code     0  startup_stm32f10x_hd.o(.text)
    UART5_IRQHandler                         0x0800015f   Thumb Code     0  startup_stm32f10x_hd.o(.text)
    USART1_IRQHandler                        0x0800015f   Thumb Code     0  startup_stm32f10x_hd.o(.text)
    USART2_IRQHandler                        0x0800015f   Thumb Code     0  startup_stm32f10x_hd.o(.text)
    USBWakeUp_IRQHandler                     0x0800015f   Thumb Code     0  startup_stm32f10x_hd.o(.text)
    USB_HP_CAN1_TX_IRQHandler                0x0800015f   Thumb Code     0  startup_stm32f10x_hd.o(.text)
    USB_LP_CAN1_RX0_IRQHandler               0x0800015f   Thumb Code     0  startup_stm32f10x_hd.o(.text)
    WWDG_IRQHandler                          0x0800015f   Thumb Code     0  startup_stm32f10x_hd.o(.text)
    __aeabi_memcpy                           0x08000169   Thumb Code    36  memcpya.o(.text)
    __aeabi_memcpy4                          0x08000169   Thumb Code     0  memcpya.o(.text)
    __aeabi_memcpy8                          0x08000169   Thumb Code     0  memcpya.o(.text)
    __aeabi_memset                           0x0800018d   Thumb Code    14  memseta.o(.text)
    __aeabi_memset4                          0x0800018d   Thumb Code     0  memseta.o(.text)
    __aeabi_memset8                          0x0800018d   Thumb Code     0  memseta.o(.text)
    __aeabi_memclr                           0x0800019b   Thumb Code     4  memseta.o(.text)
    __aeabi_memclr4                          0x0800019b   Thumb Code     0  memseta.o(.text)
    __aeabi_memclr8                          0x0800019b   Thumb Code     0  memseta.o(.text)
    _memset$wrapper                          0x0800019f   Thumb Code    18  memseta.o(.text)
    atoi                                     0x080001b1   Thumb Code    26  atoi.o(.text)
    __aeabi_fadd                             0x080001cb   Thumb Code   164  fadd.o(.text)
    __aeabi_fsub                             0x0800026f   Thumb Code     6  fadd.o(.text)
    __aeabi_frsub                            0x08000275   Thumb Code     6  fadd.o(.text)
    __aeabi_fmul                             0x0800027b   Thumb Code   100  fmul.o(.text)
    __aeabi_fdiv                             0x080002df   Thumb Code   124  fdiv.o(.text)
    __aeabi_dadd                             0x0800035b   Thumb Code   322  dadd.o(.text)
    __aeabi_dsub                             0x0800049d   Thumb Code     6  dadd.o(.text)
    __aeabi_drsub                            0x080004a3   Thumb Code     6  dadd.o(.text)
    __aeabi_dmul                             0x080004a9   Thumb Code   228  dmul.o(.text)
    __aeabi_ddiv                             0x0800058d   Thumb Code   222  ddiv.o(.text)
    __aeabi_i2f                              0x0800066b   Thumb Code    18  fflti.o(.text)
    __aeabi_i2d                              0x0800067d   Thumb Code    34  dflti.o(.text)
    __aeabi_f2iz                             0x0800069f   Thumb Code    50  ffixi.o(.text)
    __aeabi_d2iz                             0x080006d1   Thumb Code    62  dfixi.o(.text)
    __aeabi_f2d                              0x0800070f   Thumb Code    38  f2d.o(.text)
    __aeabi_cdcmpeq                          0x08000735   Thumb Code     0  cdcmple.o(.text)
    __aeabi_cdcmple                          0x08000735   Thumb Code    48  cdcmple.o(.text)
    __aeabi_cdrcmple                         0x08000765   Thumb Code    48  cdrcmple.o(.text)
    __aeabi_d2f                              0x08000795   Thumb Code    56  d2f.o(.text)
    __aeabi_cfcmpeq                          0x080007cd   Thumb Code     0  cfcmple.o(.text)
    __aeabi_cfcmple                          0x080007cd   Thumb Code    20  cfcmple.o(.text)
    __aeabi_cfrcmple                         0x080007e1   Thumb Code    20  cfrcmple.o(.text)
    __aeabi_uidiv                            0x080007f5   Thumb Code     0  uidiv.o(.text)
    __aeabi_uidivmod                         0x080007f5   Thumb Code    44  uidiv.o(.text)
    __aeabi_llsl                             0x08000821   Thumb Code    30  llshl.o(.text)
    _ll_shift_l                              0x08000821   Thumb Code     0  llshl.o(.text)
    __aeabi_llsr                             0x0800083f   Thumb Code    32  llushr.o(.text)
    _ll_ushift_r                             0x0800083f   Thumb Code     0  llushr.o(.text)
    __aeabi_lasr                             0x0800085f   Thumb Code    36  llsshr.o(.text)
    _ll_sshift_r                             0x0800085f   Thumb Code     0  llsshr.o(.text)
    strtol                                   0x08000883   Thumb Code   112  strtol.o(.text)
    __I$use$fp                               0x080008f3   Thumb Code     0  iusefp.o(.text)
    _float_round                             0x080008f3   Thumb Code    18  fepilogue.o(.text)
    _float_epilogue                          0x08000905   Thumb Code    92  fepilogue.o(.text)
    _double_round                            0x08000961   Thumb Code    30  depilogue.o(.text)
    _double_epilogue                         0x0800097f   Thumb Code   156  depilogue.o(.text)
    __scatterload                            0x08000a1d   Thumb Code    28  init.o(.text)
    __scatterload_rt2                        0x08000a1d   Thumb Code     0  init.o(.text)
    __rt_ctype_table                         0x08000a41   Thumb Code     4  ctype_o.o(.text)
    _strtoul                                 0x08000a49   Thumb Code   158  _strtoul.o(.text)
    __ARM_scalbn                             0x08000ae7   Thumb Code    46  dscalb.o(.text)
    scalbn                                   0x08000ae7   Thumb Code     0  dscalb.o(.text)
    __aeabi_ui2d                             0x08000b15   Thumb Code    26  dfltui.o(.text)
    _chval                                   0x08000b2f   Thumb Code    28  _chval.o(.text)
    __decompress                             0x08000b4b   Thumb Code     0  __dczerorl2.o(.text)
    __decompress1                            0x08000b4b   Thumb Code    86  __dczerorl2.o(.text)
    BusFault_Handler                         0x08000ba1   Thumb Code     4  stm32f10x_it.o(i.BusFault_Handler)
    DMA1_Channel6_IRQHandler                 0x08000ba5   Thumb Code   280  rece.o(i.DMA1_Channel6_IRQHandler)
    DMA_ClearFlag                            0x08000cc5   Thumb Code    18  stm32f10x_dma.o(i.DMA_ClearFlag)
    DMA_Cmd                                  0x08000ce1   Thumb Code    24  stm32f10x_dma.o(i.DMA_Cmd)
    DMA_DeInit                               0x08000cf9   Thumb Code   324  stm32f10x_dma.o(i.DMA_DeInit)
    DMA_GetFlagStatus                        0x08000e45   Thumb Code    36  stm32f10x_dma.o(i.DMA_GetFlagStatus)
    DMA_ITConfig                             0x08000e71   Thumb Code    18  stm32f10x_dma.o(i.DMA_ITConfig)
    DMA_Init                                 0x08000e83   Thumb Code    60  stm32f10x_dma.o(i.DMA_Init)
    DebugMon_Handler                         0x08000ebf   Thumb Code     2  stm32f10x_it.o(i.DebugMon_Handler)
    Delay_Init                               0x08000ec1   Thumb Code    84  delay.o(i.Delay_Init)
    Delay_ms                                 0x08000f21   Thumb Code    16  delay.o(i.Delay_ms)
    Encoder_Init_TIM2                        0x08000f35   Thumb Code   192  encoder.o(i.Encoder_Init_TIM2)
    Encoder_Init_TIM3                        0x08001001   Thumb Code   148  encoder.o(i.Encoder_Init_TIM3)
    Encoder_Init_TIM4                        0x0800109d   Thumb Code   148  encoder.o(i.Encoder_Init_TIM4)
    Encoder_Init_TIM5                        0x08001139   Thumb Code   148  encoder.o(i.Encoder_Init_TIM5)
    FindPosi                                 0x080011d5   Thumb Code    92  laser.o(i.FindPosi)
    GPIO_Configuration                       0x08001245   Thumb Code    66  motordrive.o(i.GPIO_Configuration)
    GPIO_Init                                0x08001291   Thumb Code   278  stm32f10x_gpio.o(i.GPIO_Init)
    GPIO_PinRemapConfig                      0x080013a9   Thumb Code   138  stm32f10x_gpio.o(i.GPIO_PinRemapConfig)
    GPIO_ResetBits                           0x08001439   Thumb Code     4  stm32f10x_gpio.o(i.GPIO_ResetBits)
    GPIO_SetBits                             0x0800143d   Thumb Code     4  stm32f10x_gpio.o(i.GPIO_SetBits)
    HardFault_Handler                        0x08001441   Thumb Code     4  stm32f10x_it.o(i.HardFault_Handler)
    IMU_Init                                 0x08001445   Thumb Code   130  imu.o(i.IMU_Init)
    KEY_Init                                 0x080014d1   Thumb Code    38  key.o(i.KEY_Init)
    LED_Init                                 0x080014fd   Thumb Code    68  led.o(i.LED_Init)
    Max_one                                  0x08001545   Thumb Code    40  movement.o(i.Max_one)
    MemManage_Handler                        0x0800156d   Thumb Code     4  stm32f10x_it.o(i.MemManage_Handler)
    Motor_go                                 0x08001571   Thumb Code   344  motordrive.o(i.Motor_go)
    MovingSpeed                              0x080016d1   Thumb Code   774  movement.o(i.MovingSpeed)
    MyAbs                                    0x080019fd   Thumb Code    24  fuzzypid.o(i.MyAbs)
    NMI_Handler                              0x08001a15   Thumb Code     2  stm32f10x_it.o(i.NMI_Handler)
    NVIC_Configuration                       0x08001a19   Thumb Code   162  rece.o(i.NVIC_Configuration)
    NVIC_Init                                0x08001ac5   Thumb Code   100  misc.o(i.NVIC_Init)
    NVIC_PriorityGroupConfig                 0x08001b35   Thumb Code    10  misc.o(i.NVIC_PriorityGroupConfig)
    PendSV_Handler                           0x08001b49   Thumb Code     2  stm32f10x_it.o(i.PendSV_Handler)
    RCC_AHBPeriphClockCmd                    0x08001b4d   Thumb Code    26  stm32f10x_rcc.o(i.RCC_AHBPeriphClockCmd)
    RCC_APB1PeriphClockCmd                   0x08001b6d   Thumb Code    26  stm32f10x_rcc.o(i.RCC_APB1PeriphClockCmd)
    RCC_APB2PeriphClockCmd                   0x08001b8d   Thumb Code    26  stm32f10x_rcc.o(i.RCC_APB2PeriphClockCmd)
    RCC_GetClocksFreq                        0x08001bad   Thumb Code   192  stm32f10x_rcc.o(i.RCC_GetClocksFreq)
    RC_Init                                  0x08001c81   Thumb Code   228  rece.o(i.RC_Init)
    ResetArray                               0x08001d79   Thumb Code     6  laser.o(i.ResetArray)
    SVC_Handler                              0x08001d7f   Thumb Code     2  stm32f10x_it.o(i.SVC_Handler)
    SysTick_Handler                          0x08001e69   Thumb Code     8  stm32f10x_it.o(i.SysTick_Handler)
    SystemInit                               0x08001e71   Thumb Code    78  system_stm32f10x.o(i.SystemInit)
    TIM2_IRQHandler                          0x08002111   Thumb Code    24  encoder.o(i.TIM2_IRQHandler)
    TIM4_IRQHandler                          0x08002129   Thumb Code    18  encoder.o(i.TIM4_IRQHandler)
    TIM6_IRQHandler                          0x08002141   Thumb Code   502  pid_cal_tim6.o(i.TIM6_IRQHandler)
    TIM6_Int_Init                            0x080023ad   Thumb Code    90  timer.o(i.TIM6_Int_Init)
    TIM8_PWM_Init                            0x0800240d   Thumb Code   258  motordrive.o(i.TIM8_PWM_Init)
    TIM_ClearFlag                            0x08002519   Thumb Code     6  stm32f10x_tim.o(i.TIM_ClearFlag)
    TIM_ClearITPendingBit                    0x0800251f   Thumb Code     6  stm32f10x_tim.o(i.TIM_ClearITPendingBit)
    TIM_Cmd                                  0x08002525   Thumb Code    24  stm32f10x_tim.o(i.TIM_Cmd)
    TIM_CtrlPWMOutputs                       0x0800253d   Thumb Code    30  stm32f10x_tim.o(i.TIM_CtrlPWMOutputs)
    TIM_EncoderInterfaceConfig               0x0800255b   Thumb Code    66  stm32f10x_tim.o(i.TIM_EncoderInterfaceConfig)
    TIM_GetITStatus                          0x0800259d   Thumb Code    34  stm32f10x_tim.o(i.TIM_GetITStatus)
    TIM_ICInit                               0x080025c1   Thumb Code   150  stm32f10x_tim.o(i.TIM_ICInit)
    TIM_ICStructInit                         0x0800266d   Thumb Code    18  stm32f10x_tim.o(i.TIM_ICStructInit)
    TIM_ITConfig                             0x0800267f   Thumb Code    18  stm32f10x_tim.o(i.TIM_ITConfig)
    TIM_OC1Init                              0x08002691   Thumb Code   132  stm32f10x_tim.o(i.TIM_OC1Init)
    TIM_OC1PreloadConfig                     0x08002729   Thumb Code    18  stm32f10x_tim.o(i.TIM_OC1PreloadConfig)
    TIM_OC2Init                              0x0800273d   Thumb Code   154  stm32f10x_tim.o(i.TIM_OC2Init)
    TIM_OC2PreloadConfig                     0x080027e1   Thumb Code    26  stm32f10x_tim.o(i.TIM_OC2PreloadConfig)
    TIM_OC3Init                              0x080027fd   Thumb Code   150  stm32f10x_tim.o(i.TIM_OC3Init)
    TIM_OC3PreloadConfig                     0x0800289d   Thumb Code    18  stm32f10x_tim.o(i.TIM_OC3PreloadConfig)
    TIM_OC4Init                              0x080028b1   Thumb Code   114  stm32f10x_tim.o(i.TIM_OC4Init)
    TIM_OC4PreloadConfig                     0x0800292d   Thumb Code    26  stm32f10x_tim.o(i.TIM_OC4PreloadConfig)
    TIM_SetCompare2                          0x08002947   Thumb Code     4  stm32f10x_tim.o(i.TIM_SetCompare2)
    TIM_SetCompare3                          0x0800294b   Thumb Code     4  stm32f10x_tim.o(i.TIM_SetCompare3)
    TIM_SetCompare4                          0x0800294f   Thumb Code     6  stm32f10x_tim.o(i.TIM_SetCompare4)
    TIM_SetCounter                           0x08002955   Thumb Code     4  stm32f10x_tim.o(i.TIM_SetCounter)
    TIM_SetIC1Prescaler                      0x08002959   Thumb Code    18  stm32f10x_tim.o(i.TIM_SetIC1Prescaler)
    TIM_SetIC2Prescaler                      0x0800296b   Thumb Code    26  stm32f10x_tim.o(i.TIM_SetIC2Prescaler)
    TIM_SetIC3Prescaler                      0x08002985   Thumb Code    18  stm32f10x_tim.o(i.TIM_SetIC3Prescaler)
    TIM_SetIC4Prescaler                      0x08002997   Thumb Code    26  stm32f10x_tim.o(i.TIM_SetIC4Prescaler)
    TIM_TimeBaseInit                         0x080029b1   Thumb Code   122  stm32f10x_tim.o(i.TIM_TimeBaseInit)
    TIM_TimeBaseStructInit                   0x08002a55   Thumb Code    18  stm32f10x_tim.o(i.TIM_TimeBaseStructInit)
    TimingDelay_Decrement                    0x08002a69   Thumb Code    18  delay.o(i.TimingDelay_Decrement)
    UART4_IRQHandler                         0x08002a81   Thumb Code   326  laser.o(i.UART4_IRQHandler)
    USART3_IRQHandler                        0x08002c0d   Thumb Code   620  imu.o(i.USART3_IRQHandler)
    USART_ClearFlag                          0x08002ea9   Thumb Code    18  stm32f10x_usart.o(i.USART_ClearFlag)
    USART_ClearITPendingBit                  0x08002ebb   Thumb Code    30  stm32f10x_usart.o(i.USART_ClearITPendingBit)
    USART_Cmd                                0x08002ed9   Thumb Code    24  stm32f10x_usart.o(i.USART_Cmd)
    USART_DMACmd                             0x08002ef1   Thumb Code    18  stm32f10x_usart.o(i.USART_DMACmd)
    USART_GPIO_Config                        0x08002f05   Thumb Code    62  usart.o(i.USART_GPIO_Config)
    USART_GetFlagStatus                      0x08002f49   Thumb Code    26  stm32f10x_usart.o(i.USART_GetFlagStatus)
    USART_GetITStatus                        0x08002f63   Thumb Code    84  stm32f10x_usart.o(i.USART_GetITStatus)
    USART_ITConfig                           0x08002fb7   Thumb Code    74  stm32f10x_usart.o(i.USART_ITConfig)
    USART_Init                               0x08003001   Thumb Code   210  stm32f10x_usart.o(i.USART_Init)
    USART_ReceiveData                        0x080030d9   Thumb Code    10  stm32f10x_usart.o(i.USART_ReceiveData)
    USART_SendData                           0x080030e3   Thumb Code     8  stm32f10x_usart.o(i.USART_SendData)
    UsageFault_Handler                       0x080030eb   Thumb Code     4  stm32f10x_it.o(i.UsageFault_Handler)
    Usart_Config                             0x080030f1   Thumb Code    64  usart.o(i.Usart_Config)
    V1_pid_init                              0x08003135   Thumb Code    26  pid_cal_tim6.o(i.V1_pid_init)
    V2_pid_init                              0x08003155   Thumb Code    26  pid_cal_tim6.o(i.V2_pid_init)
    V3_pid_init                              0x08003175   Thumb Code    26  pid_cal_tim6.o(i.V3_pid_init)
    __0printf$1                              0x08003195   Thumb Code    22  printf1.o(i.__0printf$1)
    __1printf$1                              0x08003195   Thumb Code     0  printf1.o(i.__0printf$1)
    __2printf                                0x08003195   Thumb Code     0  printf1.o(i.__0printf$1)
    __ARM_fpclassify                         0x080031b5   Thumb Code    40  fpclassify.o(i.__ARM_fpclassify)
    __aeabi_errno_addr                       0x080031dd   Thumb Code     4  errno.o(i.__aeabi_errno_addr)
    __rt_errno_addr                          0x080031dd   Thumb Code     0  errno.o(i.__aeabi_errno_addr)
    __ieee754_rem_pio2                       0x080031e5   Thumb Code   828  rred.o(i.__ieee754_rem_pio2)
    __kernel_cos                             0x0800356d   Thumb Code   230  cos_i.o(i.__kernel_cos)
    __kernel_poly                            0x08003669   Thumb Code   170  poly.o(i.__kernel_poly)
    __kernel_sin                             0x08003715   Thumb Code   224  sin_i.o(i.__kernel_sin)
    __mathlib_dbl_infnan                     0x08003801   Thumb Code     6  dunder.o(i.__mathlib_dbl_infnan)
    __mathlib_dbl_invalid                    0x08003807   Thumb Code    12  dunder.o(i.__mathlib_dbl_invalid)
    __mathlib_dbl_underflow                  0x08003815   Thumb Code    10  dunder.o(i.__mathlib_dbl_underflow)
    __scatterload_copy                       0x08003825   Thumb Code    14  handlers.o(i.__scatterload_copy)
    __scatterload_null                       0x08003833   Thumb Code     2  handlers.o(i.__scatterload_null)
    __scatterload_zeroinit                   0x08003835   Thumb Code    14  handlers.o(i.__scatterload_zeroinit)
    __set_errno                              0x08003845   Thumb Code     6  errno.o(i.__set_errno)
    cos                                      0x080039a5   Thumb Code   148  cos.o(i.cos)
    fputc                                    0x08003a41   Thumb Code    32  usart.o(i.fputc)
    fuzzy                                    0x08003a65   Thumb Code  1544  fuzzypid.o(i.fuzzy)
    main                                     0x08004079   Thumb Code   138  main.o(i.main)
    myabs                                    0x08004135   Thumb Code    14  movement.o(i.myabs)
    sin                                      0x08004145   Thumb Code   150  sin.o(i.sin)
    speed_limit                              0x080041e5   Thumb Code    46  motordrive.o(i.speed_limit)
    speed_pid                                0x08004215   Thumb Code   468  fuzzypid.o(i.speed_pid)
    uart4_init                               0x080043f1   Thumb Code   130  laser.o(i.uart4_init)
    __ctype_table                            0x080047e8   Data         129  ctype_o.o(.constdata)
    Region$$Table$$Base                      0x08004870   Number         0  anon$$obj.o(Region$$Table)
    Region$$Table$$Limit                     0x08004890   Number         0  anon$$obj.o(Region$$Table)
    Encoder_1                                0x20000000   Data           4  main.o(.data)
    Encoder_2                                0x20000004   Data           4  main.o(.data)
    Encoder_3                                0x20000008   Data           4  main.o(.data)
    Encoder_4                                0x2000000c   Data           4  main.o(.data)
    V1_pid                                   0x20000014   Data          80  pid_cal_tim6.o(.data)
    V2_pid                                   0x20000064   Data          80  pid_cal_tim6.o(.data)
    V3_pid                                   0x200000b4   Data          80  pid_cal_tim6.o(.data)
    V1_output                                0x20000104   Data           4  pid_cal_tim6.o(.data)
    V2_output                                0x20000108   Data           4  pid_cal_tim6.o(.data)
    V3_output                                0x2000010c   Data           4  pid_cal_tim6.o(.data)
    angle_rate                               0x20000110   Data           4  pid_cal_tim6.o(.data)
    V1_cal                                   0x20000124   Data           4  movement.o(.data)
    V2_cal                                   0x20000128   Data           4  movement.o(.data)
    V3_cal                                   0x2000012c   Data           4  movement.o(.data)
    USART3_RX_STA                            0x20000138   Data           2  imu.o(.data)
    angle_x                                  0x2000013c   Data           4  imu.o(.data)
    angle_y                                  0x20000140   Data           4  imu.o(.data)
    angle_z                                  0x20000144   Data           4  imu.o(.data)
    IMU_inner_times                          0x20000148   Data           4  imu.o(.data)
    Servo_y                                  0x2000014c   Data           3  laser.o(.data)
    numbit_y                                 0x20000150   Data           4  laser.o(.data)
    num_int_y                                0x20000154   Data           4  laser.o(.data)
    temp_rece                                0x20000158   Data           4  laser.o(.data)
    Servo_x                                  0x2000015c   Data           6  laser.o(.data)
    numbit_x                                 0x20000164   Data           4  laser.o(.data)
    num_int_x                                0x20000168   Data           4  laser.o(.data)
    Cam_numbit                               0x2000016c   Data           4  laser.o(.data)
    Cam_times                                0x20000170   Data           4  laser.o(.data)
    Cam_num_int                              0x20000174   Data           4  laser.o(.data)
    Last_times                               0x20000178   Data           4  laser.o(.data)
    Cam_times_dp                             0x2000017c   Data           4  laser.o(.data)
    Rece_EN                                  0x20000180   Data           4  laser.o(.data)
    Comma_bit                                0x20000184   Data           4  laser.o(.data)
    Semi_bit                                 0x20000188   Data           4  laser.o(.data)
    W_speed_char                             0x2000018c   Data           4  laser.o(.data)
    Servo_angle_char                         0x20000190   Data           4  laser.o(.data)
    Catcher_char                             0x20000194   Data           1  laser.o(.data)
    W_speed_int                              0x20000198   Data           4  laser.o(.data)
    Servo_angle_int                          0x2000019c   Data           4  laser.o(.data)
    Semi_rate                                0x200001a0   Data           4  laser.o(.data)
    i_last                                   0x200001a4   Data           4  laser.o(.data)
    Comma_times                              0x200001a8   Data           4  laser.o(.data)
    Last_comma_bit                           0x200001ac   Data           4  laser.o(.data)
    Last_comma_times                         0x200001b0   Data           4  laser.o(.data)
    Temp_count                               0x200001b4   Data           4  laser.o(.data)
    Rece_count                               0x200001b8   Data           4  laser.o(.data)
    Reset_state                              0x200001bc   Data           4  laser.o(.data)
    Posi_count                               0x200001c0   Data           4  laser.o(.data)
    Comma_posi                               0x200001c4   Data           4  laser.o(.data)
    Analy_state                              0x200001c8   Data           4  laser.o(.data)
    dis_1                                    0x200001cc   Data           4  laser.o(.data)
    dis_2                                    0x200001d0   Data           4  laser.o(.data)
    dis_3                                    0x200001d4   Data           4  laser.o(.data)
    dis_4                                    0x200001d8   Data           4  laser.o(.data)
    sum                                      0x200001dc   Data           4  laser.o(.data)
    Catcher_state                            0x200001e0   Data           4  laser.o(.data)
    SystemCoreClock                          0x200001e4   Data           4  system_stm32f10x.o(.data)
    AHBPrescTable                            0x200001e8   Data          16  system_stm32f10x.o(.data)
    __stdout                                 0x2000020c   Data           4  stdout.o(.data)
    DMA_InitStructure                        0x20000214   Data          44  rece.o(.bss)
    dr16_rbuff                               0x20000240   Data          25  rece.o(.bss)
    SBUS_Ch                                  0x2000025a   Data          22  rece.o(.bss)
    USART3_RX_BUF                            0x20000270   Data         200  imu.o(.bss)
    gyro                                     0x20000338   Data          48  imu.o(.bss)
    Cam_rec                                  0x20000368   Data          20  laser.o(.bss)
    Return_servo                             0x2000037c   Data          12  laser.o(.bss)
    Rece_array                               0x20000388   Data          30  laser.o(.bss)
    Rece_data_int                            0x200003a8   Data          40  laser.o(.bss)
    Posi_array                               0x200003d0   Data          40  laser.o(.bss)
    Temp_int                                 0x200003f8   Data          10  laser.o(.bss)
    __initial_sp                             0x20000808   Data           0  startup_stm32f10x_hd.o(STACK)



==============================================================================

Memory Map of the image

  Image Entry point : 0x08000131

  Load Region LR_IROM1 (Base: 0x08000000, Size: 0x00004aa4, Max: 0x00080000, ABSOLUTE, COMPRESSED[0x000048c0])

    Execution Region ER_IROM1 (Exec base: 0x08000000, Load base: 0x08000000, Size: 0x00004890, Max: 0x00080000, ABSOLUTE)

    Exec Addr    Load Addr    Size         Type   Attr      Idx    E Section Name        Object

    0x08000000   0x08000000   0x00000130   Data   RO          610    RESET               startup_stm32f10x_hd.o
    0x08000130   0x08000130   0x00000000   Code   RO         3633  * .ARM.Collect$$$$00000000  mc_w.l(entry.o)
    0x08000130   0x08000130   0x00000004   Code   RO         3965    .ARM.Collect$$$$00000001  mc_w.l(entry2.o)
    0x08000134   0x08000134   0x00000004   Code   RO         3968    .ARM.Collect$$$$00000004  mc_w.l(entry5.o)
    0x08000138   0x08000138   0x00000000   Code   RO         3970    .ARM.Collect$$$$00000008  mc_w.l(entry7b.o)
    0x08000138   0x08000138   0x00000000   Code   RO         3972    .ARM.Collect$$$$0000000A  mc_w.l(entry8b.o)
    0x08000138   0x08000138   0x00000008   Code   RO         3973    .ARM.Collect$$$$0000000B  mc_w.l(entry9a.o)
    0x08000140   0x08000140   0x00000000   Code   RO         3975    .ARM.Collect$$$$0000000D  mc_w.l(entry10a.o)
    0x08000140   0x08000140   0x00000000   Code   RO         3977    .ARM.Collect$$$$0000000F  mc_w.l(entry11a.o)
    0x08000140   0x08000140   0x00000004   Code   RO         3966    .ARM.Collect$$$$00002712  mc_w.l(entry2.o)
    0x08000144   0x08000144   0x00000024   Code   RO          611    .text               startup_stm32f10x_hd.o
    0x08000168   0x08000168   0x00000024   Code   RO         3636    .text               mc_w.l(memcpya.o)
    0x0800018c   0x0800018c   0x00000024   Code   RO         3638    .text               mc_w.l(memseta.o)
    0x080001b0   0x080001b0   0x0000001a   Code   RO         3903    .text               mc_w.l(atoi.o)
    0x080001ca   0x080001ca   0x000000b0   Code   RO         3905    .text               mf_w.l(fadd.o)
    0x0800027a   0x0800027a   0x00000064   Code   RO         3907    .text               mf_w.l(fmul.o)
    0x080002de   0x080002de   0x0000007c   Code   RO         3909    .text               mf_w.l(fdiv.o)
    0x0800035a   0x0800035a   0x0000014e   Code   RO         3911    .text               mf_w.l(dadd.o)
    0x080004a8   0x080004a8   0x000000e4   Code   RO         3913    .text               mf_w.l(dmul.o)
    0x0800058c   0x0800058c   0x000000de   Code   RO         3915    .text               mf_w.l(ddiv.o)
    0x0800066a   0x0800066a   0x00000012   Code   RO         3917    .text               mf_w.l(fflti.o)
    0x0800067c   0x0800067c   0x00000022   Code   RO         3919    .text               mf_w.l(dflti.o)
    0x0800069e   0x0800069e   0x00000032   Code   RO         3921    .text               mf_w.l(ffixi.o)
    0x080006d0   0x080006d0   0x0000003e   Code   RO         3923    .text               mf_w.l(dfixi.o)
    0x0800070e   0x0800070e   0x00000026   Code   RO         3925    .text               mf_w.l(f2d.o)
    0x08000734   0x08000734   0x00000030   Code   RO         3927    .text               mf_w.l(cdcmple.o)
    0x08000764   0x08000764   0x00000030   Code   RO         3929    .text               mf_w.l(cdrcmple.o)
    0x08000794   0x08000794   0x00000038   Code   RO         3931    .text               mf_w.l(d2f.o)
    0x080007cc   0x080007cc   0x00000014   Code   RO         3933    .text               mf_w.l(cfcmple.o)
    0x080007e0   0x080007e0   0x00000014   Code   RO         3935    .text               mf_w.l(cfrcmple.o)
    0x080007f4   0x080007f4   0x0000002c   Code   RO         3980    .text               mc_w.l(uidiv.o)
    0x08000820   0x08000820   0x0000001e   Code   RO         3984    .text               mc_w.l(llshl.o)
    0x0800083e   0x0800083e   0x00000020   Code   RO         3986    .text               mc_w.l(llushr.o)
    0x0800085e   0x0800085e   0x00000024   Code   RO         3988    .text               mc_w.l(llsshr.o)
    0x08000882   0x08000882   0x00000070   Code   RO         3997    .text               mc_w.l(strtol.o)
    0x080008f2   0x080008f2   0x00000000   Code   RO         3999    .text               mc_w.l(iusefp.o)
    0x080008f2   0x080008f2   0x0000006e   Code   RO         4000    .text               mf_w.l(fepilogue.o)
    0x08000960   0x08000960   0x000000ba   Code   RO         4002    .text               mf_w.l(depilogue.o)
    0x08000a1a   0x08000a1a   0x00000002   PAD
    0x08000a1c   0x08000a1c   0x00000024   Code   RO         4010    .text               mc_w.l(init.o)
    0x08000a40   0x08000a40   0x00000008   Code   RO         4012    .text               mc_w.l(ctype_o.o)
    0x08000a48   0x08000a48   0x0000009e   Code   RO         4040    .text               mc_w.l(_strtoul.o)
    0x08000ae6   0x08000ae6   0x0000002e   Code   RO         4042    .text               mf_w.l(dscalb.o)
    0x08000b14   0x08000b14   0x0000001a   Code   RO         4044    .text               mf_w.l(dfltui.o)
    0x08000b2e   0x08000b2e   0x0000001c   Code   RO         4046    .text               mc_w.l(_chval.o)
    0x08000b4a   0x08000b4a   0x00000056   Code   RO         4056    .text               mc_w.l(__dczerorl2.o)
    0x08000ba0   0x08000ba0   0x00000004   Code   RO          165    i.BusFault_Handler  stm32f10x_it.o
    0x08000ba4   0x08000ba4   0x00000120   Code   RO          511    i.DMA1_Channel6_IRQHandler  rece.o
    0x08000cc4   0x08000cc4   0x0000001c   Code   RO         1869    i.DMA_ClearFlag     stm32f10x_dma.o
    0x08000ce0   0x08000ce0   0x00000018   Code   RO         1871    i.DMA_Cmd           stm32f10x_dma.o
    0x08000cf8   0x08000cf8   0x0000014c   Code   RO         1872    i.DMA_DeInit        stm32f10x_dma.o
    0x08000e44   0x08000e44   0x0000002c   Code   RO         1874    i.DMA_GetFlagStatus  stm32f10x_dma.o
    0x08000e70   0x08000e70   0x00000012   Code   RO         1876    i.DMA_ITConfig      stm32f10x_dma.o
    0x08000e82   0x08000e82   0x0000003c   Code   RO         1877    i.DMA_Init          stm32f10x_dma.o
    0x08000ebe   0x08000ebe   0x00000002   Code   RO          166    i.DebugMon_Handler  stm32f10x_it.o
    0x08000ec0   0x08000ec0   0x00000060   Code   RO          228    i.Delay_Init        delay.o
    0x08000f20   0x08000f20   0x00000014   Code   RO          229    i.Delay_ms          delay.o
    0x08000f34   0x08000f34   0x000000cc   Code   RO          316    i.Encoder_Init_TIM2  encoder.o
    0x08001000   0x08001000   0x0000009c   Code   RO          317    i.Encoder_Init_TIM3  encoder.o
    0x0800109c   0x0800109c   0x0000009c   Code   RO          318    i.Encoder_Init_TIM4  encoder.o
    0x08001138   0x08001138   0x0000009c   Code   RO          319    i.Encoder_Init_TIM5  encoder.o
    0x080011d4   0x080011d4   0x00000070   Code   RO          571    i.FindPosi          laser.o
    0x08001244   0x08001244   0x0000004c   Code   RO          412    i.GPIO_Configuration  motordrive.o
    0x08001290   0x08001290   0x00000116   Code   RO          692    i.GPIO_Init         stm32f10x_gpio.o
    0x080013a6   0x080013a6   0x00000002   PAD
    0x080013a8   0x080013a8   0x00000090   Code   RO          694    i.GPIO_PinRemapConfig  stm32f10x_gpio.o
    0x08001438   0x08001438   0x00000004   Code   RO          699    i.GPIO_ResetBits    stm32f10x_gpio.o
    0x0800143c   0x0800143c   0x00000004   Code   RO          700    i.GPIO_SetBits      stm32f10x_gpio.o
    0x08001440   0x08001440   0x00000004   Code   RO          167    i.HardFault_Handler  stm32f10x_it.o
    0x08001444   0x08001444   0x0000008c   Code   RO          546    i.IMU_Init          imu.o
    0x080014d0   0x080014d0   0x0000002c   Code   RO          262    i.KEY_Init          key.o
    0x080014fc   0x080014fc   0x00000048   Code   RO          280    i.LED_Init          led.o
    0x08001544   0x08001544   0x00000028   Code   RO          481    i.Max_one           movement.o
    0x0800156c   0x0800156c   0x00000004   Code   RO          168    i.MemManage_Handler  stm32f10x_it.o
    0x08001570   0x08001570   0x00000160   Code   RO          413    i.Motor_go          motordrive.o
    0x080016d0   0x080016d0   0x0000032c   Code   RO          482    i.MovingSpeed       movement.o
    0x080019fc   0x080019fc   0x00000018   Code   RO          442    i.MyAbs             fuzzypid.o
    0x08001a14   0x08001a14   0x00000002   Code   RO          169    i.NMI_Handler       stm32f10x_it.o
    0x08001a16   0x08001a16   0x00000002   PAD
    0x08001a18   0x08001a18   0x000000ac   Code   RO          512    i.NVIC_Configuration  rece.o
    0x08001ac4   0x08001ac4   0x00000070   Code   RO          650    i.NVIC_Init         misc.o
    0x08001b34   0x08001b34   0x00000014   Code   RO          651    i.NVIC_PriorityGroupConfig  misc.o
    0x08001b48   0x08001b48   0x00000002   Code   RO          170    i.PendSV_Handler    stm32f10x_it.o
    0x08001b4a   0x08001b4a   0x00000002   PAD
    0x08001b4c   0x08001b4c   0x00000020   Code   RO          801    i.RCC_AHBPeriphClockCmd  stm32f10x_rcc.o
    0x08001b6c   0x08001b6c   0x00000020   Code   RO          802    i.RCC_APB1PeriphClockCmd  stm32f10x_rcc.o
    0x08001b8c   0x08001b8c   0x00000020   Code   RO          804    i.RCC_APB2PeriphClockCmd  stm32f10x_rcc.o
    0x08001bac   0x08001bac   0x000000d4   Code   RO          812    i.RCC_GetClocksFreq  stm32f10x_rcc.o
    0x08001c80   0x08001c80   0x000000f8   Code   RO          513    i.RC_Init           rece.o
    0x08001d78   0x08001d78   0x00000006   Code   RO          572    i.ResetArray        laser.o
    0x08001d7e   0x08001d7e   0x00000002   Code   RO          171    i.SVC_Handler       stm32f10x_it.o
    0x08001d80   0x08001d80   0x00000008   Code   RO          616    i.SetSysClock       system_stm32f10x.o
    0x08001d88   0x08001d88   0x000000e0   Code   RO          617    i.SetSysClockTo72   system_stm32f10x.o
    0x08001e68   0x08001e68   0x00000008   Code   RO          172    i.SysTick_Handler   stm32f10x_it.o
    0x08001e70   0x08001e70   0x00000060   Code   RO          619    i.SystemInit        system_stm32f10x.o
    0x08001ed0   0x08001ed0   0x00000080   Code   RO         3015    i.TI1_Config        stm32f10x_tim.o
    0x08001f50   0x08001f50   0x00000098   Code   RO         3016    i.TI2_Config        stm32f10x_tim.o
    0x08001fe8   0x08001fe8   0x00000090   Code   RO         3017    i.TI3_Config        stm32f10x_tim.o
    0x08002078   0x08002078   0x00000098   Code   RO         3018    i.TI4_Config        stm32f10x_tim.o
    0x08002110   0x08002110   0x00000018   Code   RO          321    i.TIM2_IRQHandler   encoder.o
    0x08002128   0x08002128   0x00000018   Code   RO          322    i.TIM4_IRQHandler   encoder.o
    0x08002140   0x08002140   0x0000026c   Code   RO          364    i.TIM6_IRQHandler   pid_cal_tim6.o
    0x080023ac   0x080023ac   0x00000060   Code   RO          400    i.TIM6_Int_Init     timer.o
    0x0800240c   0x0800240c   0x0000010c   Code   RO          414    i.TIM8_PWM_Init     motordrive.o
    0x08002518   0x08002518   0x00000006   Code   RO         3025    i.TIM_ClearFlag     stm32f10x_tim.o
    0x0800251e   0x0800251e   0x00000006   Code   RO         3026    i.TIM_ClearITPendingBit  stm32f10x_tim.o
    0x08002524   0x08002524   0x00000018   Code   RO         3031    i.TIM_Cmd           stm32f10x_tim.o
    0x0800253c   0x0800253c   0x0000001e   Code   RO         3033    i.TIM_CtrlPWMOutputs  stm32f10x_tim.o
    0x0800255a   0x0800255a   0x00000042   Code   RO         3040    i.TIM_EncoderInterfaceConfig  stm32f10x_tim.o
    0x0800259c   0x0800259c   0x00000022   Code   RO         3052    i.TIM_GetITStatus   stm32f10x_tim.o
    0x080025be   0x080025be   0x00000002   PAD
    0x080025c0   0x080025c0   0x000000ac   Code   RO         3054    i.TIM_ICInit        stm32f10x_tim.o
    0x0800266c   0x0800266c   0x00000012   Code   RO         3055    i.TIM_ICStructInit  stm32f10x_tim.o
    0x0800267e   0x0800267e   0x00000012   Code   RO         3056    i.TIM_ITConfig      stm32f10x_tim.o
    0x08002690   0x08002690   0x00000098   Code   RO         3060    i.TIM_OC1Init       stm32f10x_tim.o
    0x08002728   0x08002728   0x00000012   Code   RO         3063    i.TIM_OC1PreloadConfig  stm32f10x_tim.o
    0x0800273a   0x0800273a   0x00000002   PAD
    0x0800273c   0x0800273c   0x000000a4   Code   RO         3065    i.TIM_OC2Init       stm32f10x_tim.o
    0x080027e0   0x080027e0   0x0000001a   Code   RO         3068    i.TIM_OC2PreloadConfig  stm32f10x_tim.o
    0x080027fa   0x080027fa   0x00000002   PAD
    0x080027fc   0x080027fc   0x000000a0   Code   RO         3070    i.TIM_OC3Init       stm32f10x_tim.o
    0x0800289c   0x0800289c   0x00000012   Code   RO         3073    i.TIM_OC3PreloadConfig  stm32f10x_tim.o
    0x080028ae   0x080028ae   0x00000002   PAD
    0x080028b0   0x080028b0   0x0000007c   Code   RO         3075    i.TIM_OC4Init       stm32f10x_tim.o
    0x0800292c   0x0800292c   0x0000001a   Code   RO         3077    i.TIM_OC4PreloadConfig  stm32f10x_tim.o
    0x08002946   0x08002946   0x00000004   Code   RO         3093    i.TIM_SetCompare2   stm32f10x_tim.o
    0x0800294a   0x0800294a   0x00000004   Code   RO         3094    i.TIM_SetCompare3   stm32f10x_tim.o
    0x0800294e   0x0800294e   0x00000006   Code   RO         3095    i.TIM_SetCompare4   stm32f10x_tim.o
    0x08002954   0x08002954   0x00000004   Code   RO         3096    i.TIM_SetCounter    stm32f10x_tim.o
    0x08002958   0x08002958   0x00000012   Code   RO         3097    i.TIM_SetIC1Prescaler  stm32f10x_tim.o
    0x0800296a   0x0800296a   0x0000001a   Code   RO         3098    i.TIM_SetIC2Prescaler  stm32f10x_tim.o
    0x08002984   0x08002984   0x00000012   Code   RO         3099    i.TIM_SetIC3Prescaler  stm32f10x_tim.o
    0x08002996   0x08002996   0x0000001a   Code   RO         3100    i.TIM_SetIC4Prescaler  stm32f10x_tim.o
    0x080029b0   0x080029b0   0x000000a4   Code   RO         3102    i.TIM_TimeBaseInit  stm32f10x_tim.o
    0x08002a54   0x08002a54   0x00000012   Code   RO         3103    i.TIM_TimeBaseStructInit  stm32f10x_tim.o
    0x08002a66   0x08002a66   0x00000002   PAD
    0x08002a68   0x08002a68   0x00000018   Code   RO          230    i.TimingDelay_Decrement  delay.o
    0x08002a80   0x08002a80   0x0000018c   Code   RO          573    i.UART4_IRQHandler  laser.o
    0x08002c0c   0x08002c0c   0x0000029c   Code   RO          547    i.USART3_IRQHandler  imu.o
    0x08002ea8   0x08002ea8   0x00000012   Code   RO         1000    i.USART_ClearFlag   stm32f10x_usart.o
    0x08002eba   0x08002eba   0x0000001e   Code   RO         1001    i.USART_ClearITPendingBit  stm32f10x_usart.o
    0x08002ed8   0x08002ed8   0x00000018   Code   RO         1004    i.USART_Cmd         stm32f10x_usart.o
    0x08002ef0   0x08002ef0   0x00000012   Code   RO         1005    i.USART_DMACmd      stm32f10x_usart.o
    0x08002f02   0x08002f02   0x00000002   PAD
    0x08002f04   0x08002f04   0x00000044   Code   RO          292    i.USART_GPIO_Config  usart.o
    0x08002f48   0x08002f48   0x0000001a   Code   RO         1007    i.USART_GetFlagStatus  stm32f10x_usart.o
    0x08002f62   0x08002f62   0x00000054   Code   RO         1008    i.USART_GetITStatus  stm32f10x_usart.o
    0x08002fb6   0x08002fb6   0x0000004a   Code   RO         1010    i.USART_ITConfig    stm32f10x_usart.o
    0x08003000   0x08003000   0x000000d8   Code   RO         1011    i.USART_Init        stm32f10x_usart.o
    0x080030d8   0x080030d8   0x0000000a   Code   RO         1018    i.USART_ReceiveData  stm32f10x_usart.o
    0x080030e2   0x080030e2   0x00000008   Code   RO         1021    i.USART_SendData    stm32f10x_usart.o
    0x080030ea   0x080030ea   0x00000004   Code   RO          173    i.UsageFault_Handler  stm32f10x_it.o
    0x080030ee   0x080030ee   0x00000002   PAD
    0x080030f0   0x080030f0   0x00000044   Code   RO          293    i.Usart_Config      usart.o
    0x08003134   0x08003134   0x00000020   Code   RO          365    i.V1_pid_init       pid_cal_tim6.o
    0x08003154   0x08003154   0x00000020   Code   RO          366    i.V2_pid_init       pid_cal_tim6.o
    0x08003174   0x08003174   0x00000020   Code   RO          367    i.V3_pid_init       pid_cal_tim6.o
    0x08003194   0x08003194   0x00000020   Code   RO         3687    i.__0printf$1       mc_w.l(printf1.o)
    0x080031b4   0x080031b4   0x00000028   Code   RO         4006    i.__ARM_fpclassify  m_ws.l(fpclassify.o)
    0x080031dc   0x080031dc   0x00000008   Code   RO         3990    i.__aeabi_errno_addr  mc_w.l(errno.o)
    0x080031e4   0x080031e4   0x00000388   Code   RO         3954    i.__ieee754_rem_pio2  m_ws.l(rred.o)
    0x0800356c   0x0800356c   0x000000fc   Code   RO         3937    i.__kernel_cos      m_ws.l(cos_i.o)
    0x08003668   0x08003668   0x000000aa   Code   RO         4008    i.__kernel_poly     m_ws.l(poly.o)
    0x08003712   0x08003712   0x00000002   PAD
    0x08003714   0x08003714   0x000000ec   Code   RO         3959    i.__kernel_sin      m_ws.l(sin_i.o)
    0x08003800   0x08003800   0x00000006   Code   RO         3941    i.__mathlib_dbl_infnan  m_ws.l(dunder.o)
    0x08003806   0x08003806   0x0000000c   Code   RO         3943    i.__mathlib_dbl_invalid  m_ws.l(dunder.o)
    0x08003812   0x08003812   0x00000002   PAD
    0x08003814   0x08003814   0x00000010   Code   RO         3946    i.__mathlib_dbl_underflow  m_ws.l(dunder.o)
    0x08003824   0x08003824   0x0000000e   Code   RO         4050    i.__scatterload_copy  mc_w.l(handlers.o)
    0x08003832   0x08003832   0x00000002   Code   RO         4051    i.__scatterload_null  mc_w.l(handlers.o)
    0x08003834   0x08003834   0x0000000e   Code   RO         4052    i.__scatterload_zeroinit  mc_w.l(handlers.o)
    0x08003842   0x08003842   0x00000002   PAD
    0x08003844   0x08003844   0x0000000c   Code   RO         3992    i.__set_errno       mc_w.l(errno.o)
    0x08003850   0x08003850   0x00000154   Code   RO         3694    i._printf_core      mc_w.l(printf1.o)
    0x080039a4   0x080039a4   0x0000009c   Code   RO         3618    i.cos               m_ws.l(cos.o)
    0x08003a40   0x08003a40   0x00000024   Code   RO          294    i.fputc             usart.o
    0x08003a64   0x08003a64   0x00000614   Code   RO          444    i.fuzzy             fuzzypid.o
    0x08004078   0x08004078   0x000000bc   Code   RO            1    i.main              main.o
    0x08004134   0x08004134   0x0000000e   Code   RO          483    i.myabs             movement.o
    0x08004142   0x08004142   0x00000002   PAD
    0x08004144   0x08004144   0x000000a0   Code   RO         3626    i.sin               m_ws.l(sin.o)
    0x080041e4   0x080041e4   0x0000002e   Code   RO          415    i.speed_limit       motordrive.o
    0x08004212   0x08004212   0x00000002   PAD
    0x08004214   0x08004214   0x000001dc   Code   RO          446    i.speed_pid         fuzzypid.o
    0x080043f0   0x080043f0   0x0000008c   Code   RO          574    i.uart4_init        laser.o
    0x0800447c   0x0800447c   0x0000024c   Data   RO          447    .constdata          fuzzypid.o
    0x080046c8   0x080046c8   0x00000030   Data   RO         3938    .constdata          m_ws.l(cos_i.o)
    0x080046f8   0x080046f8   0x000000c8   Data   RO         3956    .constdata          m_ws.l(rred.o)
    0x080047c0   0x080047c0   0x00000028   Data   RO         3960    .constdata          m_ws.l(sin_i.o)
    0x080047e8   0x080047e8   0x00000081   Data   RO         4013    .constdata          mc_w.l(ctype_o.o)
    0x08004869   0x08004869   0x00000003   PAD
    0x0800486c   0x0800486c   0x00000004   Data   RO         4014    .constdata          mc_w.l(ctype_o.o)
    0x08004870   0x08004870   0x00000020   Data   RO         4048    Region$$Table       anon$$obj.o


    Execution Region RW_IRAM1 (Exec base: 0x20000000, Load base: 0x08004890, Size: 0x00000808, Max: 0x00010000, ABSOLUTE, COMPRESSED[0x00000030])

    Exec Addr    Load Addr    Size         Type   Attr      Idx    E Section Name        Object

    0x20000000   COMPRESSED   0x00000010   Data   RW            2    .data               main.o
    0x20000010   COMPRESSED   0x00000004   Data   RW          231    .data               delay.o
    0x20000014   COMPRESSED   0x00000110   Data   RW          368    .data               pid_cal_tim6.o
    0x20000124   COMPRESSED   0x00000014   Data   RW          484    .data               movement.o
    0x20000138   COMPRESSED   0x00000014   Data   RW          549    .data               imu.o
    0x2000014c   COMPRESSED   0x00000098   Data   RW          576    .data               laser.o
    0x200001e4   COMPRESSED   0x00000014   Data   RW          620    .data               system_stm32f10x.o
    0x200001f8   COMPRESSED   0x00000014   Data   RW          832    .data               stm32f10x_rcc.o
    0x2000020c   COMPRESSED   0x00000004   Data   RW         3979    .data               mc_w.l(stdout.o)
    0x20000210   COMPRESSED   0x00000004   Data   RW         3993    .data               mc_w.l(errno.o)
    0x20000214        -       0x0000005c   Zero   RW          514    .bss                rece.o
    0x20000270        -       0x000000f8   Zero   RW          548    .bss                imu.o
    0x20000368        -       0x0000009a   Zero   RW          575    .bss                laser.o
    0x20000402   COMPRESSED   0x00000006   PAD
    0x20000408        -       0x00000400   Zero   RW          608    STACK               startup_stm32f10x_hd.o


==============================================================================

Image component sizes


      Code (inc. data)   RO Data    RW Data    ZI Data      Debug   Object Name

       140         22          0          4          0      17211   delay.o
       720         42          0          0          0       3552   encoder.o
      2056         56        588          0          0       3408   fuzzypid.o
       808         58          0         20        248       2878   imu.o
        44          6          0          0          0        491   key.o
       654        100          0        152        154       4550   laser.o
        72          4          0          0          0        507   led.o
       188         50          0         16          0     265957   main.o
       132         22          0          0          0       1655   misc.o
       742         28          0          0          0       2706   motordrive.o
       866         38          0         20          0       2207   movement.o
       716        136          0        272          0       2576   pid_cal_tim6.o
       708         38          0          0         92      17953   rece.o
        36          8        304          0       1024        920   startup_stm32f10x_hd.o
       506         26          0          0          0       5393   stm32f10x_dma.o
       430          6          0          0          0       4058   stm32f10x_gpio.o
        32          0          0          0          0       3862   stm32f10x_it.o
       308         38          0         20          0       5210   stm32f10x_rcc.o
      1926        200          0          0          0      21012   stm32f10x_tim.o
       508          6          0          0          0       8356   stm32f10x_usart.o
       328         28          0         20          0       2545   system_stm32f10x.o
        96          6          0          0          0        656   timer.o
       172         14          0          0          0       1595   usart.o

    ----------------------------------------------------------------------
     12212        932        924        524       1524     379258   Object Totals
         0          0         32          0          0          0   (incl. Generated)
        24          0          0          0          6          0   (incl. Padding)

    ----------------------------------------------------------------------

      Code (inc. data)   RO Data    RW Data    ZI Data      Debug   Library Member Name

       156          8          0          0          0        104   cos.o
       252         22         48          0          0        124   cos_i.o
        34          6          0          0          0        204   dunder.o
        40          0          0          0          0         68   fpclassify.o
       170          0          0          0          0         96   poly.o
       904         76        200          0          0        140   rred.o
       160         10          0          0          0        108   sin.o
       236         12         40          0          0        128   sin_i.o
        86          0          0          0          0          0   __dczerorl2.o
        28          0          0          0          0         68   _chval.o
       158          0          0          0          0         92   _strtoul.o
        26          0          0          0          0         80   atoi.o
         8          4        133          0          0         68   ctype_o.o
         0          0          0          0          0          0   entry.o
         0          0          0          0          0          0   entry10a.o
         0          0          0          0          0          0   entry11a.o
         8          4          0          0          0          0   entry2.o
         4          0          0          0          0          0   entry5.o
         0          0          0          0          0          0   entry7b.o
         0          0          0          0          0          0   entry8b.o
         8          4          0          0          0          0   entry9a.o
        20         10          0          4          0        136   errno.o
        30          0          0          0          0          0   handlers.o
        36          8          0          0          0         68   init.o
         0          0          0          0          0          0   iusefp.o
        30          0          0          0          0         68   llshl.o
        36          0          0          0          0         68   llsshr.o
        32          0          0          0          0         68   llushr.o
        36          0          0          0          0         68   memcpya.o
        36          0          0          0          0        108   memseta.o
       372         14          0          0          0        184   printf1.o
         0          0          0          4          0          0   stdout.o
       112          0          0          0          0         88   strtol.o
        44          0          0          0          0         80   uidiv.o
        48          0          0          0          0         68   cdcmple.o
        48          0          0          0          0         68   cdrcmple.o
        20          0          0          0          0         68   cfcmple.o
        20          0          0          0          0         68   cfrcmple.o
        56          0          0          0          0         88   d2f.o
       334          0          0          0          0        148   dadd.o
       222          0          0          0          0        100   ddiv.o
       186          0          0          0          0        176   depilogue.o
        62          0          0          0          0         80   dfixi.o
        34          0          0          0          0         76   dflti.o
        26          0          0          0          0         76   dfltui.o
       228          0          0          0          0         96   dmul.o
        46          0          0          0          0         80   dscalb.o
        38          0          0          0          0         68   f2d.o
       176          0          0          0          0        140   fadd.o
       124          0          0          0          0         88   fdiv.o
       110          0          0          0          0        168   fepilogue.o
        50          0          0          0          0         68   ffixi.o
        18          0          0          0          0         68   fflti.o
       100          0          0          0          0         76   fmul.o

    ----------------------------------------------------------------------
      5016        178        424          8          0       4084   Library Totals
         8          0          3          0          0          0   (incl. Padding)

    ----------------------------------------------------------------------

      Code (inc. data)   RO Data    RW Data    ZI Data      Debug   Library Name

      1952        134        288          0          0        972   m_ws.l
      1110         44        133          8          0       1244   mc_w.l
      1946          0          0          0          0       1868   mf_w.l

    ----------------------------------------------------------------------
      5016        178        424          8          0       4084   Library Totals

    ----------------------------------------------------------------------

==============================================================================


      Code (inc. data)   RO Data    RW Data    ZI Data      Debug   

     17228       1110       1348        532       1524     375930   Grand Totals
     17228       1110       1348         48       1524     375930   ELF Image Totals (compressed)
     17228       1110       1348         48          0          0   ROM Totals

==============================================================================

    Total RO  Size (Code + RO Data)                18576 (  18.14kB)
    Total RW  Size (RW Data + ZI Data)              2056 (   2.01kB)
    Total ROM Size (Code + RO Data + RW Data)      18624 (  18.19kB)

==============================================================================

