Component: ARM Compiler 5.06 update 6 (build 750) Tool: armlink [4d35ed]

==============================================================================

Section Cross References

    main.o(i.main) refers to led.o(i.LED_Init) for LED_Init
    main.o(i.main) refers to delay.o(i.Delay_Init) for Delay_Init
    main.o(i.main) refers to usart.o(i.Usart_Config) for Usart_Config
    main.o(i.main) refers to key.o(i.KEY_Init) for KEY_Init
    main.o(i.main) refers to motordrive.o(i.GPIO_Configuration) for GPIO_Configuration
    main.o(i.main) refers to sendcmd.o(i.SendCmd_Configuration) for SendCmd_Configuration
    main.o(i.main) refers to motordrive.o(i.TIM8_PWM_Init) for TIM8_PWM_Init
    main.o(i.main) refers to encoder.o(i.Encoder_Init_TIM2) for Encoder_Init_TIM2
    main.o(i.main) refers to encoder.o(i.Encoder_Init_TIM3) for Encoder_Init_TIM3
    main.o(i.main) refers to encoder.o(i.Encoder_Init_TIM4) for Encoder_Init_TIM4
    main.o(i.main) refers to encoder.o(i.Encoder_Init_TIM5) for Encoder_Init_TIM5
    main.o(i.main) refers to rece.o(i.RC_Init) for RC_Init
    main.o(i.main) refers to imu.o(i.IMU_Init) for IMU_Init
    main.o(i.main) refers to laser.o(i.uart4_init) for uart4_init
    main.o(i.main) refers to rece.o(i.NVIC_Configuration) for NVIC_Configuration
    main.o(i.main) refers to delay.o(i.Delay_ms) for Delay_ms
    main.o(i.main) refers to timer.o(i.TIM6_Int_Init) for TIM6_Int_Init
    main.o(i.main) refers to key.o(i.KEY_Scan) for KEY_Scan
    main.o(i.main) refers to sendcmd.o(i.SendCmd) for SendCmd
    main.o(i.main) refers to stm32f10x_gpio.o(i.GPIO_ResetBits) for GPIO_ResetBits
    main.o(i.main) refers to stm32f10x_gpio.o(i.GPIO_SetBits) for GPIO_SetBits
    stm32f10x_it.o(i.SysTick_Handler) refers to delay.o(i.TimingDelay_Decrement) for TimingDelay_Decrement
    delay.o(i.Delay_Init) refers to system_stm32f10x.o(.data) for SystemCoreClock
    delay.o(i.Delay_ms) refers to delay.o(.data) for TimingDelay
    delay.o(i.TimingDelay_Decrement) refers to delay.o(.data) for TimingDelay
    key.o(i.KEY_Init) refers to stm32f10x_rcc.o(i.RCC_APB2PeriphClockCmd) for RCC_APB2PeriphClockCmd
    key.o(i.KEY_Init) refers to stm32f10x_gpio.o(i.GPIO_Init) for GPIO_Init
    key.o(i.KEY_Scan) refers to stm32f10x_gpio.o(i.GPIO_ReadInputDataBit) for GPIO_ReadInputDataBit
    key.o(i.KEY_Scan) refers to delay.o(i.Delay_ms) for Delay_ms
    led.o(i.LED_Init) refers to stm32f10x_rcc.o(i.RCC_APB2PeriphClockCmd) for RCC_APB2PeriphClockCmd
    led.o(i.LED_Init) refers to stm32f10x_gpio.o(i.GPIO_Init) for GPIO_Init
    led.o(i.LED_Init) refers to stm32f10x_gpio.o(i.GPIO_ResetBits) for GPIO_ResetBits
    usart.o(i.USART_GPIO_Config) refers to stm32f10x_rcc.o(i.RCC_APB2PeriphClockCmd) for RCC_APB2PeriphClockCmd
    usart.o(i.USART_GPIO_Config) refers to stm32f10x_gpio.o(i.GPIO_Init) for GPIO_Init
    usart.o(i.Usart_Config) refers to stm32f10x_rcc.o(i.RCC_APB2PeriphClockCmd) for RCC_APB2PeriphClockCmd
    usart.o(i.Usart_Config) refers to usart.o(i.USART_GPIO_Config) for USART_GPIO_Config
    usart.o(i.Usart_Config) refers to stm32f10x_usart.o(i.USART_Init) for USART_Init
    usart.o(i.Usart_Config) refers to stm32f10x_usart.o(i.USART_Cmd) for USART_Cmd
    usart.o(i.fputc) refers to stm32f10x_usart.o(i.USART_SendData) for USART_SendData
    usart.o(i.fputc) refers to stm32f10x_usart.o(i.USART_GetFlagStatus) for USART_GetFlagStatus
    encoder.o(i.Encoder_Init_TIM2) refers to stm32f10x_rcc.o(i.RCC_APB1PeriphClockCmd) for RCC_APB1PeriphClockCmd
    encoder.o(i.Encoder_Init_TIM2) refers to stm32f10x_rcc.o(i.RCC_APB2PeriphClockCmd) for RCC_APB2PeriphClockCmd
    encoder.o(i.Encoder_Init_TIM2) refers to stm32f10x_gpio.o(i.GPIO_PinRemapConfig) for GPIO_PinRemapConfig
    encoder.o(i.Encoder_Init_TIM2) refers to stm32f10x_gpio.o(i.GPIO_Init) for GPIO_Init
    encoder.o(i.Encoder_Init_TIM2) refers to stm32f10x_tim.o(i.TIM_TimeBaseStructInit) for TIM_TimeBaseStructInit
    encoder.o(i.Encoder_Init_TIM2) refers to stm32f10x_tim.o(i.TIM_TimeBaseInit) for TIM_TimeBaseInit
    encoder.o(i.Encoder_Init_TIM2) refers to stm32f10x_tim.o(i.TIM_EncoderInterfaceConfig) for TIM_EncoderInterfaceConfig
    encoder.o(i.Encoder_Init_TIM2) refers to stm32f10x_tim.o(i.TIM_ICStructInit) for TIM_ICStructInit
    encoder.o(i.Encoder_Init_TIM2) refers to stm32f10x_tim.o(i.TIM_ICInit) for TIM_ICInit
    encoder.o(i.Encoder_Init_TIM2) refers to stm32f10x_tim.o(i.TIM_ClearFlag) for TIM_ClearFlag
    encoder.o(i.Encoder_Init_TIM2) refers to stm32f10x_tim.o(i.TIM_ITConfig) for TIM_ITConfig
    encoder.o(i.Encoder_Init_TIM2) refers to stm32f10x_tim.o(i.TIM_SetCounter) for TIM_SetCounter
    encoder.o(i.Encoder_Init_TIM2) refers to stm32f10x_tim.o(i.TIM_Cmd) for TIM_Cmd
    encoder.o(i.Encoder_Init_TIM3) refers to stm32f10x_rcc.o(i.RCC_APB1PeriphClockCmd) for RCC_APB1PeriphClockCmd
    encoder.o(i.Encoder_Init_TIM3) refers to stm32f10x_rcc.o(i.RCC_APB2PeriphClockCmd) for RCC_APB2PeriphClockCmd
[...]
    ../clib/microlib/ctype/ctype.c           0x00000000   Number         0  isspace_o.o ABSOLUTE
    ../clib/microlib/ctype/ctype.c           0x00000000   Number         0  ispunct_o.o ABSOLUTE
    ../clib/microlib/ctype/ctype.c           0x00000000   Number         0  isblank_o.o ABSOLUTE
    ../clib/microlib/ctype/ctype.c           0x00000000   Number         0  isprint_o.o ABSOLUTE
    ../clib/microlib/ctype/ctype.c           0x00000000   Number         0  iscntrl_o.o ABSOLUTE
    ../clib/microlib/ctype/ctype.c           0x00000000   Number         0  islower_o.o ABSOLUTE
    ../clib/microlib/ctype/ctype.c           0x00000000   Number         0  isgraph_o.o ABSOLUTE
    ../clib/microlib/ctype/ctype.c           0x00000000   Number         0  ctype_o.o ABSOLUTE
    ../clib/microlib/ctype/ctype.c           0x00000000   Number         0  isalnum_o.o ABSOLUTE
    ../clib/microlib/errno.c                 0x00000000   Number         0  errno.o ABSOLUTE
    ../clib/microlib/init/entry.s            0x00000000   Number         0  entry11a.o ABSOLUTE
    ../clib/microlib/init/entry.s            0x00000000   Number         0  entry10b.o ABSOLUTE
    ../clib/microlib/init/entry.s            0x00000000   Number         0  entry10a.o ABSOLUTE
    ../clib/microlib/init/entry.s            0x00000000   Number         0  entry9b.o ABSOLUTE
    ../clib/microlib/init/entry.s            0x00000000   Number         0  entry9a.o ABSOLUTE
    ../clib/microlib/init/entry.s            0x00000000   Number         0  entry.o ABSOLUTE
    ../clib/microlib/init/entry.s            0x00000000   Number         0  entry8b.o ABSOLUTE
    ../clib/microlib/init/entry.s            0x00000000   Number         0  entry8a.o ABSOLUTE
    ../clib/microlib/init/entry.s            0x00000000   Number         0  entry7b.o ABSOLUTE
    ../clib/microlib/init/entry.s            0x00000000   Number         0  entry2.o ABSOLUTE
    ../clib/microlib/init/entry.s            0x00000000   Number         0  entry7a.o ABSOLUTE
    ../clib/microlib/init/entry.s            0x00000000   Number         0  entry5.o ABSOLUTE
    ../clib/microlib/init/entry.s            0x00000000   Number         0  entry11b.o ABSOLUTE
    ../clib/microlib/longlong.c              0x00000000   Number         0  llushr.o ABSOLUTE
    ../clib/microlib/longlong.c              0x00000000   Number         0  llsshr.o ABSOLUTE
    ../clib/microlib/longlong.c              0x00000000   Number         0  llshl.o ABSOLUTE
    ../clib/microlib/string/memcpy.c         0x00000000   Number         0  memcpya.o ABSOLUTE
    ../clib/microlib/string/memcpy.c         0x00000000   Number         0  memcpyb.o ABSOLUTE
    ../clib/microlib/string/memset.c         0x00000000   Number         0  memseta.o ABSOLUTE
    ../clib/microlib/stubs.s                 0x00000000   Number         0  iusefp.o ABSOLUTE
    ../clib/scanf.c                          0x00000000   Number         0  strtol.o ABSOLUTE
    ../clib/scanf.c                          0x00000000   Number         0  _chval.o ABSOLUTE
    ../clib/scanf.c                          0x00000000   Number         0  _strtoul.o ABSOLUTE
    ../clib/scanf.c                          0x00000000   Number         0  atoi.o ABSOLUTE
    ../fplib/microlib/d2f.c                  0x00000000   Number         0  d2f.o ABSOLUTE
    ../fplib/microlib/f2d.c                  0x00000000   Number         0  f2d.o ABSOLUTE
    ../fplib/microlib/fpadd.c                0x00000000   Number         0  dadd.o ABSOLUTE
    ../fplib/microlib/fpadd.c                0x00000000   Number         0  fadd.o ABSOLUTE
    ../fplib/microlib/fpdiv.c                0x00000000   Number         0  fdiv.o ABSOLUTE
    ../fplib/microlib/fpdiv.c                0x00000000   Number         0  ddiv.o ABSOLUTE
    ../fplib/microlib/fpepilogue.c           0x00000000   Number         0  depilogue.o ABSOLUTE
    ../fplib/microlib/fpepilogue.c           0x00000000   Number         0  fepilogue.o ABSOLUTE
    ../fplib/microlib/fpfix.c                0x00000000   Number         0  dfixi.o ABSOLUTE
    ../fplib/microlib/fpfix.c                0x00000000   Number         0  ffixi.o ABSOLUTE
    ../fplib/microlib/fpflt.c                0x00000000   Number         0  fflti.o ABSOLUTE
    ../fplib/microlib/fpflt.c                0x00000000   Number         0  dflti.o ABSOLUTE
    ../fplib/microlib/fpflt.c                0x00000000   Number         0  dfltui.o ABSOLUTE
    ../fplib/microlib/fpmul.c                0x00000000   Number         0  fmul.o ABSOLUTE
    ../fplib/microlib/fpmul.c                0x00000000   Number         0  dmul.o ABSOLUTE
    ../fplib/microlib/fpscalb.c              0x00000000   Number         0  dscalb.o ABSOLUTE
    ../mathlib/cos.c                         0x00000000   Number         0  cos_x.o ABSOLUTE
    ../mathlib/cos.c                         0x00000000   Number         0  cos.o ABSOLUTE
    ../mathlib/cos_i.c                       0x00000000   Number         0  cos_i.o ABSOLUTE
    ../mathlib/dunder.c                      0x00000000   Number         0  dunder.o ABSOLUTE
    ../mathlib/fpclassify.c                  0x00000000   Number         0  fpclassify.o ABSOLUTE
    ../mathlib/poly.c                        0x00000000   Number         0  poly.o ABSOLUTE
    ../mathlib/rred.c                        0x00000000   Number         0  rred.o ABSOLUTE
    ../mathlib/sin.c                         0x00000000   Number         0  sin.o ABSOLUTE
    ../mathlib/sin.c                         0x00000000   Number         0  sin_x.o ABSOLUTE
    ../mathlib/sin_i.c                       0x00000000   Number         0  sin_i_x.o ABSOLUTE
    ../mathlib/sin_i.c                       0x00000000   Number         0  sin_i.o ABSOLUTE
    ..\Drive\Source\FuzzyPID.c               0x00000000   Number         0  fuzzypid.o ABSOLUTE
    ..\Drive\Source\IMU.c                    0x00000000   Number         0  imu.o ABSOLUTE
    ..\Drive\Source\Laser.c                  0x00000000   Number         0  laser.o ABSOLUTE
    ..\Drive\Source\MotorDrive.c             0x00000000   Number         0  motordrive.o ABSOLUTE
    ..\Drive\Source\Movement.c               0x00000000   Number         0  movement.o ABSOLUTE
    ..\Drive\Source\PID_cal_tim6.c           0x00000000   Number         0  pid_cal_tim6.o ABSOLUTE
    ..\Drive\Source\Rece.c                   0x00000000   Number         0  rece.o ABSOLUTE
    ..\Drive\Source\SendCmd.c                0x00000000   Number         0  sendcmd.o ABSOLUTE
    ..\Drive\Source\Timer.c                  0x00000000   Number         0  timer.o ABSOLUTE
    ..\Drive\Source\delay.c                  0x00000000   Number         0  delay.o ABSOLUTE
    ..\Drive\Source\encoder.c                0x00000000   Number         0  encoder.o ABSOLUTE
    ..\Drive\Source\key.c                    0x00000000   Number         0  key.o ABSOLUTE
    ..\Drive\Source\led.c                    0x00000000   Number         0  led.o ABSOLUTE
    ..\Drive\Source\usart.c                  0x00000000   Number         0  usart.o ABSOLUTE
    ..\MY\main.c                             0x00000000   Number         0  main.o ABSOLUTE
    ..\MY\stm32f10x_it.c                     0x00000000   Number         0  stm32f10x_it.o ABSOLUTE
    ..\STM32\CMSIS\CM3\DeviceSupport\ST\STM32F10x\startup\arm\startup_stm32f10x_hd.s 0x00000000   Number         0  startup_stm32f10x_hd.o ABSOLUTE
    ..\STM32\CMSIS\CM3\DeviceSupport\ST\STM32F10x\system_stm32f10x.c 0x00000000   Number         0  system_stm32f10x.o ABSOLUTE
    ..\STM32\STM32F10x_StdPeriph_Driver\src\misc.c 0x00000000   Number         0  misc.o ABSOLUTE
    ..\STM32\STM32F10x_StdPeriph_Driver\src\stm32f10x_adc.c 0x00000000   Number         0  stm32f10x_adc.o ABSOLUTE
    ..\STM32\STM32F10x_StdPeriph_Driver\src\stm32f10x_bkp.c 0x00000000   Number         0  stm32f10x_bkp.o ABSOLUTE
    ..\STM32\STM32F10x_StdPeriph_Driver\src\stm32f10x_can.c 0x00000000   Number         0  stm32f10x_can.o ABSOLUTE
    ..\STM32\STM32F10x_StdPeriph_Driver\src\stm32f10x_cec.c 0x00000000   Number         0  stm32f10x_cec.o ABSOLUTE
    ..\STM32\STM32F10x_StdPeriph_Driver\src\stm32f10x_crc.c 0x00000000   Number         0  stm32f10x_crc.o ABSOLUTE
    ..\STM32\STM32F10x_StdPeriph_Driver\src\stm32f10x_dac.c 0x00000000   Number         0  stm32f10x_dac.o ABSOLUTE
    ..\STM32\STM32F10x_StdPeriph_Driver\src\stm32f10x_dbgmcu.c 0x00000000   Number         0  stm32f10x_dbgmcu.o ABSOLUTE
    ..\STM32\STM32F10x_StdPeriph_Driver\src\stm32f10x_dma.c 0x00000000   Number         0  stm32f10x_dma.o ABSOLUTE
    ..\STM32\STM32F10x_StdPeriph_Driver\src\stm32f10x_exti.c 0x00000000   Number         0  stm32f10x_exti.o ABSOLUTE
    ..\STM32\STM32F10x_StdPeriph_Driver\src\stm32f10x_flash.c 0x00000000   Number         0  stm32f10x_flash.o ABSOLUTE
    ..\STM32\STM32F10x_StdPeriph_Driver\src\stm32f10x_fsmc.c 0x00000000   Number         0  stm32f10x_fsmc.o ABSOLUTE
    ..\STM32\STM32F10x_StdPeriph_Driver\src\stm32f10x_gpio.c 0x00000000   Number         0  stm32f10x_gpio.o ABSOLUTE
    ..\STM32\STM32F10x_StdPeriph_Driver\src\stm32f10x_i2c.c 0x00000000   Number         0  stm32f10x_i2c.o ABSOLUTE
    ..\STM32\STM32F10x_StdPeriph_Driver\src\stm32f10x_iwdg.c 0x00000000   Number         0  stm32f10x_iwdg.o ABSOLUTE
    ..\STM32\STM32F10x_StdPeriph_Driver\src\stm32f10x_pwr.c 0x00000000   Number         0  stm32f10x_pwr.o ABSOLUTE
    ..\STM32\STM32F10x_StdPeriph_Driver\src\stm32f10x_rcc.c 0x00000000   Number         0  stm32f10x_rcc.o ABSOLUTE
    ..\STM32\STM32F10x_StdPeriph_Driver\src\stm32f10x_rtc.c 0x00000000   Number         0  stm32f10x_rtc.o ABSOLUTE
    ..\STM32\STM32F10x_StdPeriph_Driver\src\stm32f10x_sdio.c 0x00000000   Number         0  stm32f10x_sdio.o ABSOLUTE
    ..\STM32\STM32F10x_StdPeriph_Driver\src\stm32f10x_spi.c 0x00000000   Number         0  stm32f10x_spi.o ABSOLUTE
    ..\STM32\STM32F10x_StdPeriph_Driver\src\stm32f10x_tim.c 0x00000000   Number         0  stm32f10x_tim.o ABSOLUTE
    ..\STM32\STM32F10x_StdPeriph_Driver\src\stm32f10x_usart.c 0x00000000   Number         0  stm32f10x_usart.o ABSOLUTE
    ..\STM32\STM32F10x_StdPeriph_Driver\src\stm32f10x_wwdg.c 0x00000000   Number         0  stm32f10x_wwdg.o ABSOLUTE
    cdcmple.s                                0x00000000   Number         0  cdcmple.o ABSOLUTE
    cdrcmple.s                               0x00000000   Number         0  cdrcmple.o ABSOLUTE
    cfcmple.s                                0x00000000   Number         0  cfcmple.o ABSOLUTE
    cfrcmple.s                               0x00000000   Number         0  cfrcmple.o ABSOLUTE
    dc.s                                     0x00000000   Number         0  dc.o ABSOLUTE
    handlers.s                               0x00000000   Number         0  handlers.o ABSOLUTE
    init.s                                   0x00000000   Number         0  init.o ABSOLUTE
    RESET                                    0x08000000   Section      304  startup_stm32f10x_hd.o(RESET)
    .ARM.Collect$$$$00000000                 0x08000130   Section        0  entry.o(.ARM.Collect$$$$00000000)
    .ARM.Collect$$$$00000001                 0x08000130   Section        4  entry2.o(.ARM.Collect$$$$00000001)
    .ARM.Collect$$$$00000004                 0x08000134   Section        4  entry5.o(.ARM.Collect$$$$00000004)
    .ARM.Collect$$$$00000008                 0x08000138   Section        0  entry7b.o(.ARM.Collect$$$$00000008)
    .ARM.Collect$$$$0000000A                 0x08000138   Section        0  entry8b.o(.ARM.Collect$$$$0000000A)
    .ARM.Collect$$$$0000000B                 0x08000138   Section        8  entry9a.o(.ARM.Collect$$$$0000000B)
    .ARM.Collect$$$$0000000D                 0x08000140   Section        0  entry10a.o(.ARM.Collect$$$$0000000D)
    .ARM.Collect$$$$0000000F                 0x08000140   Section        0  entry11a.o(.ARM.Collect$$$$0000000F)
    .ARM.Collect$$$$00002712                 0x08000140   Section        4  entry2.o(.ARM.Collect$$$$00002712)
    __lit__00000000                          0x08000140   Data           4  entry2.o(.ARM.Collect$$$$00002712)
    .text                                    0x08000144   Section       36  startup_stm32f10x_hd.o(.text)
    .text                                    0x08000168   Section        0  memcpya.o(.text)
    .text                                    0x0800018c   Section        0  memseta.o(.text)
    .text                                    0x080001b0   Section        0  atoi.o(.text)
    .text                                    0x080001ca   Section        0  fadd.o(.text)
    .text                                    0x0800027a   Section        0  fmul.o(.text)
    .text                                    0x080002de   Section        0  fdiv.o(.text)
    .text                                    0x0800035a   Section        0  dadd.o(.text)
    .text                                    0x080004a8   Section        0  dmul.o(.text)
    .text                                    0x0800058c   Section        0  ddiv.o(.text)
    .text                                    0x0800066a   Section        0  fflti.o(.text)
    .text                                    0x0800067c   Section        0  dflti.o(.text)
    .text                                    0x0800069e   Section        0  ffixi.o(.text)
    .text                                    0x080006d0   Section        0  dfixi.o(.text)
    .text                                    0x0800070e   Section        0  f2d.o(.text)
    .text                                    0x08000734   Section       48  cdcmple.o(.text)
    .text                                    0x08000764   Section       48  cdrcmple.o(.text)
    .text                                    0x08000794   Section        0  d2f.o(.text)
    .text                                    0x080007cc   Section       20  cfcmple.o(.text)
    .text                                    0x080007e0   Section       20  cfrcmple.o(.text)
    .text                                    0x080007f4   Section        0  llshl.o(.text)
    .text                                    0x08000812   Section        0  llushr.o(.text)
    .text                                    0x08000832   Section        0  llsshr.o(.text)
    .text                                    0x08000856   Section        0  strtol.o(.text)
    .text                                    0x080008c6   Section        0  iusefp.o(.text)
    .text                                    0x080008c6   Section        0  fepilogue.o(.text)
    .text                                    0x08000934   Section        0  depilogue.o(.text)
    .text                                    0x080009f0   Section       36  init.o(.text)
    .text                                    0x08000a14   Section        0  ctype_o.o(.text)
    .text                                    0x08000a1c   Section        0  _strtoul.o(.text)
    .text                                    0x08000aba   Section        0  dscalb.o(.text)
    .text                                    0x08000ae8   Section        0  dfltui.o(.text)
    .text                                    0x08000b02   Section        0  _chval.o(.text)
    .text                                    0x08000b1e   Section        0  __dczerorl2.o(.text)
    i.BusFault_Handler                       0x08000b74   Section        0  stm32f10x_it.o(i.BusFault_Handler)
    i.DMA1_Channel6_IRQHandler               0x08000b78   Section        0  rece.o(i.DMA1_Channel6_IRQHandler)
    i.DMA_ClearFlag                          0x08000c98   Section        0  stm32f10x_dma.o(i.DMA_ClearFlag)
    i.DMA_Cmd                                0x08000cb4   Section        0  stm32f10x_dma.o(i.DMA_Cmd)
    i.DMA_DeInit                             0x08000ccc   Section        0  stm32f10x_dma.o(i.DMA_DeInit)
    i.DMA_GetFlagStatus                      0x08000e18   Section        0  stm32f10x_dma.o(i.DMA_GetFlagStatus)
    i.DMA_ITConfig                           0x08000e44   Section        0  stm32f10x_dma.o(i.DMA_ITConfig)
    i.DMA_Init                               0x08000e56   Section        0  stm32f10x_dma.o(i.DMA_Init)
    i.DebugMon_Handler                       0x08000e92   Section        0  stm32f10x_it.o(i.DebugMon_Handler)
    i.Delay_Init                             0x08000e94   Section        0  delay.o(i.Delay_Init)
    i.Delay_ms                               0x08000ef4   Section        0  delay.o(i.Delay_ms)
    i.Encoder_Init_TIM2                      0x08000f08   Section        0  encoder.o(i.Encoder_Init_TIM2)
    i.Encoder_Init_TIM3                      0x08000fd4   Section        0  encoder.o(i.Encoder_Init_TIM3)
    i.Encoder_Init_TIM4                      0x08001070   Section        0  encoder.o(i.Encoder_Init_TIM4)
    i.Encoder_Init_TIM5                      0x0800110c   Section        0  encoder.o(i.Encoder_Init_TIM5)
    i.FindPosi                               0x080011a8   Section        0  laser.o(i.FindPosi)
    i.GPIO_Configuration                     0x08001218   Section        0  motordrive.o(i.GPIO_Configuration)
    i.GPIO_Init                              0x08001264   Section        0  stm32f10x_gpio.o(i.GPIO_Init)
    i.GPIO_PinRemapConfig                    0x0800137c   Section        0  stm32f10x_gpio.o(i.GPIO_PinRemapConfig)
    i.GPIO_ReadInputDataBit                  0x0800140c   Section        0  stm32f10x_gpio.o(i.GPIO_ReadInputDataBit)
    i.GPIO_ResetBits                         0x0800141e   Section        0  stm32f10x_gpio.o(i.GPIO_ResetBits)
    i.GPIO_SetBits                           0x08001422   Section        0  stm32f10x_gpio.o(i.GPIO_SetBits)
    i.HardFault_Handler                      0x08001426   Section        0  stm32f10x_it.o(i.HardFault_Handler)
    i.IMU_Init                               0x0800142c   Section        0  imu.o(i.IMU_Init)
    i.KEY_Init                               0x080014b8   Section        0  key.o(i.KEY_Init)
    i.KEY_Scan                               0x080014e4   Section        0  key.o(i.KEY_Scan)
    i.LED_Init                               0x0800151c   Section        0  led.o(i.LED_Init)
    i.Max_one                                0x08001564   Section        0  movement.o(i.Max_one)
    i.MemManage_Handler                      0x0800158c   Section        0  stm32f10x_it.o(i.MemManage_Handler)
    i.Motor_go                               0x08001590   Section        0  motordrive.o(i.Motor_go)
    i.MovingSpeed                            0x080016f0   Section        0  movement.o(i.MovingSpeed)
    i.MyAbs                                  0x08001a1c   Section        0  fuzzypid.o(i.MyAbs)
    i.NMI_Handler                            0x08001a34   Section        0  stm32f10x_it.o(i.NMI_Handler)
    i.NVIC_Configuration                     0x08001a38   Section        0  rece.o(i.NVIC_Configuration)
    i.NVIC_Init                              0x08001ae4   Section        0  misc.o(i.NVIC_Init)
    i.NVIC_PriorityGroupConfig               0x08001b54   Section        0  misc.o(i.NVIC_PriorityGroupConfig)
    i.PendSV_Handler                         0x08001b68   Section        0  stm32f10x_it.o(i.PendSV_Handler)
    i.RCC_AHBPeriphClockCmd                  0x08001b6c   Section        0  stm32f10x_rcc.o(i.RCC_AHBPeriphClockCmd)
    i.RCC_APB1PeriphClockCmd                 0x08001b8c   Section        0  stm32f10x_rcc.o(i.RCC_APB1PeriphClockCmd)
    i.RCC_APB2PeriphClockCmd                 0x08001bac   Section        0  stm32f10x_rcc.o(i.RCC_APB2PeriphClockCmd)
    i.RCC_GetClocksFreq                      0x08001bcc   Section        0  stm32f10x_rcc.o(i.RCC_GetClocksFreq)
    i.RC_Init                                0x08001ca0   Section        0  rece.o(i.RC_Init)
    i.ResetArray                             0x08001d98   Section        0  laser.o(i.ResetArray)
    i.SVC_Handler                            0x08001d9e   Section        0  stm32f10x_it.o(i.SVC_Handler)
    i.SendCmd                                0x08001da0   Section        0  sendcmd.o(i.SendCmd)
    i.SendCmd_Configuration                  0x08001e90   Section        0  sendcmd.o(i.SendCmd_Configuration)
    i.SetSysClock                            0x08001ef4   Section        0  system_stm32f10x.o(i.SetSysClock)
    SetSysClock                              0x08001ef5   Thumb Code     8  system_stm32f10x.o(i.SetSysClock)
    i.SetSysClockTo72                        0x08001efc   Section        0  system_stm32f10x.o(i.SetSysClockTo72)
    SetSysClockTo72                          0x08001efd   Thumb Code   214  system_stm32f10x.o(i.SetSysClockTo72)
    i.SysTick_Handler                        0x08001fdc   Section        0  stm32f10x_it.o(i.SysTick_Handler)
    i.SystemInit                             0x08001fe4   Section        0  system_stm32f10x.o(i.SystemInit)
    i.TI1_Config                             0x08002044   Section        0  stm32f10x_tim.o(i.TI1_Config)
    TI1_Config                               0x08002045   Thumb Code   108  stm32f10x_tim.o(i.TI1_Config)
    i.TI2_Config                             0x080020c4   Section        0  stm32f10x_tim.o(i.TI2_Config)
    TI2_Config                               0x080020c5   Thumb Code   130  stm32f10x_tim.o(i.TI2_Config)
    i.TI3_Config                             0x0800215c   Section        0  stm32f10x_tim.o(i.TI3_Config)
    TI3_Config                               0x0800215d   Thumb Code   122  stm32f10x_tim.o(i.TI3_Config)
    i.TI4_Config                             0x080021ec   Section        0  stm32f10x_tim.o(i.TI4_Config)
    TI4_Config                               0x080021ed   Thumb Code   130  stm32f10x_tim.o(i.TI4_Config)
    i.TIM2_IRQHandler                        0x08002284   Section        0  encoder.o(i.TIM2_IRQHandler)
    i.TIM4_IRQHandler                        0x0800229c   Section        0  encoder.o(i.TIM4_IRQHandler)
    i.TIM6_IRQHandler                        0x080022b4   Section        0  pid_cal_tim6.o(i.TIM6_IRQHandler)
    i.TIM6_Int_Init                          0x08002520   Section        0  timer.o(i.TIM6_Int_Init)
    i.TIM8_PWM_Init                          0x08002580   Section        0  motordrive.o(i.TIM8_PWM_Init)
    i.TIM_ClearFlag                          0x0800268c   Section        0  stm32f10x_tim.o(i.TIM_ClearFlag)
    i.TIM_ClearITPendingBit                  0x08002692   Section        0  stm32f10x_tim.o(i.TIM_ClearITPendingBit)
    i.TIM_Cmd                                0x08002698   Section        0  stm32f10x_tim.o(i.TIM_Cmd)
    i.TIM_CtrlPWMOutputs                     0x080026b0   Section        0  stm32f10x_tim.o(i.TIM_CtrlPWMOutputs)
    i.TIM_EncoderInterfaceConfig             0x080026ce   Section        0  stm32f10x_tim.o(i.TIM_EncoderInterfaceConfig)
    i.TIM_GetITStatus                        0x08002710   Section        0  stm32f10x_tim.o(i.TIM_GetITStatus)
    i.TIM_ICInit                             0x08002734   Section        0  stm32f10x_tim.o(i.TIM_ICInit)
    i.TIM_ICStructInit                       0x080027e0   Section        0  stm32f10x_tim.o(i.TIM_ICStructInit)
    i.TIM_ITConfig                           0x080027f2   Section        0  stm32f10x_tim.o(i.TIM_ITConfig)
    i.TIM_OC1Init                            0x08002804   Section        0  stm32f10x_tim.o(i.TIM_OC1Init)
    i.TIM_OC1PreloadConfig                   0x0800289c   Section        0  stm32f10x_tim.o(i.TIM_OC1PreloadConfig)
    i.TIM_OC2Init                            0x080028b0   Section        0  stm32f10x_tim.o(i.TIM_OC2Init)
    i.TIM_OC2PreloadConfig                   0x08002954   Section        0  stm32f10x_tim.o(i.TIM_OC2PreloadConfig)
    i.TIM_OC3Init                            0x08002970   Section        0  stm32f10x_tim.o(i.TIM_OC3Init)
    i.TIM_OC3PreloadConfig                   0x08002a10   Section        0  stm32f10x_tim.o(i.TIM_OC3PreloadConfig)
    i.TIM_OC4Init                            0x08002a24   Section        0  stm32f10x_tim.o(i.TIM_OC4Init)
    i.TIM_OC4PreloadConfig                   0x08002aa0   Section        0  stm32f10x_tim.o(i.TIM_OC4PreloadConfig)
    i.TIM_SetCompare2                        0x08002aba   Section        0  stm32f10x_tim.o(i.TIM_SetCompare2)
    i.TIM_SetCompare3                        0x08002abe   Section        0  stm32f10x_tim.o(i.TIM_SetCompare3)
    i.TIM_SetCompare4                        0x08002ac2   Section        0  stm32f10x_tim.o(i.TIM_SetCompare4)
    i.TIM_SetCounter                         0x08002ac8   Section        0  stm32f10x_tim.o(i.TIM_SetCounter)
    i.TIM_SetIC1Prescaler                    0x08002acc   Section        0  stm32f10x_tim.o(i.TIM_SetIC1Prescaler)
    i.TIM_SetIC2Prescaler                    0x08002ade   Section        0  stm32f10x_tim.o(i.TIM_SetIC2Prescaler)
    i.TIM_SetIC3Prescaler                    0x08002af8   Section        0  stm32f10x_tim.o(i.TIM_SetIC3Prescaler)
    i.TIM_SetIC4Prescaler                    0x08002b0a   Section        0  stm32f10x_tim.o(i.TIM_SetIC4Prescaler)
    i.TIM_TimeBaseInit                       0x08002b24   Section        0  stm32f10x_tim.o(i.TIM_TimeBaseInit)
    i.TIM_TimeBaseStructInit                 0x08002bc8   Section        0  stm32f10x_tim.o(i.TIM_TimeBaseStructInit)
    i.TimingDelay_Decrement                  0x08002bdc   Section        0  delay.o(i.TimingDelay_Decrement)
    i.UART4_IRQHandler                       0x08002bf4   Section        0  laser.o(i.UART4_IRQHandler)
    i.USART3_IRQHandler                      0x08002d80   Section        0  imu.o(i.USART3_IRQHandler)
    i.USART_ClearFlag                        0x0800301c   Section        0  stm32f10x_usart.o(i.USART_ClearFlag)
    i.USART_ClearITPendingBit                0x0800302e   Section        0  stm32f10x_usart.o(i.USART_ClearITPendingBit)
    i.USART_Cmd                              0x0800304c   Section        0  stm32f10x_usart.o(i.USART_Cmd)
    i.USART_DMACmd                           0x08003064   Section        0  stm32f10x_usart.o(i.USART_DMACmd)
    i.USART_GPIO_Config                      0x08003078   Section        0  usart.o(i.USART_GPIO_Config)
    i.USART_GetFlagStatus                    0x080030bc   Section        0  stm32f10x_usart.o(i.USART_GetFlagStatus)
    i.USART_GetITStatus                      0x080030d6   Section        0  stm32f10x_usart.o(i.USART_GetITStatus)
    i.USART_ITConfig                         0x0800312a   Section        0  stm32f10x_usart.o(i.USART_ITConfig)
    i.USART_Init                             0x08003174   Section        0  stm32f10x_usart.o(i.USART_Init)
    i.USART_ReceiveData                      0x0800324c   Section        0  stm32f10x_usart.o(i.USART_ReceiveData)
    i.UsageFault_Handler                     0x08003256   Section        0  stm32f10x_it.o(i.UsageFault_Handler)
    i.Usart_Config                           0x0800325c   Section        0  usart.o(i.Usart_Config)
    i.V1_pid_init                            0x080032a0   Section        0  pid_cal_tim6.o(i.V1_pid_init)
    i.V2_pid_init                            0x080032c0   Section        0  pid_cal_tim6.o(i.V2_pid_init)
    i.V3_pid_init                            0x080032e0   Section        0  pid_cal_tim6.o(i.V3_pid_init)
    i.__ARM_fpclassify                       0x08003300   Section        0  fpclassify.o(i.__ARM_fpclassify)
    i.__aeabi_errno_addr                     0x08003328   Section        0  errno.o(i.__aeabi_errno_addr)
    i.__ieee754_rem_pio2                     0x08003330   Section        0  rred.o(i.__ieee754_rem_pio2)
    i.__kernel_cos                           0x080036b8   Section        0  cos_i.o(i.__kernel_cos)
    i.__kernel_poly                          0x080037b4   Section        0  poly.o(i.__kernel_poly)
    i.__kernel_sin                           0x08003860   Section        0  sin_i.o(i.__kernel_sin)
    i.__mathlib_dbl_infnan                   0x0800394c   Section        0  dunder.o(i.__mathlib_dbl_infnan)
    i.__mathlib_dbl_invalid                  0x08003952   Section        0  dunder.o(i.__mathlib_dbl_invalid)
    i.__mathlib_dbl_underflow                0x08003960   Section        0  dunder.o(i.__mathlib_dbl_underflow)
    i.__scatterload_copy                     0x08003970   Section       14  handlers.o(i.__scatterload_copy)
    i.__scatterload_null                     0x0800397e   Section        2  handlers.o(i.__scatterload_null)
    i.__scatterload_zeroinit                 0x08003980   Section       14  handlers.o(i.__scatterload_zeroinit)
    i.__set_errno                            0x08003990   Section        0  errno.o(i.__set_errno)
    i.cos                                    0x0800399c   Section        0  cos.o(i.cos)
    i.fuzzy                                  0x08003a38   Section        0  fuzzypid.o(i.fuzzy)
    i.main                                   0x0800404c   Section        0  main.o(i.main)
    i.myabs                                  0x080040d4   Section        0  movement.o(i.myabs)
    i.sin                                    0x080040e4   Section        0  sin.o(i.sin)
    i.speed_limit                            0x08004184   Section        0  motordrive.o(i.speed_limit)
    i.speed_pid                              0x080041b4   Section        0  fuzzypid.o(i.speed_pid)
    i.uart4_init                             0x08004390   Section        0  laser.o(i.uart4_init)
    .constdata                               0x0800441c   Section      588  fuzzypid.o(.constdata)
    fuzzyRuleKp                              0x0800441c   Data         196  fuzzypid.o(.constdata)
    fuzzyRuleKi                              0x080044e0   Data         196  fuzzypid.o(.constdata)
    fuzzyRuleKd                              0x080045a4   Data         196  fuzzypid.o(.constdata)
    .constdata                               0x08004668   Section       48  cos_i.o(.constdata)
    C                                        0x08004668   Data          48  cos_i.o(.constdata)
    .constdata                               0x08004698   Section      200  rred.o(.constdata)
    pio2s                                    0x08004698   Data          48  rred.o(.constdata)
    twooverpi                                0x080046c8   Data         152  rred.o(.constdata)
    .constdata                               0x08004760   Section       40  sin_i.o(.constdata)
    S                                        0x08004760   Data          40  sin_i.o(.constdata)
    .constdata                               0x08004788   Section      129  ctype_o.o(.constdata)
    .constdata                               0x0800480c   Section        4  ctype_o.o(.constdata)
    table                                    0x0800480c   Data           4  ctype_o.o(.constdata)
    .data                                    0x20000000   Section       16  main.o(.data)
    .data                                    0x20000010   Section        4  delay.o(.data)
    TimingDelay                              0x20000010   Data           4  delay.o(.data)
    .data                                    0x20000014   Section      272  pid_cal_tim6.o(.data)
    increase_angle                           0x20000114   Data           4  pid_cal_tim6.o(.data)
    angle_sum                                0x20000118   Data           4  pid_cal_tim6.o(.data)
    angle_last                               0x2000011c   Data           4  pid_cal_tim6.o(.data)
    sum_init                                 0x20000120   Data           4  pid_cal_tim6.o(.data)
    .data                                    0x20000124   Section       20  movement.o(.data)
    Max_speed                                0x20000130   Data           4  movement.o(.data)
    Con_Speed_rate                           0x20000134   Data           4  movement.o(.data)
    .data                                    0x20000138   Section       20  imu.o(.data)
    .data                                    0x2000014c   Section      152  laser.o(.data)
    .data                                    0x200001e4   Section       20  system_stm32f10x.o(.data)
    .data                                    0x200001f8   Section       20  stm32f10x_rcc.o(.data)
    APBAHBPrescTable                         0x200001f8   Data          16  stm32f10x_rcc.o(.data)
    ADCPrescTable                            0x20000208   Data           4  stm32f10x_rcc.o(.data)
    .data                                    0x2000020c   Section        4  errno.o(.data)
    _errno                                   0x2000020c   Data           4  errno.o(.data)
    .bss                                     0x20000210   Section       92  rece.o(.bss)
    .bss                                     0x2000026c   Section      248  imu.o(.bss)
    .bss                                     0x20000364   Section      154  laser.o(.bss)
    STACK                                    0x20000400   Section     1024  startup_stm32f10x_hd.o(STACK)

    Global Symbols

    Symbol Name                              Value     Ov Type        Size  Object(Section)

    BuildAttributes$$THM_ISAv4$P$D$K$B$S$PE$A:L22UL41UL21$X:L11$S22US41US21$IEEE1$IW$USESV6$~STKCKD$USESV7$~SHL$OTIME$ROPI$IEEEX$EBA8$MICROLIB$REQ8$PRES8$EABIv2 0x00000000   Number         0  anon$$obj.o ABSOLUTE
    __ARM_use_no_argv                        0x00000000   Number         0  main.o ABSOLUTE
    __cpp_initialize__aeabi_                  - Undefined Weak Reference
    __cxa_finalize                            - Undefined Weak Reference
    _clock_init                               - Undefined Weak Reference
    _microlib_exit                            - Undefined Weak Reference
    __Vectors_Size                           0x00000130   Number         0  startup_stm32f10x_hd.o ABSOLUTE
    __Vectors                                0x08000000   Data           4  startup_stm32f10x_hd.o(RESET)
    __Vectors_End                            0x08000130   Data           0  startup_stm32f10x_hd.o(RESET)
    __main                                   0x08000131   Thumb Code     0  entry.o(.ARM.Collect$$$$00000000)
    _main_stk                                0x08000131   Thumb Code     0  entry2.o(.ARM.Collect$$$$00000001)
    _main_scatterload                        0x08000135   Thumb Code     0  entry5.o(.ARM.Collect$$$$00000004)
    __main_after_scatterload                 0x08000139   Thumb Code     0  entry5.o(.ARM.Collect$$$$00000004)
    _main_clock                              0x08000139   Thumb Code     0  entry7b.o(.ARM.Collect$$$$00000008)
    _main_cpp_init                           0x08000139   Thumb Code     0  entry8b.o(.ARM.Collect$$$$0000000A)
    _main_init                               0x08000139   Thumb Code     0  entry9a.o(.ARM.Collect$$$$0000000B)
    __rt_final_cpp                           0x08000141   Thumb Code     0  entry10a.o(.ARM.Collect$$$$0000000D)
    __rt_final_exit                          0x08000141   Thumb Code     0  entry11a.o(.ARM.Collect$$$$0000000F)
    Reset_Handler                            0x08000145   Thumb Code     8  startup_stm32f10x_hd.o(.text)
    ADC1_2_IRQHandler                        0x0800015f   Thumb Code     0  startup_stm32f10x_hd.o(.text)
    ADC3_IRQHandler                          0x0800015f   Thumb Code     0  startup_stm32f10x_hd.o(.text)
    CAN1_RX1_IRQHandler                      0x0800015f   Thumb Code     0  startup_stm32f10x_hd.o(.text)
    CAN1_SCE_IRQHandler                      0x0800015f   Thumb Code     0  startup_stm32f10x_hd.o(.text)
    DMA1_Channel1_IRQHandler                 0x0800015f   Thumb Code     0  startup_stm32f10x_hd.o(.text)
    DMA1_Channel2_IRQHandler                 0x0800015f   Thumb Code     0  startup_stm32f10x_hd.o(.text)
    DMA1_Channel3_IRQHandler                 0x0800015f   Thumb Code     0  startup_stm32f10x_hd.o(.text)
    DMA1_Channel4_IRQHandler                 0x0800015f   Thumb Code     0  startup_stm32f10x_hd.o(.text)
    DMA1_Channel5_IRQHandler                 0x0800015f   Thumb Code     0  startup_stm32f10x_hd.o(.text)
    DMA1_Channel7_IRQHandler                 0x0800015f   Thumb Code     0  startup_stm32f10x_hd.o(.text)
    DMA2_Channel1_IRQHandler                 0x0800015f   Thumb Code     0  startup_stm32f10x_hd.o(.text)
    DMA2_Channel2_IRQHandler                 0x0800015f   Thumb Code     0  startup_stm32f10x_hd.o(.text)
    DMA2_Channel3_IRQHandler                 0x0800015f   Thumb Code     0  startup_stm32f10x_hd.o(.text)
    DMA2_Channel4_5_IRQHandler               0x0800015f   Thumb Code     0  startup_stm32f10x_hd.o(.text)
    EXTI0_IRQHandler                         0x0800015f   Thumb Code     0  startup_stm32f10x_hd.o(.text)
    EXTI15_10_IRQHandler                     0x0800015f   Thumb Code     0  startup_stm32f10x_hd.o(.text)
    EXTI1_IRQHandler                         0x0800015f   Thumb Code     0  startup_stm32f10x_hd.o(.text)
    EXTI2_IRQHandler                         0x0800015f   Thumb Code     0  startup_stm32f10x_hd.o(.text)
    EXTI3_IRQHandler                         0x0800015f   Thumb Code     0  startup_stm32f10x_hd.o(.text)
    EXTI4_IRQHandler                         0x0800015f   Thumb Code     0  startup_stm32f10x_hd.o(.text)
    EXTI9_5_IRQHandler                       0x0800015f   Thumb Code     0  startup_stm32f10x_hd.o(.text)
    FLASH_IRQHandler                         0x0800015f   Thumb Code     0  startup_stm32f10x_hd.o(.text)
    FSMC_IRQHandler                          0x0800015f   Thumb Code     0  startup_stm32f10x_hd.o(.text)
    I2C1_ER_IRQHandler                       0x0800015f   Thumb Code     0  startup_stm32f10x_hd.o(.text)
    I2C1_EV_IRQHandler                       0x0800015f   Thumb Code     0  startup_stm32f10x_hd.o(.text)
    I2C2_ER_IRQHandler                       0x0800015f   Thumb Code     0  startup_stm32f10x_hd.o(.text)
    I2C2_EV_IRQHandler                       0x0800015f   Thumb Code     0  startup_stm32f10x_hd.o(.text)
    PVD_IRQHandler                           0x0800015f   Thumb Code     0  startup_stm32f10x_hd.o(.text)
    RCC_IRQHandler                           0x0800015f   Thumb Code     0  startup_stm32f10x_hd.o(.text)
    RTCAlarm_IRQHandler                      0x0800015f   Thumb Code     0  startup_stm32f10x_hd.o(.text)
    RTC_IRQHandler                           0x0800015f   Thumb Code     0  startup_stm32f10x_hd.o(.text)
    SDIO_IRQHandler                          0x0800015f   Thumb Code     0  startup_stm32f10x_hd.o(.text)
    SPI1_IRQHandler                          0x0800015f   Thumb Code     0  startup_stm32f10x_hd.o(.text)
    SPI2_IRQHandler                          0x0800015f   Thumb Code     0  startup_stm32f10x_hd.o(.text)
    SPI3_IRQHandler                          0x0800015f   Thumb Code     0  startup_stm32f10x_hd.o(.text)
    TAMPER_IRQHandler                        0x0800015f   Thumb Code     0  startup_stm32f10x_hd.o(.text)
    TIM1_BRK_IRQHandler                      0x0800015f   Thumb Code     0  startup_stm32f10x_hd.o(.text)
    TIM1_CC_IRQHandler                       0x0800015f   Thumb Code     0  startup_stm32f10x_hd.o(.text)
    TIM1_TRG_COM_IRQHandler                  0x0800015f   Thumb Code     0  startup_stm32f10x_hd.o(.text)
    TIM1_UP_IRQHandler                       0x0800015f   Thumb Code     0  startup_stm32f10x_hd.o(.text)
    TIM3_IRQHandler                          0x0800015f   Thumb Code     0  startup_stm32f10x_hd.o(.text)
    TIM5_IRQHandler                          0x0800015f   Thumb Code     0  startup_stm32f10x_hd.o(.text)
    TIM7_IRQHandler                          0x0800015f   Thumb Code     0  startup_stm32f10x_hd.o(.text)
    TIM8_BRK_IRQHandler                      0x0800015f   Thumb Code     0  startup_stm32f10x_hd.o(.text)
    TIM8_CC_IRQHandler                       0x0800015f   Thumb Code     0  startup_stm32f10x_hd.o(.text)
    TIM8_TRG_COM_IRQHandler                  0x0800015f   Thumb Code     0  startup_stm32f10x_hd.o(.text)
    TIM8_UP_IRQHandler                       0x0800015f   Thumb Code     0  startup_stm32f10x_hd.o(.text)
    UART5_IRQHandler                         0x0800015f   Thumb Code     0  startup_stm32f10x_hd.o(.text)
    USART1_IRQHandler                        0x0800015f   Thumb Code     0  startup_stm32f10x_hd.o(.text)
    USART2_IRQHandler                        0x0800015f   Thumb Code     0  startup_stm32f10x_hd.o(.text)
    USBWakeUp_IRQHandler                     0x0800015f   Thumb Code     0  startup_stm32f10x_hd.o(.text)
    USB_HP_CAN1_TX_IRQHandler                0x0800015f   Thumb Code     0  startup_stm32f10x_hd.o(.text)
    USB_LP_CAN1_RX0_IRQHandler               0x0800015f   Thumb Code     0  startup_stm32f10x_hd.o(.text)
    WWDG_IRQHandler                          0x0800015f   Thumb Code     0  startup_stm32f10x_hd.o(.text)
    __aeabi_memcpy                           0x08000169   Thumb Code    36  memcpya.o(.text)
    __aeabi_memcpy4                          0x08000169   Thumb Code     0  memcpya.o(.text)
    __aeabi_memcpy8                          0x08000169   Thumb Code     0  memcpya.o(.text)
    __aeabi_memset                           0x0800018d   Thumb Code    14  memseta.o(.text)
    __aeabi_memset4                          0x0800018d   Thumb Code     0  memseta.o(.text)
    __aeabi_memset8                          0x0800018d   Thumb Code     0  memseta.o(.text)
    __aeabi_memclr                           0x0800019b   Thumb Code     4  memseta.o(.text)
    __aeabi_memclr4                          0x0800019b   Thumb Code     0  memseta.o(.text)
    __aeabi_memclr8                          0x0800019b   Thumb Code     0  memseta.o(.text)
    _memset$wrapper                          0x0800019f   Thumb Code    18  memseta.o(.text)
    atoi                                     0x080001b1   Thumb Code    26  atoi.o(.text)
    __aeabi_fadd                             0x080001cb   Thumb Code   164  fadd.o(.text)
    __aeabi_fsub                             0x0800026f   Thumb Code     6  fadd.o(.text)
    __aeabi_frsub                            0x08000275   Thumb Code     6  fadd.o(.text)
    __aeabi_fmul                             0x0800027b   Thumb Code   100  fmul.o(.text)
    __aeabi_fdiv                             0x080002df   Thumb Code   124  fdiv.o(.text)
    __aeabi_dadd                             0x0800035b   Thumb Code   322  dadd.o(.text)
    __aeabi_dsub                             0x0800049d   Thumb Code     6  dadd.o(.text)
    __aeabi_drsub                            0x080004a3   Thumb Code     6  dadd.o(.text)
    __aeabi_dmul                             0x080004a9   Thumb Code   228  dmul.o(.text)
    __aeabi_ddiv                             0x0800058d   Thumb Code   222  ddiv.o(.text)
    __aeabi_i2f                              0x0800066b   Thumb Code    18  fflti.o(.text)
    __aeabi_i2d                              0x0800067d   Thumb Code    34  dflti.o(.text)
    __aeabi_f2iz                             0x0800069f   Thumb Code    50  ffixi.o(.text)
    __aeabi_d2iz                             0x080006d1   Thumb Code    62  dfixi.o(.text)
    __aeabi_f2d                              0x0800070f   Thumb Code    38  f2d.o(.text)
    __aeabi_cdcmpeq                          0x08000735   Thumb Code     0  cdcmple.o(.text)
    __aeabi_cdcmple                          0x08000735   Thumb Code    48  cdcmple.o(.text)
    __aeabi_cdrcmple                         0x08000765   Thumb Code    48  cdrcmple.o(.text)
    __aeabi_d2f                              0x08000795   Thumb Code    56  d2f.o(.text)
    __aeabi_cfcmpeq                          0x080007cd   Thumb Code     0  cfcmple.o(.text)
    __aeabi_cfcmple                          0x080007cd   Thumb Code    20  cfcmple.o(.text)
    __aeabi_cfrcmple                         0x080007e1   Thumb Code    20  cfrcmple.o(.text)
    __aeabi_llsl                             0x080007f5   Thumb Code    30  llshl.o(.text)
    _ll_shift_l                              0x080007f5   Thumb Code     0  llshl.o(.text)
    __aeabi_llsr                             0x08000813   Thumb Code    32  llushr.o(.text)
    _ll_ushift_r                             0x08000813   Thumb Code     0  llushr.o(.text)
    __aeabi_lasr                             0x08000833   Thumb Code    36  llsshr.o(.text)
    _ll_sshift_r                             0x08000833   Thumb Code     0  llsshr.o(.text)
    strtol                                   0x08000857   Thumb Code   112  strtol.o(.text)
    __I$use$fp                               0x080008c7   Thumb Code     0  iusefp.o(.text)
    _float_round                             0x080008c7   Thumb Code    18  fepilogue.o(.text)
    _float_epilogue                          0x080008d9   Thumb Code    92  fepilogue.o(.text)
    _double_round                            0x08000935   Thumb Code    30  depilogue.o(.text)
    _double_epilogue                         0x08000953   Thumb Code   156  depilogue.o(.text)
    __scatterload                            0x080009f1   Thumb Code    28  init.o(.text)
    __scatterload_rt2                        0x080009f1   Thumb Code     0  init.o(.text)
    __rt_ctype_table                         0x08000a15   Thumb Code     4  ctype_o.o(.text)
    _strtoul                                 0x08000a1d   Thumb Code   158  _strtoul.o(.text)
    __ARM_scalbn                             0x08000abb   Thumb Code    46  dscalb.o(.text)
    scalbn                                   0x08000abb   Thumb Code     0  dscalb.o(.text)
    __aeabi_ui2d                             0x08000ae9   Thumb Code    26  dfltui.o(.text)
    _chval                                   0x08000b03   Thumb Code    28  _chval.o(.text)
    __decompress                             0x08000b1f   Thumb Code     0  __dczerorl2.o(.text)
    __decompress1                            0x08000b1f   Thumb Code    86  __dczerorl2.o(.text)
    BusFault_Handler                         0x08000b75   Thumb Code     4  stm32f10x_it.o(i.BusFault_Handler)
    DMA1_Channel6_IRQHandler                 0x08000b79   Thumb Code   280  rece.o(i.DMA1_Channel6_IRQHandler)
    DMA_ClearFlag                            0x08000c99   Thumb Code    18  stm32f10x_dma.o(i.DMA_ClearFlag)
    DMA_Cmd                                  0x08000cb5   Thumb Code    24  stm32f10x_dma.o(i.DMA_Cmd)
    DMA_DeInit                               0x08000ccd   Thumb Code   324  stm32f10x_dma.o(i.DMA_DeInit)
    DMA_GetFlagStatus                        0x08000e19   Thumb Code    36  stm32f10x_dma.o(i.DMA_GetFlagStatus)
    DMA_ITConfig                             0x08000e45   Thumb Code    18  stm32f10x_dma.o(i.DMA_ITConfig)
    DMA_Init                                 0x08000e57   Thumb Code    60  stm32f10x_dma.o(i.DMA_Init)
    DebugMon_Handler                         0x08000e93   Thumb Code     2  stm32f10x_it.o(i.DebugMon_Handler)
    Delay_Init                               0x08000e95   Thumb Code    84  delay.o(i.Delay_Init)
    Delay_ms                                 0x08000ef5   Thumb Code    16  delay.o(i.Delay_ms)
    Encoder_Init_TIM2                        0x08000f09   Thumb Code   192  encoder.o(i.Encoder_Init_TIM2)
    Encoder_Init_TIM3                        0x08000fd5   Thumb Code   148  encoder.o(i.Encoder_Init_TIM3)
    Encoder_Init_TIM4                        0x08001071   Thumb Code   148  encoder.o(i.Encoder_Init_TIM4)
    Encoder_Init_TIM5                        0x0800110d   Thumb Code   148  encoder.o(i.Encoder_Init_TIM5)
    FindPosi                                 0x080011a9   Thumb Code    92  laser.o(i.FindPosi)
    GPIO_Configuration                       0x08001219   Thumb Code    66  motordrive.o(i.GPIO_Configuration)
    GPIO_Init                                0x08001265   Thumb Code   278  stm32f10x_gpio.o(i.GPIO_Init)
    GPIO_PinRemapConfig                      0x0800137d   Thumb Code   138  stm32f10x_gpio.o(i.GPIO_PinRemapConfig)
    GPIO_ReadInputDataBit                    0x0800140d   Thumb Code    18  stm32f10x_gpio.o(i.GPIO_ReadInputDataBit)
    GPIO_ResetBits                           0x0800141f   Thumb Code     4  stm32f10x_gpio.o(i.GPIO_ResetBits)
    GPIO_SetBits                             0x08001423   Thumb Code     4  stm32f10x_gpio.o(i.GPIO_SetBits)
    HardFault_Handler                        0x08001427   Thumb Code     4  stm32f10x_it.o(i.HardFault_Handler)
    IMU_Init                                 0x0800142d   Thumb Code   130  imu.o(i.IMU_Init)
    KEY_Init                                 0x080014b9   Thumb Code    38  key.o(i.KEY_Init)
    KEY_Scan                                 0x080014e5   Thumb Code    50  key.o(i.KEY_Scan)
    LED_Init                                 0x0800151d   Thumb Code    68  led.o(i.LED_Init)
    Max_one                                  0x08001565   Thumb Code    40  movement.o(i.Max_one)
    MemManage_Handler                        0x0800158d   Thumb Code     4  stm32f10x_it.o(i.MemManage_Handler)
    Motor_go                                 0x08001591   Thumb Code   344  motordrive.o(i.Motor_go)
    MovingSpeed                              0x080016f1   Thumb Code   774  movement.o(i.MovingSpeed)
    MyAbs                                    0x08001a1d   Thumb Code    24  fuzzypid.o(i.MyAbs)
    NMI_Handler                              0x08001a35   Thumb Code     2  stm32f10x_it.o(i.NMI_Handler)
    NVIC_Configuration                       0x08001a39   Thumb Code   162  rece.o(i.NVIC_Configuration)
    NVIC_Init                                0x08001ae5   Thumb Code   100  misc.o(i.NVIC_Init)
    NVIC_PriorityGroupConfig                 0x08001b55   Thumb Code    10  misc.o(i.NVIC_PriorityGroupConfig)
    PendSV_Handler                           0x08001b69   Thumb Code     2  stm32f10x_it.o(i.PendSV_Handler)
    RCC_AHBPeriphClockCmd                    0x08001b6d   Thumb Code    26  stm32f10x_rcc.o(i.RCC_AHBPeriphClockCmd)
    RCC_APB1PeriphClockCmd                   0x08001b8d   Thumb Code    26  stm32f10x_rcc.o(i.RCC_APB1PeriphClockCmd)
    RCC_APB2PeriphClockCmd                   0x08001bad   Thumb Code    26  stm32f10x_rcc.o(i.RCC_APB2PeriphClockCmd)
    RCC_GetClocksFreq                        0x08001bcd   Thumb Code   192  stm32f10x_rcc.o(i.RCC_GetClocksFreq)
    RC_Init                                  0x08001ca1   Thumb Code   228  rece.o(i.RC_Init)
    ResetArray                               0x08001d99   Thumb Code     6  laser.o(i.ResetArray)
    SVC_Handler                              0x08001d9f   Thumb Code     2  stm32f10x_it.o(i.SVC_Handler)
    SendCmd                                  0x08001da1   Thumb Code   232  sendcmd.o(i.SendCmd)
    SendCmd_Configuration                    0x08001e91   Thumb Code    86  sendcmd.o(i.SendCmd_Configuration)
    SysTick_Handler                          0x08001fdd   Thumb Code     8  stm32f10x_it.o(i.SysTick_Handler)
    SystemInit                               0x08001fe5   Thumb Code    78  system_stm32f10x.o(i.SystemInit)
    TIM2_IRQHandler                          0x08002285   Thumb Code    24  encoder.o(i.TIM2_IRQHandler)
    TIM4_IRQHandler                          0x0800229d   Thumb Code    18  encoder.o(i.TIM4_IRQHandler)
    TIM6_IRQHandler                          0x080022b5   Thumb Code   502  pid_cal_tim6.o(i.TIM6_IRQHandler)
    TIM6_Int_Init                            0x08002521   Thumb Code    90  timer.o(i.TIM6_Int_Init)
    TIM8_PWM_Init                            0x08002581   Thumb Code   258  motordrive.o(i.TIM8_PWM_Init)
    TIM_ClearFlag                            0x0800268d   Thumb Code     6  stm32f10x_tim.o(i.TIM_ClearFlag)
    TIM_ClearITPendingBit                    0x08002693   Thumb Code     6  stm32f10x_tim.o(i.TIM_ClearITPendingBit)
    TIM_Cmd                                  0x08002699   Thumb Code    24  stm32f10x_tim.o(i.TIM_Cmd)
    TIM_CtrlPWMOutputs                       0x080026b1   Thumb Code    30  stm32f10x_tim.o(i.TIM_CtrlPWMOutputs)
    TIM_EncoderInterfaceConfig               0x080026cf   Thumb Code    66  stm32f10x_tim.o(i.TIM_EncoderInterfaceConfig)
    TIM_GetITStatus                          0x08002711   Thumb Code    34  stm32f10x_tim.o(i.TIM_GetITStatus)
    TIM_ICInit                               0x08002735   Thumb Code   150  stm32f10x_tim.o(i.TIM_ICInit)
    TIM_ICStructInit                         0x080027e1   Thumb Code    18  stm32f10x_tim.o(i.TIM_ICStructInit)
    TIM_ITConfig                             0x080027f3   Thumb Code    18  stm32f10x_tim.o(i.TIM_ITConfig)
    TIM_OC1Init                              0x08002805   Thumb Code   132  stm32f10x_tim.o(i.TIM_OC1Init)
    TIM_OC1PreloadConfig                     0x0800289d   Thumb Code    18  stm32f10x_tim.o(i.TIM_OC1PreloadConfig)
    TIM_OC2Init                              0x080028b1   Thumb Code   154  stm32f10x_tim.o(i.TIM_OC2Init)
    TIM_OC2PreloadConfig                     0x08002955   Thumb Code    26  stm32f10x_tim.o(i.TIM_OC2PreloadConfig)
    TIM_OC3Init                              0x08002971   Thumb Code   150  stm32f10x_tim.o(i.TIM_OC3Init)
    TIM_OC3PreloadConfig                     0x08002a11   Thumb Code    18  stm32f10x_tim.o(i.TIM_OC3PreloadConfig)
    TIM_OC4Init                              0x08002a25   Thumb Code   114  stm32f10x_tim.o(i.TIM_OC4Init)
    TIM_OC4PreloadConfig                     0x08002aa1   Thumb Code    26  stm32f10x_tim.o(i.TIM_OC4PreloadConfig)
    TIM_SetCompare2                          0x08002abb   Thumb Code     4  stm32f10x_tim.o(i.TIM_SetCompare2)
    TIM_SetCompare3                          0x08002abf   Thumb Code     4  stm32f10x_tim.o(i.TIM_SetCompare3)
    TIM_SetCompare4                          0x08002ac3   Thumb Code     6  stm32f10x_tim.o(i.TIM_SetCompare4)
    TIM_SetCounter                           0x08002ac9   Thumb Code     4  stm32f10x_tim.o(i.TIM_SetCounter)
    TIM_SetIC1Prescaler                      0x08002acd   Thumb Code    18  stm32f10x_tim.o(i.TIM_SetIC1Prescaler)
    TIM_SetIC2Prescaler                      0x08002adf   Thumb Code    26  stm32f10x_tim.o(i.TIM_SetIC2Prescaler)
    TIM_SetIC3Prescaler                      0x08002af9   Thumb Code    18  stm32f10x_tim.o(i.TIM_SetIC3Prescaler)
    TIM_SetIC4Prescaler                      0x08002b0b   Thumb Code    26  stm32f10x_tim.o(i.TIM_SetIC4Prescaler)
    TIM_TimeBaseInit                         0x08002b25   Thumb Code   122  stm32f10x_tim.o(i.TIM_TimeBaseInit)
    TIM_TimeBaseStructInit                   0x08002bc9   Thumb Code    18  stm32f10x_tim.o(i.TIM_TimeBaseStructInit)
    TimingDelay_Decrement                    0x08002bdd   Thumb Code    18  delay.o(i.TimingDelay_Decrement)
    UART4_IRQHandler                         0x08002bf5   Thumb Code   326  laser.o(i.UART4_IRQHandler)
    USART3_IRQHandler                        0x08002d81   Thumb Code   620  imu.o(i.USART3_IRQHandler)
    USART_ClearFlag                          0x0800301d   Thumb Code    18  stm32f10x_usart.o(i.USART_ClearFlag)
    USART_ClearITPendingBit                  0x0800302f   Thumb Code    30  stm32f10x_usart.o(i.USART_ClearITPendingBit)
    USART_Cmd                                0x0800304d   Thumb Code    24  stm32f10x_usart.o(i.USART_Cmd)
    USART_DMACmd                             0x08003065   Thumb Code    18  stm32f10x_usart.o(i.USART_DMACmd)
    USART_GPIO_Config                        0x08003079   Thumb Code    62  usart.o(i.USART_GPIO_Config)
    USART_GetFlagStatus                      0x080030bd   Thumb Code    26  stm32f10x_usart.o(i.USART_GetFlagStatus)
    USART_GetITStatus                        0x080030d7   Thumb Code    84  stm32f10x_usart.o(i.USART_GetITStatus)
    USART_ITConfig                           0x0800312b   Thumb Code    74  stm32f10x_usart.o(i.USART_ITConfig)
    USART_Init                               0x08003175   Thumb Code   210  stm32f10x_usart.o(i.USART_Init)
    USART_ReceiveData                        0x0800324d   Thumb Code    10  stm32f10x_usart.o(i.USART_ReceiveData)
    UsageFault_Handler                       0x08003257   Thumb Code     4  stm32f10x_it.o(i.UsageFault_Handler)
    Usart_Config                             0x0800325d   Thumb Code    64  usart.o(i.Usart_Config)
    V1_pid_init                              0x080032a1   Thumb Code    26  pid_cal_tim6.o(i.V1_pid_init)
    V2_pid_init                              0x080032c1   Thumb Code    26  pid_cal_tim6.o(i.V2_pid_init)
    V3_pid_init                              0x080032e1   Thumb Code    26  pid_cal_tim6.o(i.V3_pid_init)
    __ARM_fpclassify                         0x08003301   Thumb Code    40  fpclassify.o(i.__ARM_fpclassify)
    __aeabi_errno_addr                       0x08003329   Thumb Code     4  errno.o(i.__aeabi_errno_addr)
    __rt_errno_addr                          0x08003329   Thumb Code     0  errno.o(i.__aeabi_errno_addr)
    __ieee754_rem_pio2                       0x08003331   Thumb Code   828  rred.o(i.__ieee754_rem_pio2)
    __kernel_cos                             0x080036b9   Thumb Code   230  cos_i.o(i.__kernel_cos)
    __kernel_poly                            0x080037b5   Thumb Code   170  poly.o(i.__kernel_poly)
    __kernel_sin                             0x08003861   Thumb Code   224  sin_i.o(i.__kernel_sin)
    __mathlib_dbl_infnan                     0x0800394d   Thumb Code     6  dunder.o(i.__mathlib_dbl_infnan)
    __mathlib_dbl_invalid                    0x08003953   Thumb Code    12  dunder.o(i.__mathlib_dbl_invalid)
    __mathlib_dbl_underflow                  0x08003961   Thumb Code    10  dunder.o(i.__mathlib_dbl_underflow)
    __scatterload_copy                       0x08003971   Thumb Code    14  handlers.o(i.__scatterload_copy)
    __scatterload_null                       0x0800397f   Thumb Code     2  handlers.o(i.__scatterload_null)
    __scatterload_zeroinit                   0x08003981   Thumb Code    14  handlers.o(i.__scatterload_zeroinit)
    __set_errno                              0x08003991   Thumb Code     6  errno.o(i.__set_errno)
    cos                                      0x0800399d   Thumb Code   148  cos.o(i.cos)
    fuzzy                                    0x08003a39   Thumb Code  1544  fuzzypid.o(i.fuzzy)
    main                                     0x0800404d   Thumb Code   130  main.o(i.main)
    myabs                                    0x080040d5   Thumb Code    14  movement.o(i.myabs)
    sin                                      0x080040e5   Thumb Code   150  sin.o(i.sin)
    speed_limit                              0x08004185   Thumb Code    46  motordrive.o(i.speed_limit)
    speed_pid                                0x080041b5   Thumb Code   468  fuzzypid.o(i.speed_pid)
    uart4_init                               0x08004391   Thumb Code   130  laser.o(i.uart4_init)
    __ctype_table                            0x08004788   Data         129  ctype_o.o(.constdata)
    Region$$Table$$Base                      0x08004810   Number         0  anon$$obj.o(Region$$Table)
    Region$$Table$$Limit                     0x08004830   Number         0  anon$$obj.o(Region$$Table)
    Encoder_1                                0x20000000   Data           4  main.o(.data)
    Encoder_2                                0x20000004   Data           4  main.o(.data)
    Encoder_3                                0x20000008   Data           4  main.o(.data)
    Encoder_4                                0x2000000c   Data           4  main.o(.data)
    V1_pid                                   0x20000014   Data          80  pid_cal_tim6.o(.data)
    V2_pid                                   0x20000064   Data          80  pid_cal_tim6.o(.data)
    V3_pid                                   0x200000b4   Data          80  pid_cal_tim6.o(.data)
    V1_output                                0x20000104   Data           4  pid_cal_tim6.o(.data)
    V2_output                                0x20000108   Data           4  pid_cal_tim6.o(.data)
    V3_output                                0x2000010c   Data           4  pid_cal_tim6.o(.data)
    angle_rate                               0x20000110   Data           4  pid_cal_tim6.o(.data)
    V1_cal                                   0x20000124   Data           4  movement.o(.data)
    V2_cal                                   0x20000128   Data           4  movement.o(.data)
    V3_cal                                   0x2000012c   Data           4  movement.o(.data)
    USART3_RX_STA                            0x20000138   Data           2  imu.o(.data)
    angle_x                                  0x2000013c   Data           4  imu.o(.data)
    angle_y                                  0x20000140   Data           4  imu.o(.data)
    angle_z                                  0x20000144   Data           4  imu.o(.data)
    IMU_inner_times                          0x20000148   Data           4  imu.o(.data)
    Servo_y                                  0x2000014c   Data           3  laser.o(.data)
    numbit_y                                 0x20000150   Data           4  laser.o(.data)
    num_int_y                                0x20000154   Data           4  laser.o(.data)
    temp_rece                                0x20000158   Data           4  laser.o(.data)
    Servo_x                                  0x2000015c   Data           6  laser.o(.data)
    numbit_x                                 0x20000164   Data           4  laser.o(.data)
    num_int_x                                0x20000168   Data           4  laser.o(.data)
    Cam_numbit                               0x2000016c   Data           4  laser.o(.data)
    Cam_times                                0x20000170   Data           4  laser.o(.data)
    Cam_num_int                              0x20000174   Data           4  laser.o(.data)
    Last_times                               0x20000178   Data           4  laser.o(.data)
    Cam_times_dp                             0x2000017c   Data           4  laser.o(.data)
    Rece_EN                                  0x20000180   Data           4  laser.o(.data)
    Comma_bit                                0x20000184   Data           4  laser.o(.data)
    Semi_bit                                 0x20000188   Data           4  laser.o(.data)
    W_speed_char                             0x2000018c   Data           4  laser.o(.data)
    Servo_angle_char                         0x20000190   Data           4  laser.o(.data)
    Catcher_char                             0x20000194   Data           1  laser.o(.data)
    W_speed_int                              0x20000198   Data           4  laser.o(.data)
    Servo_angle_int                          0x2000019c   Data           4  laser.o(.data)
    Semi_rate                                0x200001a0   Data           4  laser.o(.data)
    i_last                                   0x200001a4   Data           4  laser.o(.data)
    Comma_times                              0x200001a8   Data           4  laser.o(.data)
    Last_comma_bit                           0x200001ac   Data           4  laser.o(.data)
    Last_comma_times                         0x200001b0   Data           4  laser.o(.data)
    Temp_count                               0x200001b4   Data           4  laser.o(.data)
    Rece_count                               0x200001b8   Data           4  laser.o(.data)
    Reset_state                              0x200001bc   Data           4  laser.o(.data)
    Posi_count                               0x200001c0   Data           4  laser.o(.data)
    Comma_posi                               0x200001c4   Data           4  laser.o(.data)
    Analy_state                              0x200001c8   Data           4  laser.o(.data)
    dis_1                                    0x200001cc   Data           4  laser.o(.data)
    dis_2                                    0x200001d0   Data           4  laser.o(.data)
    dis_3                                    0x200001d4   Data           4  laser.o(.data)
    dis_4                                    0x200001d8   Data           4  laser.o(.data)
    sum                                      0x200001dc   Data           4  laser.o(.data)
    Catcher_state                            0x200001e0   Data           4  laser.o(.data)
    SystemCoreClock                          0x200001e4   Data           4  system_stm32f10x.o(.data)
    AHBPrescTable                            0x200001e8   Data          16  system_stm32f10x.o(.data)
    DMA_InitStructure                        0x20000210   Data          44  rece.o(.bss)
    dr16_rbuff                               0x2000023c   Data          25  rece.o(.bss)
    SBUS_Ch                                  0x20000256   Data          22  rece.o(.bss)
    USART3_RX_BUF                            0x2000026c   Data         200  imu.o(.bss)
    gyro                                     0x20000334   Data          48  imu.o(.bss)
    Cam_rec                                  0x20000364   Data          20  laser.o(.bss)
    Return_servo                             0x20000378   Data          12  laser.o(.bss)
    Rece_array                               0x20000384   Data          30  laser.o(.bss)
    Rece_data_int                            0x200003a4   Data          40  laser.o(.bss)
    Posi_array                               0x200003cc   Data          40  laser.o(.bss)
    Temp_int                                 0x200003f4   Data          10  laser.o(.bss)
    __initial_sp                             0x20000800   Data           0  startup_stm32f10x_hd.o(STACK)



==============================================================================

Memory Map of the image

  Image Entry point : 0x08000131

  Load Region LR_IROM1 (Base: 0x08000000, Size: 0x00004a40, Max: 0x00080000, ABSOLUTE, COMPRESSED[0x00004860])

    Execution Region ER_IROM1 (Exec base: 0x08000000, Load base: 0x08000000, Size: 0x00004830, Max: 0x00080000, ABSOLUTE)

    Exec Addr    Load Addr    Size         Type   Attr      Idx    E Section Name        Object

    0x08000000   0x08000000   0x00000130   Data   RO          714    RESET               startup_stm32f10x_hd.o
    0x08000130   0x08000130   0x00000000   Code   RO         3737  * .ARM.Collect$$$$00000000  mc_w.l(entry.o)
    0x08000130   0x08000130   0x00000004   Code   RO         3808    .ARM.Collect$$$$00000001  mc_w.l(entry2.o)
    0x08000134   0x08000134   0x00000004   Code   RO         3811    .ARM.Collect$$$$00000004  mc_w.l(entry5.o)
    0x08000138   0x08000138   0x00000000   Code   RO         3813    .ARM.Collect$$$$00000008  mc_w.l(entry7b.o)
    0x08000138   0x08000138   0x00000000   Code   RO         3815    .ARM.Collect$$$$0000000A  mc_w.l(entry8b.o)
    0x08000138   0x08000138   0x00000008   Code   RO         3816    .ARM.Collect$$$$0000000B  mc_w.l(entry9a.o)
    0x08000140   0x08000140   0x00000000   Code   RO         3818    .ARM.Collect$$$$0000000D  mc_w.l(entry10a.o)
    0x08000140   0x08000140   0x00000000   Code   RO         3820    .ARM.Collect$$$$0000000F  mc_w.l(entry11a.o)
    0x08000140   0x08000140   0x00000004   Code   RO         3809    .ARM.Collect$$$$00002712  mc_w.l(entry2.o)
    0x08000144   0x08000144   0x00000024   Code   RO          715    .text               startup_stm32f10x_hd.o
    0x08000168   0x08000168   0x00000024   Code   RO         3740    .text               mc_w.l(memcpya.o)
    0x0800018c   0x0800018c   0x00000024   Code   RO         3742    .text               mc_w.l(memseta.o)
    0x080001b0   0x080001b0   0x0000001a   Code   RO         3746    .text               mc_w.l(atoi.o)
    0x080001ca   0x080001ca   0x000000b0   Code   RO         3748    .text               mf_w.l(fadd.o)
    0x0800027a   0x0800027a   0x00000064   Code   RO         3750    .text               mf_w.l(fmul.o)
    0x080002de   0x080002de   0x0000007c   Code   RO         3752    .text               mf_w.l(fdiv.o)
    0x0800035a   0x0800035a   0x0000014e   Code   RO         3754    .text               mf_w.l(dadd.o)
    0x080004a8   0x080004a8   0x000000e4   Code   RO         3756    .text               mf_w.l(dmul.o)
    0x0800058c   0x0800058c   0x000000de   Code   RO         3758    .text               mf_w.l(ddiv.o)
    0x0800066a   0x0800066a   0x00000012   Code   RO         3760    .text               mf_w.l(fflti.o)
    0x0800067c   0x0800067c   0x00000022   Code   RO         3762    .text               mf_w.l(dflti.o)
    0x0800069e   0x0800069e   0x00000032   Code   RO         3764    .text               mf_w.l(ffixi.o)
    0x080006d0   0x080006d0   0x0000003e   Code   RO         3766    .text               mf_w.l(dfixi.o)
    0x0800070e   0x0800070e   0x00000026   Code   RO         3768    .text               mf_w.l(f2d.o)
    0x08000734   0x08000734   0x00000030   Code   RO         3770    .text               mf_w.l(cdcmple.o)
    0x08000764   0x08000764   0x00000030   Code   RO         3772    .text               mf_w.l(cdrcmple.o)
    0x08000794   0x08000794   0x00000038   Code   RO         3774    .text               mf_w.l(d2f.o)
    0x080007cc   0x080007cc   0x00000014   Code   RO         3776    .text               mf_w.l(cfcmple.o)
    0x080007e0   0x080007e0   0x00000014   Code   RO         3778    .text               mf_w.l(cfrcmple.o)
    0x080007f4   0x080007f4   0x0000001e   Code   RO         3822    .text               mc_w.l(llshl.o)
    0x08000812   0x08000812   0x00000020   Code   RO         3824    .text               mc_w.l(llushr.o)
    0x08000832   0x08000832   0x00000024   Code   RO         3826    .text               mc_w.l(llsshr.o)
    0x08000856   0x08000856   0x00000070   Code   RO         3835    .text               mc_w.l(strtol.o)
    0x080008c6   0x080008c6   0x00000000   Code   RO         3837    .text               mc_w.l(iusefp.o)
    0x080008c6   0x080008c6   0x0000006e   Code   RO         3838    .text               mf_w.l(fepilogue.o)
    0x08000934   0x08000934   0x000000ba   Code   RO         3840    .text               mf_w.l(depilogue.o)
    0x080009ee   0x080009ee   0x00000002   PAD
    0x080009f0   0x080009f0   0x00000024   Code   RO         3846    .text               mc_w.l(init.o)
    0x08000a14   0x08000a14   0x00000008   Code   RO         3848    .text               mc_w.l(ctype_o.o)
    0x08000a1c   0x08000a1c   0x0000009e   Code   RO         3876    .text               mc_w.l(_strtoul.o)
    0x08000aba   0x08000aba   0x0000002e   Code   RO         3878    .text               mf_w.l(dscalb.o)
    0x08000ae8   0x08000ae8   0x0000001a   Code   RO         3880    .text               mf_w.l(dfltui.o)
    0x08000b02   0x08000b02   0x0000001c   Code   RO         3882    .text               mc_w.l(_chval.o)
    0x08000b1e   0x08000b1e   0x00000056   Code   RO         3892    .text               mc_w.l(__dczerorl2.o)
    0x08000b74   0x08000b74   0x00000004   Code   RO          168    i.BusFault_Handler  stm32f10x_it.o
    0x08000b78   0x08000b78   0x00000120   Code   RO          597    i.DMA1_Channel6_IRQHandler  rece.o
    0x08000c98   0x08000c98   0x0000001c   Code   RO         1973    i.DMA_ClearFlag     stm32f10x_dma.o
    0x08000cb4   0x08000cb4   0x00000018   Code   RO         1975    i.DMA_Cmd           stm32f10x_dma.o
    0x08000ccc   0x08000ccc   0x0000014c   Code   RO         1976    i.DMA_DeInit        stm32f10x_dma.o
    0x08000e18   0x08000e18   0x0000002c   Code   RO         1978    i.DMA_GetFlagStatus  stm32f10x_dma.o
    0x08000e44   0x08000e44   0x00000012   Code   RO         1980    i.DMA_ITConfig      stm32f10x_dma.o
    0x08000e56   0x08000e56   0x0000003c   Code   RO         1981    i.DMA_Init          stm32f10x_dma.o
    0x08000e92   0x08000e92   0x00000002   Code   RO          169    i.DebugMon_Handler  stm32f10x_it.o
    0x08000e94   0x08000e94   0x00000060   Code   RO          314    i.Delay_Init        delay.o
    0x08000ef4   0x08000ef4   0x00000014   Code   RO          315    i.Delay_ms          delay.o
    0x08000f08   0x08000f08   0x000000cc   Code   RO          402    i.Encoder_Init_TIM2  encoder.o
    0x08000fd4   0x08000fd4   0x0000009c   Code   RO          403    i.Encoder_Init_TIM3  encoder.o
    0x08001070   0x08001070   0x0000009c   Code   RO          404    i.Encoder_Init_TIM4  encoder.o
    0x0800110c   0x0800110c   0x0000009c   Code   RO          405    i.Encoder_Init_TIM5  encoder.o
    0x080011a8   0x080011a8   0x00000070   Code   RO          657    i.FindPosi          laser.o
    0x08001218   0x08001218   0x0000004c   Code   RO          498    i.GPIO_Configuration  motordrive.o
    0x08001264   0x08001264   0x00000116   Code   RO          796    i.GPIO_Init         stm32f10x_gpio.o
    0x0800137a   0x0800137a   0x00000002   PAD
    0x0800137c   0x0800137c   0x00000090   Code   RO          798    i.GPIO_PinRemapConfig  stm32f10x_gpio.o
    0x0800140c   0x0800140c   0x00000012   Code   RO          800    i.GPIO_ReadInputDataBit  stm32f10x_gpio.o
    0x0800141e   0x0800141e   0x00000004   Code   RO          803    i.GPIO_ResetBits    stm32f10x_gpio.o
    0x08001422   0x08001422   0x00000004   Code   RO          804    i.GPIO_SetBits      stm32f10x_gpio.o
    0x08001426   0x08001426   0x00000004   Code   RO          170    i.HardFault_Handler  stm32f10x_it.o
    0x0800142a   0x0800142a   0x00000002   PAD
    0x0800142c   0x0800142c   0x0000008c   Code   RO          632    i.IMU_Init          imu.o
    0x080014b8   0x080014b8   0x0000002c   Code   RO          348    i.KEY_Init          key.o
    0x080014e4   0x080014e4   0x00000038   Code   RO          349    i.KEY_Scan          key.o
    0x0800151c   0x0800151c   0x00000048   Code   RO          366    i.LED_Init          led.o
    0x08001564   0x08001564   0x00000028   Code   RO          567    i.Max_one           movement.o
    0x0800158c   0x0800158c   0x00000004   Code   RO          171    i.MemManage_Handler  stm32f10x_it.o
    0x08001590   0x08001590   0x00000160   Code   RO          499    i.Motor_go          motordrive.o
    0x080016f0   0x080016f0   0x0000032c   Code   RO          568    i.MovingSpeed       movement.o
    0x08001a1c   0x08001a1c   0x00000018   Code   RO          528    i.MyAbs             fuzzypid.o
    0x08001a34   0x08001a34   0x00000002   Code   RO          172    i.NMI_Handler       stm32f10x_it.o
    0x08001a36   0x08001a36   0x00000002   PAD
    0x08001a38   0x08001a38   0x000000ac   Code   RO          598    i.NVIC_Configuration  rece.o
    0x08001ae4   0x08001ae4   0x00000070   Code   RO          754    i.NVIC_Init         misc.o
    0x08001b54   0x08001b54   0x00000014   Code   RO          755    i.NVIC_PriorityGroupConfig  misc.o
    0x08001b68   0x08001b68   0x00000002   Code   RO          173    i.PendSV_Handler    stm32f10x_it.o
    0x08001b6a   0x08001b6a   0x00000002   PAD
    0x08001b6c   0x08001b6c   0x00000020   Code   RO          905    i.RCC_AHBPeriphClockCmd  stm32f10x_rcc.o
    0x08001b8c   0x08001b8c   0x00000020   Code   RO          906    i.RCC_APB1PeriphClockCmd  stm32f10x_rcc.o
    0x08001bac   0x08001bac   0x00000020   Code   RO          908    i.RCC_APB2PeriphClockCmd  stm32f10x_rcc.o
    0x08001bcc   0x08001bcc   0x000000d4   Code   RO          916    i.RCC_GetClocksFreq  stm32f10x_rcc.o
    0x08001ca0   0x08001ca0   0x000000f8   Code   RO          599    i.RC_Init           rece.o
    0x08001d98   0x08001d98   0x00000006   Code   RO          658    i.ResetArray        laser.o
    0x08001d9e   0x08001d9e   0x00000002   Code   RO          174    i.SVC_Handler       stm32f10x_it.o
    0x08001da0   0x08001da0   0x000000f0   Code   RO          694    i.SendCmd           sendcmd.o
    0x08001e90   0x08001e90   0x00000064   Code   RO          695    i.SendCmd_Configuration  sendcmd.o
    0x08001ef4   0x08001ef4   0x00000008   Code   RO          720    i.SetSysClock       system_stm32f10x.o
    0x08001efc   0x08001efc   0x000000e0   Code   RO          721    i.SetSysClockTo72   system_stm32f10x.o
    0x08001fdc   0x08001fdc   0x00000008   Code   RO          175    i.SysTick_Handler   stm32f10x_it.o
    0x08001fe4   0x08001fe4   0x00000060   Code   RO          723    i.SystemInit        system_stm32f10x.o
    0x08002044   0x08002044   0x00000080   Code   RO         3119    i.TI1_Config        stm32f10x_tim.o
    0x080020c4   0x080020c4   0x00000098   Code   RO         3120    i.TI2_Config        stm32f10x_tim.o
    0x0800215c   0x0800215c   0x00000090   Code   RO         3121    i.TI3_Config        stm32f10x_tim.o
    0x080021ec   0x080021ec   0x00000098   Code   RO         3122    i.TI4_Config        stm32f10x_tim.o
    0x08002284   0x08002284   0x00000018   Code   RO          407    i.TIM2_IRQHandler   encoder.o
    0x0800229c   0x0800229c   0x00000018   Code   RO          408    i.TIM4_IRQHandler   encoder.o
    0x080022b4   0x080022b4   0x0000026c   Code   RO          450    i.TIM6_IRQHandler   pid_cal_tim6.o
    0x08002520   0x08002520   0x00000060   Code   RO          486    i.TIM6_Int_Init     timer.o
    0x08002580   0x08002580   0x0000010c   Code   RO          500    i.TIM8_PWM_Init     motordrive.o
    0x0800268c   0x0800268c   0x00000006   Code   RO         3129    i.TIM_ClearFlag     stm32f10x_tim.o
    0x08002692   0x08002692   0x00000006   Code   RO         3130    i.TIM_ClearITPendingBit  stm32f10x_tim.o
    0x08002698   0x08002698   0x00000018   Code   RO         3135    i.TIM_Cmd           stm32f10x_tim.o
    0x080026b0   0x080026b0   0x0000001e   Code   RO         3137    i.TIM_CtrlPWMOutputs  stm32f10x_tim.o
    0x080026ce   0x080026ce   0x00000042   Code   RO         3144    i.TIM_EncoderInterfaceConfig  stm32f10x_tim.o
    0x08002710   0x08002710   0x00000022   Code   RO         3156    i.TIM_GetITStatus   stm32f10x_tim.o
    0x08002732   0x08002732   0x00000002   PAD
    0x08002734   0x08002734   0x000000ac   Code   RO         3158    i.TIM_ICInit        stm32f10x_tim.o
    0x080027e0   0x080027e0   0x00000012   Code   RO         3159    i.TIM_ICStructInit  stm32f10x_tim.o
    0x080027f2   0x080027f2   0x00000012   Code   RO         3160    i.TIM_ITConfig      stm32f10x_tim.o
    0x08002804   0x08002804   0x00000098   Code   RO         3164    i.TIM_OC1Init       stm32f10x_tim.o
    0x0800289c   0x0800289c   0x00000012   Code   RO         3167    i.TIM_OC1PreloadConfig  stm32f10x_tim.o
    0x080028ae   0x080028ae   0x00000002   PAD
    0x080028b0   0x080028b0   0x000000a4   Code   RO         3169    i.TIM_OC2Init       stm32f10x_tim.o
    0x08002954   0x08002954   0x0000001a   Code   RO         3172    i.TIM_OC2PreloadConfig  stm32f10x_tim.o
    0x0800296e   0x0800296e   0x00000002   PAD
    0x08002970   0x08002970   0x000000a0   Code   RO         3174    i.TIM_OC3Init       stm32f10x_tim.o
    0x08002a10   0x08002a10   0x00000012   Code   RO         3177    i.TIM_OC3PreloadConfig  stm32f10x_tim.o
    0x08002a22   0x08002a22   0x00000002   PAD
    0x08002a24   0x08002a24   0x0000007c   Code   RO         3179    i.TIM_OC4Init       stm32f10x_tim.o
    0x08002aa0   0x08002aa0   0x0000001a   Code   RO         3181    i.TIM_OC4PreloadConfig  stm32f10x_tim.o
    0x08002aba   0x08002aba   0x00000004   Code   RO         3197    i.TIM_SetCompare2   stm32f10x_tim.o
    0x08002abe   0x08002abe   0x00000004   Code   RO         3198    i.TIM_SetCompare3   stm32f10x_tim.o
    0x08002ac2   0x08002ac2   0x00000006   Code   RO         3199    i.TIM_SetCompare4   stm32f10x_tim.o
    0x08002ac8   0x08002ac8   0x00000004   Code   RO         3200    i.TIM_SetCounter    stm32f10x_tim.o
    0x08002acc   0x08002acc   0x00000012   Code   RO         3201    i.TIM_SetIC1Prescaler  stm32f10x_tim.o
    0x08002ade   0x08002ade   0x0000001a   Code   RO         3202    i.TIM_SetIC2Prescaler  stm32f10x_tim.o
    0x08002af8   0x08002af8   0x00000012   Code   RO         3203    i.TIM_SetIC3Prescaler  stm32f10x_tim.o
    0x08002b0a   0x08002b0a   0x0000001a   Code   RO         3204    i.TIM_SetIC4Prescaler  stm32f10x_tim.o
    0x08002b24   0x08002b24   0x000000a4   Code   RO         3206    i.TIM_TimeBaseInit  stm32f10x_tim.o
    0x08002bc8   0x08002bc8   0x00000012   Code   RO         3207    i.TIM_TimeBaseStructInit  stm32f10x_tim.o
    0x08002bda   0x08002bda   0x00000002   PAD
    0x08002bdc   0x08002bdc   0x00000018   Code   RO          316    i.TimingDelay_Decrement  delay.o
    0x08002bf4   0x08002bf4   0x0000018c   Code   RO          659    i.UART4_IRQHandler  laser.o
    0x08002d80   0x08002d80   0x0000029c   Code   RO          633    i.USART3_IRQHandler  imu.o
    0x0800301c   0x0800301c   0x00000012   Code   RO         1104    i.USART_ClearFlag   stm32f10x_usart.o
    0x0800302e   0x0800302e   0x0000001e   Code   RO         1105    i.USART_ClearITPendingBit  stm32f10x_usart.o
    0x0800304c   0x0800304c   0x00000018   Code   RO         1108    i.USART_Cmd         stm32f10x_usart.o
    0x08003064   0x08003064   0x00000012   Code   RO         1109    i.USART_DMACmd      stm32f10x_usart.o
    0x08003076   0x08003076   0x00000002   PAD
    0x08003078   0x08003078   0x00000044   Code   RO          378    i.USART_GPIO_Config  usart.o
    0x080030bc   0x080030bc   0x0000001a   Code   RO         1111    i.USART_GetFlagStatus  stm32f10x_usart.o
    0x080030d6   0x080030d6   0x00000054   Code   RO         1112    i.USART_GetITStatus  stm32f10x_usart.o
    0x0800312a   0x0800312a   0x0000004a   Code   RO         1114    i.USART_ITConfig    stm32f10x_usart.o
    0x08003174   0x08003174   0x000000d8   Code   RO         1115    i.USART_Init        stm32f10x_usart.o
    0x0800324c   0x0800324c   0x0000000a   Code   RO         1122    i.USART_ReceiveData  stm32f10x_usart.o
    0x08003256   0x08003256   0x00000004   Code   RO          176    i.UsageFault_Handler  stm32f10x_it.o
    0x0800325a   0x0800325a   0x00000002   PAD
    0x0800325c   0x0800325c   0x00000044   Code   RO          379    i.Usart_Config      usart.o
    0x080032a0   0x080032a0   0x00000020   Code   RO          451    i.V1_pid_init       pid_cal_tim6.o
    0x080032c0   0x080032c0   0x00000020   Code   RO          452    i.V2_pid_init       pid_cal_tim6.o
    0x080032e0   0x080032e0   0x00000020   Code   RO          453    i.V3_pid_init       pid_cal_tim6.o
    0x08003300   0x08003300   0x00000028   Code   RO         3842    i.__ARM_fpclassify  m_ws.l(fpclassify.o)
    0x08003328   0x08003328   0x00000008   Code   RO         3828    i.__aeabi_errno_addr  mc_w.l(errno.o)
    0x08003330   0x08003330   0x00000388   Code   RO         3797    i.__ieee754_rem_pio2  m_ws.l(rred.o)
    0x080036b8   0x080036b8   0x000000fc   Code   RO         3780    i.__kernel_cos      m_ws.l(cos_i.o)
    0x080037b4   0x080037b4   0x000000aa   Code   RO         3844    i.__kernel_poly     m_ws.l(poly.o)
    0x0800385e   0x0800385e   0x00000002   PAD
    0x08003860   0x08003860   0x000000ec   Code   RO         3802    i.__kernel_sin      m_ws.l(sin_i.o)
    0x0800394c   0x0800394c   0x00000006   Code   RO         3784    i.__mathlib_dbl_infnan  m_ws.l(dunder.o)
    0x08003952   0x08003952   0x0000000c   Code   RO         3786    i.__mathlib_dbl_invalid  m_ws.l(dunder.o)
    0x0800395e   0x0800395e   0x00000002   PAD
    0x08003960   0x08003960   0x00000010   Code   RO         3789    i.__mathlib_dbl_underflow  m_ws.l(dunder.o)
    0x08003970   0x08003970   0x0000000e   Code   RO         3886    i.__scatterload_copy  mc_w.l(handlers.o)
    0x0800397e   0x0800397e   0x00000002   Code   RO         3887    i.__scatterload_null  mc_w.l(handlers.o)
    0x08003980   0x08003980   0x0000000e   Code   RO         3888    i.__scatterload_zeroinit  mc_w.l(handlers.o)
    0x0800398e   0x0800398e   0x00000002   PAD
    0x08003990   0x08003990   0x0000000c   Code   RO         3830    i.__set_errno       mc_w.l(errno.o)
    0x0800399c   0x0800399c   0x0000009c   Code   RO         3722    i.cos               m_ws.l(cos.o)
    0x08003a38   0x08003a38   0x00000614   Code   RO          530    i.fuzzy             fuzzypid.o
    0x0800404c   0x0800404c   0x00000088   Code   RO            1    i.main              main.o
    0x080040d4   0x080040d4   0x0000000e   Code   RO          569    i.myabs             movement.o
    0x080040e2   0x080040e2   0x00000002   PAD
    0x080040e4   0x080040e4   0x000000a0   Code   RO         3730    i.sin               m_ws.l(sin.o)
    0x08004184   0x08004184   0x0000002e   Code   RO          501    i.speed_limit       motordrive.o
    0x080041b2   0x080041b2   0x00000002   PAD
    0x080041b4   0x080041b4   0x000001dc   Code   RO          532    i.speed_pid         fuzzypid.o
    0x08004390   0x08004390   0x0000008c   Code   RO          660    i.uart4_init        laser.o
    0x0800441c   0x0800441c   0x0000024c   Data   RO          533    .constdata          fuzzypid.o
    0x08004668   0x08004668   0x00000030   Data   RO         3781    .constdata          m_ws.l(cos_i.o)
    0x08004698   0x08004698   0x000000c8   Data   RO         3799    .constdata          m_ws.l(rred.o)
    0x08004760   0x08004760   0x00000028   Data   RO         3803    .constdata          m_ws.l(sin_i.o)
    0x08004788   0x08004788   0x00000081   Data   RO         3849    .constdata          mc_w.l(ctype_o.o)
    0x08004809   0x08004809   0x00000003   PAD
    0x0800480c   0x0800480c   0x00000004   Data   RO         3850    .constdata          mc_w.l(ctype_o.o)
    0x08004810   0x08004810   0x00000020   Data   RO         3884    Region$$Table       anon$$obj.o


    Execution Region RW_IRAM1 (Exec base: 0x20000000, Load base: 0x08004830, Size: 0x00000800, Max: 0x00010000, ABSOLUTE, COMPRESSED[0x00000030])

    Exec Addr    Load Addr    Size         Type   Attr      Idx    E Section Name        Object

    0x20000000   COMPRESSED   0x00000010   Data   RW            2    .data               main.o
    0x20000010   COMPRESSED   0x00000004   Data   RW          317    .data               delay.o
    0x20000014   COMPRESSED   0x00000110   Data   RW          454    .data               pid_cal_tim6.o
    0x20000124   COMPRESSED   0x00000014   Data   RW          570    .data               movement.o
    0x20000138   COMPRESSED   0x00000014   Data   RW          635    .data               imu.o
    0x2000014c   COMPRESSED   0x00000098   Data   RW          662    .data               laser.o
    0x200001e4   COMPRESSED   0x00000014   Data   RW          724    .data               system_stm32f10x.o
    0x200001f8   COMPRESSED   0x00000014   Data   RW          936    .data               stm32f10x_rcc.o
    0x2000020c   COMPRESSED   0x00000004   Data   RW         3831    .data               mc_w.l(errno.o)
    0x20000210        -       0x0000005c   Zero   RW          600    .bss                rece.o
    0x2000026c        -       0x000000f8   Zero   RW          634    .bss                imu.o
    0x20000364        -       0x0000009a   Zero   RW          661    .bss                laser.o
    0x200003fe   COMPRESSED   0x00000002   PAD
    0x20000400        -       0x00000400   Zero   RW          712    STACK               startup_stm32f10x_hd.o


==============================================================================

Image component sizes


      Code (inc. data)   RO Data    RW Data    ZI Data      Debug   Object Name

       140         22          0          4          0      17235   delay.o
       720         42          0          0          0       3576   encoder.o
      2056         56        588          0          0       3428   fuzzypid.o
       808         58          0         20        248       2898   imu.o
       100         12          0          0          0       1014   key.o
       654        100          0        152        154       4574   laser.o
        72          4          0          0          0        511   led.o
       136          6          0         16          0     255945   main.o
       132         22          0          0          0       1655   misc.o
       742         28          0          0          0       2722   motordrive.o
       866         38          0         20          0       2223   movement.o
       716        136          0        272          0       2596   pid_cal_tim6.o
       708         38          0          0         92      17977   rece.o
       340         30          0          0          0       1194   sendcmd.o
        36          8        304          0       1024        920   startup_stm32f10x_hd.o
       506         26          0          0          0       5393   stm32f10x_dma.o
       448          6          0          0          0       4718   stm32f10x_gpio.o
        32          0          0          0          0     262550   stm32f10x_it.o
       308         38          0         20          0       5210   stm32f10x_rcc.o
      1926        200          0          0          0      21012   stm32f10x_tim.o
       500          6          0          0          0       7783   stm32f10x_usart.o
       328         28          0         20          0       2545   system_stm32f10x.o
        96          6          0          0          0        660   timer.o
       136         10          0          0          0       1039   usart.o

    ----------------------------------------------------------------------
     12532        920        924        524       1520     629378   Object Totals
         0          0         32          0          0          0   (incl. Generated)
        26          0          0          0          2          0   (incl. Padding)

    ----------------------------------------------------------------------

      Code (inc. data)   RO Data    RW Data    ZI Data      Debug   Library Member Name

       156          8          0          0          0        104   cos.o
       252         22         48          0          0        124   cos_i.o
        34          6          0          0          0        204   dunder.o
        40          0          0          0          0         68   fpclassify.o
       170          0          0          0          0         96   poly.o
       904         76        200          0          0        140   rred.o
       160         10          0          0          0        108   sin.o
       236         12         40          0          0        128   sin_i.o
        86          0          0          0          0          0   __dczerorl2.o
        28          0          0          0          0         68   _chval.o
       158          0          0          0          0         92   _strtoul.o
        26          0          0          0          0         80   atoi.o
         8          4        133          0          0         68   ctype_o.o
         0          0          0          0          0          0   entry.o
         0          0          0          0          0          0   entry10a.o
         0          0          0          0          0          0   entry11a.o
         8          4          0          0          0          0   entry2.o
         4          0          0          0          0          0   entry5.o
         0          0          0          0          0          0   entry7b.o
         0          0          0          0          0          0   entry8b.o
         8          4          0          0          0          0   entry9a.o
        20         10          0          4          0        136   errno.o
        30          0          0          0          0          0   handlers.o
        36          8          0          0          0         68   init.o
         0          0          0          0          0          0   iusefp.o
        30          0          0          0          0         68   llshl.o
        36          0          0          0          0         68   llsshr.o
        32          0          0          0          0         68   llushr.o
        36          0          0          0          0         68   memcpya.o
        36          0          0          0          0        108   memseta.o
       112          0          0          0          0         88   strtol.o
        48          0          0          0          0         68   cdcmple.o
        48          0          0          0          0         68   cdrcmple.o
        20          0          0          0          0         68   cfcmple.o
        20          0          0          0          0         68   cfrcmple.o
        56          0          0          0          0         88   d2f.o
       334          0          0          0          0        148   dadd.o
       222          0          0          0          0        100   ddiv.o
       186          0          0          0          0        176   depilogue.o
        62          0          0          0          0         80   dfixi.o
        34          0          0          0          0         76   dflti.o
        26          0          0          0          0         76   dfltui.o
       228          0          0          0          0         96   dmul.o
        46          0          0          0          0         80   dscalb.o
        38          0          0          0          0         68   f2d.o
       176          0          0          0          0        140   fadd.o
       124          0          0          0          0         88   fdiv.o
       110          0          0          0          0        168   fepilogue.o
        50          0          0          0          0         68   ffixi.o
        18          0          0          0          0         68   fflti.o
       100          0          0          0          0         76   fmul.o

    ----------------------------------------------------------------------
      4600        164        424          4          0       3820   Library Totals
         8          0          3          0          0          0   (incl. Padding)

    ----------------------------------------------------------------------

      Code (inc. data)   RO Data    RW Data    ZI Data      Debug   Library Name

      1952        134        288          0          0        972   m_ws.l
       694         30        133          4          0        980   mc_w.l
      1946          0          0          0          0       1868   mf_w.l

    ----------------------------------------------------------------------
      4600        164        424          4          0       3820   Library Totals

    ----------------------------------------------------------------------

==============================================================================


      Code (inc. data)   RO Data    RW Data    ZI Data      Debug   

     17132       1084       1348        528       1520     625838   Grand Totals
     17132       1084       1348         48       1520     625838   ELF Image Totals (compressed)
     17132       1084       1348         48          0          0   ROM Totals

==============================================================================

    Total RO  Size (Code + RO Data)                18480 (  18.05kB)
    Total RW  Size (RW Data + ZI Data)              2048 (   2.00kB)
    Total ROM Size (Code + RO Data + RW Data)      18528 (  18.09kB)

==============================================================================

